[2026-03-26 12:02:45.550853][UC][I] Logger initialized successfully [67503,67503][__init__.py:48,<module>]
[2026-03-26 12:02:49.552773][UC][I] CPU device is available. [67503,67503][ucm_connector.py:114,__init__]
[2026-03-26 12:02:49.554876][UC][I] Loaded UCM config from /home/w2938/unified-cache-management/test/test_ucm_config.yaml [67503,67503][utils.py:54,load_ucm_config_from_yaml]
[2026-03-26 12:02:49.554936][UC][I] Using UCM with config: {'ucm_connectors': [{'ucm_connector_name': 'UcmNfsStore', 'ucm_connector_config': {'storage_backends': '/home/w2938/model', 'io_direct': False}}]} [67503,67503][utils.py:89,get_config]
[2026-03-26 12:02:49.554971][UC][I] self.launch_config: {'ucm_connectors': [{'ucm_connector_name': 'UcmNfsStore', 'ucm_connector_config': {'storage_backends': '/home/w2938/model', 'io_direct': False}}]} [67503,67503][ucm_connector.py:135,__init__]
[2026-03-26 12:02:49.556403][UC][I] Loaded UCM config from /home/w2938/unified-cache-management/test/test_ucm_config.yaml [67503,67503][utils.py:54,load_ucm_config_from_yaml]
[2026-03-26 12:02:49.556448][UC][I] Using UCM with config: {'ucm_connectors': [{'ucm_connector_name': 'UcmNfsStore', 'ucm_connector_config': {'storage_backends': '/home/w2938/model', 'io_direct': False}}]} [67503,67503][utils.py:89,get_config]
[2026-03-26 12:02:51.859267][UC][I] kv cache shape torch.Size([2, 4681, 8192]) [67503,67503][ucm_connector.py:249,register_kv_caches]
[2026-03-26 12:02:51.859341][UC][I] use mla: False, use dsa: False [67503,67503][ucm_connector.py:259,register_kv_caches]
[2026-03-26 12:02:51.859958][UC][I] create UcmNfsStore with config: {'storage_backends': ['/home/w2938/model/kv'], 'io_direct': False, 'share_buffer_enable': False, 'unique_id': '1cf85718-f4c8-4ed1-b904-b033a21b0f09', 'device_id': 0, 'tensor_size': 16384, 'shard_size': 917504, 'block_size': 917504, 'local_rank_size': 1} [67503,67503][ucm_connector.py:227,_create_store]
[2026-03-26 12:02:51.864105][UC][I] Creating connector with name: UcmNfsStore [67503,67503][factory_v1.py:56,create_connector]
[2026-03-26 12:02:52.758124][UC][I] PcStore-(Release). [67503,67503][pcstore.cc:89,ShowConfig]
[2026-03-26 12:02:52.758170][UC][I] Set UC::StorageBackends to ["/home/w2938/model/kv"]. [67503,67503][pcstore.cc:90,ShowConfig]
[2026-03-26 12:02:52.758181][UC][I] Set UC::BlockSize to 917504. [67503,67503][pcstore.cc:91,ShowConfig]
[2026-03-26 12:02:52.758188][UC][I] Set UC::TransferEnable to true. [67503,67503][pcstore.cc:92,ShowConfig]
[2026-03-26 12:02:52.758192][UC][I] Set UC::UniqueId to 1cf85718-f4c8-4ed1-b904-b033a21b0f09. [67503,67503][pcstore.cc:93,ShowConfig]
[2026-03-26 12:02:52.758200][UC][I] Set UC::IoSize to 16384. [67503,67503][pcstore.cc:94,ShowConfig]
[2026-03-26 12:02:52.758206][UC][I] Set UC::IoDirect to false. [67503,67503][pcstore.cc:95,ShowConfig]
[2026-03-26 12:02:52.758211][UC][I] Set UC::LocalRankSize to 1. [67503,67503][pcstore.cc:96,ShowConfig]
[2026-03-26 12:02:52.758215][UC][I] Set UC::DeviceId to 0. [67503,67503][pcstore.cc:97,ShowConfig]
[2026-03-26 12:02:52.758221][UC][I] Set UC::StreamNumber to 8. [67503,67503][pcstore.cc:98,ShowConfig]
[2026-03-26 12:02:52.758226][UC][I] Set UC::BufferNumber to 4096. [67503,67503][pcstore.cc:99,ShowConfig]
[2026-03-26 12:02:52.758233][UC][I] Set UC::TimeoutMs to 30000. [67503,67503][pcstore.cc:100,ShowConfig]
[2026-03-26 12:02:52.758239][UC][I] Set UC::ScatterGatherEnable to false. [67503,67503][pcstore.cc:101,ShowConfig]
[2026-03-26 12:02:52.758244][UC][I] Set UC::ShardDataDir to true. [67503,67503][pcstore.cc:102,ShowConfig]
[2026-03-26 12:03:00.081099][UC][I] CPU device is available. [67503,67503][ucm_connector.py:114,__init__]
[2026-03-26 12:03:00.083930][UC][I] Loaded UCM config from /home/w2938/unified-cache-management/test/test_ucm_config.yaml [67503,67503][utils.py:54,load_ucm_config_from_yaml]
[2026-03-26 12:03:00.083997][UC][I] Using UCM with config: {'ucm_connectors': [{'ucm_connector_name': 'UcmNfsStore', 'ucm_connector_config': {'storage_backends': '/home/w2938/model', 'io_direct': False}}]} [67503,67503][utils.py:89,get_config]
[2026-03-26 12:03:00.084025][UC][I] self.launch_config: {'ucm_connectors': [{'ucm_connector_name': 'UcmNfsStore', 'ucm_connector_config': {'storage_backends': '/home/w2938/model', 'io_direct': False}}]} [67503,67503][ucm_connector.py:135,__init__]
[2026-03-26 12:03:00.084248][UC][I] create UcmNfsStore with config: {'storage_backends': ['/home/w2938/model/kv'], 'io_direct': False, 'share_buffer_enable': False, 'unique_id': '1cf85718-f4c8-4ed1-b904-b033a21b0f09'} [67503,67503][ucm_connector.py:227,_create_store]
[2026-03-26 12:03:00.084339][UC][I] Creating connector with name: UcmNfsStore [67503,67503][factory_v1.py:56,create_connector]
[2026-03-26 12:03:00.084430][UC][I] PcStore-(Release). [67503,67503][pcstore.cc:89,ShowConfig]
[2026-03-26 12:03:00.084443][UC][I] Set UC::StorageBackends to ["/home/w2938/model/kv"]. [67503,67503][pcstore.cc:90,ShowConfig]
[2026-03-26 12:03:00.084450][UC][I] Set UC::BlockSize to 0. [67503,67503][pcstore.cc:91,ShowConfig]
[2026-03-26 12:03:00.084456][UC][I] Set UC::TransferEnable to false. [67503,67503][pcstore.cc:92,ShowConfig]
[2026-03-26 12:03:00.084462][UC][I] Set UC::UniqueId to 1cf85718-f4c8-4ed1-b904-b033a21b0f09. [67503,67503][pcstore.cc:93,ShowConfig]
[2026-03-26 12:03:00.084469][UC][I] Set UC::IoSize to 262144. [67503,67503][pcstore.cc:94,ShowConfig]
[2026-03-26 12:03:00.084475][UC][I] Set UC::IoDirect to false. [67503,67503][pcstore.cc:95,ShowConfig]
[2026-03-26 12:03:00.084480][UC][I] Set UC::LocalRankSize to 1. [67503,67503][pcstore.cc:96,ShowConfig]
[2026-03-26 12:03:00.084486][UC][I] Set UC::DeviceId to -1. [67503,67503][pcstore.cc:97,ShowConfig]
[2026-03-26 12:03:00.084492][UC][I] Set UC::StreamNumber to 8. [67503,67503][pcstore.cc:98,ShowConfig]
[2026-03-26 12:03:00.084498][UC][I] Set UC::BufferNumber to 4096. [67503,67503][pcstore.cc:99,ShowConfig]
[2026-03-26 12:03:00.084504][UC][I] Set UC::TimeoutMs to 30000. [67503,67503][pcstore.cc:100,ShowConfig]
[2026-03-26 12:03:00.084510][UC][I] Set UC::ScatterGatherEnable to false. [67503,67503][pcstore.cc:101,ShowConfig]
[2026-03-26 12:03:00.084516][UC][I] Set UC::ShardDataDir to true. [67503,67503][pcstore.cc:102,ShowConfig]
[2026-03-26 12:03:00.086021][UC][I] Loaded UCM config from /home/w2938/unified-cache-management/test/test_ucm_config.yaml [67503,67503][utils.py:54,load_ucm_config_from_yaml]
[2026-03-26 12:03:00.086069][UC][I] Using UCM with config: {'ucm_connectors': [{'ucm_connector_name': 'UcmNfsStore', 'ucm_connector_config': {'storage_backends': '/home/w2938/model', 'io_direct': False}}]} [67503,67503][utils.py:89,get_config]
[2026-03-26 12:03:22.799195][UC][I] request_id: chatcmpl-24a7a7c65eb84dac87b51d414bfd6c0a, total_blocks_num: 4, hit hbm: 0, hit external: 4 [67503,67503][ucm_connector.py:326,get_num_new_matched_tokens]
[2026-03-26 12:03:46.769026][UC][I] request_id: chatcmpl-6708a169e88a42a191690d7f7512da0c, total_blocks_num: 14, hit hbm: 1, hit external: 13 [67503,67503][ucm_connector.py:326,get_num_new_matched_tokens]
[2026-03-26 12:03:46.769956][UC][I] request_id: chatcmpl-15380aa189bd4bef82d0f911378ba228, total_blocks_num: 14, hit hbm: 1, hit external: 13 [67503,67503][ucm_connector.py:326,get_num_new_matched_tokens]
[2026-03-26 12:03:46.770541][UC][I] request_id: chatcmpl-a1a911e7f84a4e32ac501f4ab7ae1898, total_blocks_num: 14, hit hbm: 1, hit external: 13 [67503,67503][ucm_connector.py:326,get_num_new_matched_tokens]
[2026-03-26 12:03:46.771099][UC][I] request_id: chatcmpl-7d8bbe9a04924e14ade9328d5cb5431f, total_blocks_num: 14, hit hbm: 1, hit external: 13 [67503,67503][ucm_connector.py:326,get_num_new_matched_tokens]
