[2026-03-19 14:56:32.158928][UC][I] Logger initialized successfully [1087585,1087585][__init__.py:48,<module>]
[2026-03-19 14:56:45.902319][UC][I] CPU device is available. [1087585,1087585][ucm_connector.py:114,__init__]
[2026-03-19 14:56:45.902391][UC][I] Using kv_connector_extra_config from terminal input [1087585,1087585][utils.py:81,_load_config]
[2026-03-19 14:56:45.902427][UC][I] Using UCM with config: {'ucm_connectors': [{'ucm_connector_name': 'UcmPipelineStore', 'ucm_connector_config': {'store_pipeline': 'Posix', 'storage_backends': '/home/w2938/test/ucm_kvcache_perf', 'io_direct': False, 'posix_data_trans_concurrency': 32, 'posix_lookup_concurrency': 32}}]} [1087585,1087585][utils.py:89,get_config]
[2026-03-19 14:56:45.902459][UC][I] self.launch_config: {'ucm_connectors': [{'ucm_connector_name': 'UcmPipelineStore', 'ucm_connector_config': {'store_pipeline': 'Posix', 'storage_backends': '/home/w2938/test/ucm_kvcache_perf', 'io_direct': False, 'posix_data_trans_concurrency': 32, 'posix_lookup_concurrency': 32}}]} [1087585,1087585][ucm_connector.py:135,__init__]
[2026-03-19 14:56:45.902517][UC][I] Using kv_connector_extra_config from terminal input [1087585,1087585][utils.py:81,_load_config]
[2026-03-19 14:56:45.902548][UC][I] Using UCM with config: {'ucm_connectors': [{'ucm_connector_name': 'UcmPipelineStore', 'ucm_connector_config': {'store_pipeline': 'Posix', 'storage_backends': '/home/w2938/test/ucm_kvcache_perf', 'io_direct': False, 'posix_data_trans_concurrency': 32, 'posix_lookup_concurrency': 32}}]} [1087585,1087585][utils.py:89,get_config]
[2026-03-19 14:56:48.216365][UC][I] kv cache shape torch.Size([2, 4681, 8192]) [1087585,1087585][ucm_connector.py:249,register_kv_caches]
[2026-03-19 14:56:48.216450][UC][I] use mla: False, use dsa: False [1087585,1087585][ucm_connector.py:259,register_kv_caches]
[2026-03-19 14:56:48.217154][UC][I] create UcmPipelineStore with config: {'store_pipeline': 'Posix', 'storage_backends': ['/home/w2938/test/ucm_kvcache_perf/kv'], 'io_direct': False, 'posix_data_trans_concurrency': 32, 'posix_lookup_concurrency': 32, 'share_buffer_enable': False, 'unique_id': '47bfa036-3bb5-464b-b860-759d586c6e06', 'device_id': 0, 'tensor_size': 16384, 'shard_size': 917504, 'block_size': 917504, 'local_rank_size': 1} [1087585,1087585][ucm_connector.py:227,_create_store]
[2026-03-19 14:56:48.220514][UC][I] Creating connector with name: UcmPipelineStore [1087585,1087585][factory_v1.py:56,create_connector]
[2026-03-19 14:56:48.314307][UC][I] PosixStore-(Release). [1087585,1087585][posix_store.cc:92,ShowConfig]
[2026-03-19 14:56:48.314346][UC][I] Set PosixStore::StorageBackends to ["/home/w2938/test/ucm_kvcache_perf/kv"]. [1087585,1087585][posix_store.cc:93,ShowConfig]
[2026-03-19 14:56:48.314354][UC][I] Set PosixStore::DeviceId to 0. [1087585,1087585][posix_store.cc:94,ShowConfig]
[2026-03-19 14:56:48.314360][UC][I] Set PosixStore::TensorSize to 16384. [1087585,1087585][posix_store.cc:95,ShowConfig]
[2026-03-19 14:56:48.314365][UC][I] Set PosixStore::ShardSize to 917504. [1087585,1087585][posix_store.cc:96,ShowConfig]
[2026-03-19 14:56:48.314370][UC][I] Set PosixStore::BlockSize to 917504. [1087585,1087585][posix_store.cc:97,ShowConfig]
[2026-03-19 14:56:48.314374][UC][I] Set PosixStore::IoDirect to false. [1087585,1087585][posix_store.cc:98,ShowConfig]
[2026-03-19 14:56:48.314379][UC][I] Set PosixStore::DataTransConcurrency to 32. [1087585,1087585][posix_store.cc:99,ShowConfig]
[2026-03-19 14:56:48.314384][UC][I] Set PosixStore::LookupConcurrency to 32. [1087585,1087585][posix_store.cc:100,ShowConfig]
[2026-03-19 14:56:48.314391][UC][I] Set PosixStore::TimeoutMs to 30000. [1087585,1087585][posix_store.cc:101,ShowConfig]
[2026-03-19 14:56:48.314397][UC][I] Set PosixStore::DataDirShardBytes to 3. [1087585,1087585][posix_store.cc:102,ShowConfig]
[2026-03-19 14:57:13.293784][UC][I] CPU device is available. [1087585,1087585][ucm_connector.py:114,__init__]
[2026-03-19 14:57:13.293825][UC][I] Using kv_connector_extra_config from terminal input [1087585,1087585][utils.py:81,_load_config]
[2026-03-19 14:57:13.293859][UC][I] Using UCM with config: {'ucm_connectors': [{'ucm_connector_name': 'UcmPipelineStore', 'ucm_connector_config': {'store_pipeline': 'Posix', 'storage_backends': '/home/w2938/test/ucm_kvcache_perf', 'io_direct': False, 'posix_data_trans_concurrency': 32, 'posix_lookup_concurrency': 32}}]} [1087585,1087585][utils.py:89,get_config]
[2026-03-19 14:57:13.293926][UC][I] self.launch_config: {'ucm_connectors': [{'ucm_connector_name': 'UcmPipelineStore', 'ucm_connector_config': {'store_pipeline': 'Posix', 'storage_backends': '/home/w2938/test/ucm_kvcache_perf', 'io_direct': False, 'posix_data_trans_concurrency': 32, 'posix_lookup_concurrency': 32}}]} [1087585,1087585][ucm_connector.py:135,__init__]
[2026-03-19 14:57:13.294102][UC][I] create UcmPipelineStore with config: {'store_pipeline': 'Posix', 'storage_backends': ['/home/w2938/test/ucm_kvcache_perf/kv'], 'io_direct': False, 'posix_data_trans_concurrency': 32, 'posix_lookup_concurrency': 32, 'share_buffer_enable': False, 'unique_id': '47bfa036-3bb5-464b-b860-759d586c6e06'} [1087585,1087585][ucm_connector.py:227,_create_store]
[2026-03-19 14:57:13.294146][UC][I] Creating connector with name: UcmPipelineStore [1087585,1087585][factory_v1.py:56,create_connector]
[2026-03-19 14:57:13.304338][UC][I] PosixStore-(Release). [1087585,1087585][posix_store.cc:92,ShowConfig]
[2026-03-19 14:57:13.304374][UC][I] Set PosixStore::StorageBackends to ["/home/w2938/test/ucm_kvcache_perf/kv"]. [1087585,1087585][posix_store.cc:93,ShowConfig]
[2026-03-19 14:57:13.304381][UC][I] Set PosixStore::DeviceId to -1. [1087585,1087585][posix_store.cc:94,ShowConfig]
[2026-03-19 14:57:13.304390][UC][I] Set PosixStore::TensorSize to 0. [1087585,1087585][posix_store.cc:95,ShowConfig]
[2026-03-19 14:57:13.304396][UC][I] Set PosixStore::ShardSize to 0. [1087585,1087585][posix_store.cc:96,ShowConfig]
[2026-03-19 14:57:13.304401][UC][I] Set PosixStore::BlockSize to 0. [1087585,1087585][posix_store.cc:97,ShowConfig]
[2026-03-19 14:57:13.304407][UC][I] Set PosixStore::IoDirect to false. [1087585,1087585][posix_store.cc:98,ShowConfig]
[2026-03-19 14:57:13.304413][UC][I] Set PosixStore::DataTransConcurrency to 32. [1087585,1087585][posix_store.cc:99,ShowConfig]
[2026-03-19 14:57:13.304419][UC][I] Set PosixStore::LookupConcurrency to 32. [1087585,1087585][posix_store.cc:100,ShowConfig]
[2026-03-19 14:57:13.304425][UC][I] Set PosixStore::TimeoutMs to 30000. [1087585,1087585][posix_store.cc:101,ShowConfig]
[2026-03-19 14:57:13.304430][UC][I] Set PosixStore::DataDirShardBytes to 3. [1087585,1087585][posix_store.cc:102,ShowConfig]
[2026-03-19 14:57:13.304531][UC][I] Using kv_connector_extra_config from terminal input [1087585,1087585][utils.py:81,_load_config]
[2026-03-19 14:57:13.304577][UC][I] Using UCM with config: {'ucm_connectors': [{'ucm_connector_name': 'UcmPipelineStore', 'ucm_connector_config': {'store_pipeline': 'Posix', 'storage_backends': '/home/w2938/test/ucm_kvcache_perf', 'io_direct': False, 'posix_data_trans_concurrency': 32, 'posix_lookup_concurrency': 32}}]} [1087585,1087585][utils.py:89,get_config]
