[2026-03-18 13:54:56.774394][UC][I] Logger initialized successfully [983762,983762][__init__.py:48,<module>]
[2026-03-18 13:55:06.504897][UC][I] CPU device is available. [983762,983762][ucm_connector.py:114,__init__]
[2026-03-18 13:55:06.504961][UC][I] Using kv_connector_extra_config from terminal input [983762,983762][utils.py:81,_load_config]
[2026-03-18 13:55:06.505005][UC][I] Using UCM with config: {'ucm_connectors': [{'ucm_connector_name': 'UcmPipelineStore', 'ucm_connector_config': {'store_pipeline': 'Posix', 'storage_backends': '/home/w2938/test/ucm_kvcache_qwen7b', 'io_direct': False, 'posix_data_trans_concurrency': 16, 'posix_lookup_concurrency': 16}}]} [983762,983762][utils.py:89,get_config]
[2026-03-18 13:55:06.505038][UC][I] self.launch_config: {'ucm_connectors': [{'ucm_connector_name': 'UcmPipelineStore', 'ucm_connector_config': {'store_pipeline': 'Posix', 'storage_backends': '/home/w2938/test/ucm_kvcache_qwen7b', 'io_direct': False, 'posix_data_trans_concurrency': 16, 'posix_lookup_concurrency': 16}}]} [983762,983762][ucm_connector.py:135,__init__]
[2026-03-18 13:55:30.683181][UC][I] kv cache shape torch.Size([2, 3415, 4, 128, 128]) [983762,983762][ucm_connector.py:249,register_kv_caches]
[2026-03-18 13:55:30.683272][UC][I] use mla: False, use dsa: False [983762,983762][ucm_connector.py:259,register_kv_caches]
[2026-03-18 13:55:31.881602][UC][I] create UcmPipelineStore with config: {'store_pipeline': 'Posix', 'storage_backends': ['/home/w2938/test/ucm_kvcache_qwen7b/kv'], 'io_direct': False, 'posix_data_trans_concurrency': 16, 'posix_lookup_concurrency': 16, 'share_buffer_enable': False, 'unique_id': '510cbe1b-cf01-4c7f-83f3-41adc4550027', 'device_id': 0, 'tensor_size': 131072, 'shard_size': 7340032, 'block_size': 7340032, 'local_rank_size': 1} [983762,983762][ucm_connector.py:227,_create_store]
[2026-03-18 13:55:33.749181][UC][I] Creating connector with name: UcmPipelineStore [983762,983762][factory_v1.py:56,create_connector]
[2026-03-18 13:55:34.209171][UC][I] PosixStore-(Release). [983762,983762][posix_store.cc:92,ShowConfig]
[2026-03-18 13:55:34.209212][UC][I] Set PosixStore::StorageBackends to ["/home/w2938/test/ucm_kvcache_qwen7b/kv"]. [983762,983762][posix_store.cc:93,ShowConfig]
[2026-03-18 13:55:34.209220][UC][I] Set PosixStore::DeviceId to 0. [983762,983762][posix_store.cc:94,ShowConfig]
[2026-03-18 13:55:34.209226][UC][I] Set PosixStore::TensorSize to 131072. [983762,983762][posix_store.cc:95,ShowConfig]
[2026-03-18 13:55:34.209232][UC][I] Set PosixStore::ShardSize to 7340032. [983762,983762][posix_store.cc:96,ShowConfig]
[2026-03-18 13:55:34.209238][UC][I] Set PosixStore::BlockSize to 7340032. [983762,983762][posix_store.cc:97,ShowConfig]
[2026-03-18 13:55:34.209244][UC][I] Set PosixStore::IoDirect to false. [983762,983762][posix_store.cc:98,ShowConfig]
[2026-03-18 13:55:34.209250][UC][I] Set PosixStore::DataTransConcurrency to 16. [983762,983762][posix_store.cc:99,ShowConfig]
[2026-03-18 13:55:34.209256][UC][I] Set PosixStore::LookupConcurrency to 16. [983762,983762][posix_store.cc:100,ShowConfig]
[2026-03-18 13:55:34.209262][UC][I] Set PosixStore::TimeoutMs to 30000. [983762,983762][posix_store.cc:101,ShowConfig]
[2026-03-18 13:55:34.209267][UC][I] Set PosixStore::DataDirShardBytes to 3. [983762,983762][posix_store.cc:102,ShowConfig]
[2026-03-18 13:56:26.509345][UC][I] CPU device is available. [983762,983762][ucm_connector.py:114,__init__]
[2026-03-18 13:56:26.509386][UC][I] Using kv_connector_extra_config from terminal input [983762,983762][utils.py:81,_load_config]
[2026-03-18 13:56:26.509417][UC][I] Using UCM with config: {'ucm_connectors': [{'ucm_connector_name': 'UcmPipelineStore', 'ucm_connector_config': {'store_pipeline': 'Posix', 'storage_backends': '/home/w2938/test/ucm_kvcache_qwen7b', 'io_direct': False, 'posix_data_trans_concurrency': 16, 'posix_lookup_concurrency': 16}}]} [983762,983762][utils.py:89,get_config]
[2026-03-18 13:56:26.509443][UC][I] self.launch_config: {'ucm_connectors': [{'ucm_connector_name': 'UcmPipelineStore', 'ucm_connector_config': {'store_pipeline': 'Posix', 'storage_backends': '/home/w2938/test/ucm_kvcache_qwen7b', 'io_direct': False, 'posix_data_trans_concurrency': 16, 'posix_lookup_concurrency': 16}}]} [983762,983762][ucm_connector.py:135,__init__]
[2026-03-18 13:56:26.545517][UC][I] create UcmPipelineStore with config: {'store_pipeline': 'Posix', 'storage_backends': ['/home/w2938/test/ucm_kvcache_qwen7b/kv'], 'io_direct': False, 'posix_data_trans_concurrency': 16, 'posix_lookup_concurrency': 16, 'share_buffer_enable': False, 'unique_id': '510cbe1b-cf01-4c7f-83f3-41adc4550027'} [983762,983762][ucm_connector.py:227,_create_store]
[2026-03-18 13:56:26.545573][UC][I] Creating connector with name: UcmPipelineStore [983762,983762][factory_v1.py:56,create_connector]
[2026-03-18 13:56:26.552783][UC][I] PosixStore-(Release). [983762,983762][posix_store.cc:92,ShowConfig]
[2026-03-18 13:56:26.552806][UC][I] Set PosixStore::StorageBackends to ["/home/w2938/test/ucm_kvcache_qwen7b/kv"]. [983762,983762][posix_store.cc:93,ShowConfig]
[2026-03-18 13:56:26.552813][UC][I] Set PosixStore::DeviceId to -1. [983762,983762][posix_store.cc:94,ShowConfig]
[2026-03-18 13:56:26.552819][UC][I] Set PosixStore::TensorSize to 0. [983762,983762][posix_store.cc:95,ShowConfig]
[2026-03-18 13:56:26.552824][UC][I] Set PosixStore::ShardSize to 0. [983762,983762][posix_store.cc:96,ShowConfig]
[2026-03-18 13:56:26.552831][UC][I] Set PosixStore::BlockSize to 0. [983762,983762][posix_store.cc:97,ShowConfig]
[2026-03-18 13:56:26.552836][UC][I] Set PosixStore::IoDirect to false. [983762,983762][posix_store.cc:98,ShowConfig]
[2026-03-18 13:56:26.552841][UC][I] Set PosixStore::DataTransConcurrency to 16. [983762,983762][posix_store.cc:99,ShowConfig]
[2026-03-18 13:56:26.552846][UC][I] Set PosixStore::LookupConcurrency to 16. [983762,983762][posix_store.cc:100,ShowConfig]
[2026-03-18 13:56:26.552851][UC][I] Set PosixStore::TimeoutMs to 30000. [983762,983762][posix_store.cc:101,ShowConfig]
[2026-03-18 13:56:26.552857][UC][I] Set PosixStore::DataDirShardBytes to 3. [983762,983762][posix_store.cc:102,ShowConfig]
