Using pip 23.0.1 from /home/unified-cache-management/py310/lib/python3.10/site-packages/pip (python 3.10)
Obtaining file:///home/unified-cache-management
  Checking if build backend supports build_editable: started
  Running command Checking if build backend supports build_editable
  Checking if build backend supports build_editable: finished with status 'done'
  Preparing editable metadata (pyproject.toml): started
  Running command Preparing editable metadata (pyproject.toml)
  /home/unified-cache-management/py310/lib/python3.10/site-packages/wheel/bdist_wheel.py:4: FutureWarning: The 'wheel' package is no longer the canonical location of the 'bdist_wheel' command, and will be removed in a future release. Please update to setuptools v70.1 or later which contains an integrated version of this command.
    warn(
  running dist_info
  creating /tmp/pip-modern-metadata-zwhbzviq/uc_manager.egg-info
  writing /tmp/pip-modern-metadata-zwhbzviq/uc_manager.egg-info/PKG-INFO
  writing dependency_links to /tmp/pip-modern-metadata-zwhbzviq/uc_manager.egg-info/dependency_links.txt
  writing top-level names to /tmp/pip-modern-metadata-zwhbzviq/uc_manager.egg-info/top_level.txt
  writing manifest file '/tmp/pip-modern-metadata-zwhbzviq/uc_manager.egg-info/SOURCES.txt'
  reading manifest file '/tmp/pip-modern-metadata-zwhbzviq/uc_manager.egg-info/SOURCES.txt'
  reading manifest template 'MANIFEST.in'
  adding license file 'LICENSE'
  writing manifest file '/tmp/pip-modern-metadata-zwhbzviq/uc_manager.egg-info/SOURCES.txt'
  creating '/tmp/pip-modern-metadata-zwhbzviq/uc_manager-0.3.0.dist-info'
  Preparing editable metadata (pyproject.toml): finished with status 'done'
Building wheels for collected packages: uc-manager
  Building editable for uc-manager (pyproject.toml): started
  Running command Building editable for uc-manager (pyproject.toml)
  /home/unified-cache-management/py310/lib/python3.10/site-packages/wheel/bdist_wheel.py:4: FutureWarning: The 'wheel' package is no longer the canonical location of the 'bdist_wheel' command, and will be removed in a future release. Please update to setuptools v70.1 or later which contains an integrated version of this command.
    warn(
  running editable_wheel
  creating /tmp/pip-wheel-763wqu_g/tmpuyc01884/uc_manager.egg-info
  writing /tmp/pip-wheel-763wqu_g/tmpuyc01884/uc_manager.egg-info/PKG-INFO
  writing dependency_links to /tmp/pip-wheel-763wqu_g/tmpuyc01884/uc_manager.egg-info/dependency_links.txt
  writing top-level names to /tmp/pip-wheel-763wqu_g/tmpuyc01884/uc_manager.egg-info/top_level.txt
  writing manifest file '/tmp/pip-wheel-763wqu_g/tmpuyc01884/uc_manager.egg-info/SOURCES.txt'
  reading manifest file '/tmp/pip-wheel-763wqu_g/tmpuyc01884/uc_manager.egg-info/SOURCES.txt'
  reading manifest template 'MANIFEST.in'
  adding license file 'LICENSE'
  writing manifest file '/tmp/pip-wheel-763wqu_g/tmpuyc01884/uc_manager.egg-info/SOURCES.txt'
  creating '/tmp/pip-wheel-763wqu_g/tmpuyc01884/uc_manager-0.3.0.dist-info'
  creating /tmp/pip-wheel-763wqu_g/tmpuyc01884/uc_manager-0.3.0.dist-info/WHEEL
  running build_py
  running build_ext
  -- The CXX compiler identification is GNU 10.3.1
  -- Detecting CXX compiler ABI info
  -- Detecting CXX compiler ABI info - done
  -- Check for working CXX compiler: /usr/bin/c++ - skipped
  -- Detecting CXX compile features
  -- Detecting CXX compile features - done
  fatal: not a git repository (or any parent up to mount point /)
  Stopping at filesystem boundary (GIT_DISCOVERY_ACROSS_FILESYSTEM not set).
  -- Fetching fmt(11.2.0) from https://gitcode.com/GitHub_Trending/fm/fmt.git
  -- {fmt} version: 11.2.0
  -- Build type: Release
  -- Fetching spdlog(v1.15.3) from https://gitcode.com/GitHub_Trending/sp/spdlog.git
  -- Build spdlog: 1.15.3
  -- Looking for C++ include pthread.h
  -- Looking for C++ include pthread.h - found
  -- Performing Test CMAKE_HAVE_LIBC_PTHREAD
  -- Performing Test CMAKE_HAVE_LIBC_PTHREAD - Success
  -- Found Threads: TRUE
  -- Build type: Release
  -- Looking for fwrite_unlocked
  -- Looking for fwrite_unlocked - found
  -- Fetching pybind11(v3.0.1) from https://gitcode.com/GitHub_Trending/py/pybind11.git
  -- pybind11 v3.0.1
  -- Found Python: /home/unified-cache-management/py310/bin/python3.10 (found suitable version "3.10.13", minimum required is "3.8") found components: Interpreter Development.Module Development.Embed
  Using compatibility mode for Python, set PYBIND11_FINDPYTHON to NEW/OLD to silence this message
  -- Performing Test HAS_FLTO_AUTO
  -- Performing Test HAS_FLTO_AUTO - Success
  CMake Error at ucm/shared/vendor/helper.cmake:26 (message):
    All git URLs are not reachable!
  Call Stack (most recent call first):
    ucm/shared/vendor/dep-zlib.cmake:13 (find_reachable_git_url)
    ucm/shared/vendor/CMakeLists.txt:4 (include)


  -- Configuring incomplete, errors occurred!
  See also "/tmp/tmp1dz4e67w.build-temp/CMakeFiles/CMakeOutput.log".
  Traceback (most recent call last):
    File "/home/unified-cache-management/py310/lib/python3.10/site-packages/setuptools/command/editable_wheel.py", line 140, in run
      self._create_wheel_file(bdist_wheel)
    File "/home/unified-cache-management/py310/lib/python3.10/site-packages/setuptools/command/editable_wheel.py", line 330, in _create_wheel_file
      files, mapping = self._run_build_commands(dist_name, unpacked, lib, tmp)
    File "/home/unified-cache-management/py310/lib/python3.10/site-packages/setuptools/command/editable_wheel.py", line 261, in _run_build_commands
      self._run_build_subcommands()
    File "/home/unified-cache-management/py310/lib/python3.10/site-packages/setuptools/command/editable_wheel.py", line 288, in _run_build_subcommands
      self.run_command(name)
    File "/home/unified-cache-management/py310/lib/python3.10/site-packages/setuptools/_distutils/cmd.py", line 319, in run_command
      self.distribution.run_command(command)
    File "/home/unified-cache-management/py310/lib/python3.10/site-packages/setuptools/dist.py", line 1217, in run_command
      super().run_command(command)
    File "/home/unified-cache-management/py310/lib/python3.10/site-packages/setuptools/_distutils/dist.py", line 987, in run_command
      cmd_obj.run()
    File "<string>", line 95, in run
    File "<string>", line 143, in build_cmake
    File "/opt/python3.10/lib/python3.10/subprocess.py", line 369, in check_call
      raise CalledProcessError(retcode, cmd)
  subprocess.CalledProcessError: Command '['cmake', '-DCMAKE_BUILD_TYPE=Release', '-DPYTHON_EXECUTABLE=/home/unified-cache-management/py310/bin/python3.10', '-DCMAKE_INSTALL_PREFIX=/home/unified-cache-management', '-DRUNTIME_ENVIRONMENT=simu', '-DBUILD_UCM_SPARSE=OFF', '/home/unified-cache-management']' returned non-zero exit status 1.
  error: Support for editable installs via PEP 660 was recently introduced
  in `setuptools`. If you are seeing this error, please report to:

  https://github.com/pypa/setuptools/issues

  Meanwhile you can try the legacy behavior by setting an
  environment variable and trying to install again:

  SETUPTOOLS_ENABLE_FEATURES="legacy-editable"
  error: subprocess-exited-with-error
  
  × Building editable for uc-manager (pyproject.toml) did not run successfully.
  │ exit code: 1
  ╰─> See above for output.
  
  note: This error originates from a subprocess, and is likely not a problem with pip.
  full command: /home/unified-cache-management/py310/bin/python3.10 /home/unified-cache-management/py310/lib/python3.10/site-packages/pip/_vendor/pyproject_hooks/_in_process/_in_process.py build_editable /tmp/tmp740vdv_8
  cwd: /home/unified-cache-management
  Building editable for uc-manager (pyproject.toml): finished with status 'error'
  ERROR: Failed building editable for uc-manager
Failed to build uc-manager
ERROR: Could not build wheels for uc-manager, which is required to install pyproject.toml-based projects

[notice] A new release of pip is available: 23.0.1 -> 26.0.1
[notice] To update, run: pip install --upgrade pip
