[2026-03-26 15:35:54.778339][UC][I] Logger initialized successfully [157010,157010][__init__.py:48,<module>]
[2026-03-26 15:36:06.114047][UC][I] CPU device is available. [157010,157010][ucm_connector.py:114,__init__]
[2026-03-26 15:36:06.116119][UC][I] Loaded UCM config from /home/w2938/unified-cache-management/test/test_ucm_config.yaml [157010,157010][utils.py:54,load_ucm_config_from_yaml]
[2026-03-26 15:36:06.116178][UC][I] Using UCM with config: {'ucm_connectors': [{'ucm_connector_name': 'UcmNfsStore', 'ucm_connector_config': {'storage_backends': '/home/w2938/ucm_cache', 'io_direct': False}}]} [157010,157010][utils.py:89,get_config]
[2026-03-26 15:36:06.116212][UC][I] self.launch_config: {'ucm_connectors': [{'ucm_connector_name': 'UcmNfsStore', 'ucm_connector_config': {'storage_backends': '/home/w2938/ucm_cache', 'io_direct': False}}]} [157010,157010][ucm_connector.py:135,__init__]
[2026-03-26 15:36:06.117718][UC][I] Loaded UCM config from /home/w2938/unified-cache-management/test/test_ucm_config.yaml [157010,157010][utils.py:54,load_ucm_config_from_yaml]
[2026-03-26 15:36:06.117768][UC][I] Using UCM with config: {'ucm_connectors': [{'ucm_connector_name': 'UcmNfsStore', 'ucm_connector_config': {'storage_backends': '/home/w2938/ucm_cache', 'io_direct': False}}]} [157010,157010][utils.py:89,get_config]
[2026-03-26 15:36:08.423361][UC][I] kv cache shape torch.Size([2, 4681, 8192]) [157010,157010][ucm_connector.py:249,register_kv_caches]
[2026-03-26 15:36:08.423432][UC][I] use mla: False, use dsa: False [157010,157010][ucm_connector.py:259,register_kv_caches]
[2026-03-26 15:36:08.424123][UC][I] create UcmNfsStore with config: {'storage_backends': ['/home/w2938/ucm_cache/kv'], 'io_direct': False, 'share_buffer_enable': False, 'unique_id': '24786d9c-ed33-4c8a-8595-0d1ed99bd14c', 'device_id': 0, 'tensor_size': 16384, 'shard_size': 917504, 'block_size': 917504, 'local_rank_size': 1} [157010,157010][ucm_connector.py:227,_create_store]
[2026-03-26 15:36:08.428265][UC][I] Creating connector with name: UcmNfsStore [157010,157010][factory_v1.py:56,create_connector]
[2026-03-26 15:36:09.321222][UC][I] PcStore-(Release). [157010,157010][pcstore.cc:89,ShowConfig]
[2026-03-26 15:36:09.321268][UC][I] Set UC::StorageBackends to ["/home/w2938/ucm_cache/kv"]. [157010,157010][pcstore.cc:90,ShowConfig]
[2026-03-26 15:36:09.321283][UC][I] Set UC::BlockSize to 917504. [157010,157010][pcstore.cc:91,ShowConfig]
[2026-03-26 15:36:09.321289][UC][I] Set UC::TransferEnable to true. [157010,157010][pcstore.cc:92,ShowConfig]
[2026-03-26 15:36:09.321294][UC][I] Set UC::UniqueId to 24786d9c-ed33-4c8a-8595-0d1ed99bd14c. [157010,157010][pcstore.cc:93,ShowConfig]
[2026-03-26 15:36:09.321300][UC][I] Set UC::IoSize to 16384. [157010,157010][pcstore.cc:94,ShowConfig]
[2026-03-26 15:36:09.321305][UC][I] Set UC::IoDirect to false. [157010,157010][pcstore.cc:95,ShowConfig]
[2026-03-26 15:36:09.321310][UC][I] Set UC::LocalRankSize to 1. [157010,157010][pcstore.cc:96,ShowConfig]
[2026-03-26 15:36:09.321318][UC][I] Set UC::DeviceId to 0. [157010,157010][pcstore.cc:97,ShowConfig]
[2026-03-26 15:36:09.321323][UC][I] Set UC::StreamNumber to 8. [157010,157010][pcstore.cc:98,ShowConfig]
[2026-03-26 15:36:09.321328][UC][I] Set UC::BufferNumber to 4096. [157010,157010][pcstore.cc:99,ShowConfig]
[2026-03-26 15:36:09.321333][UC][I] Set UC::TimeoutMs to 30000. [157010,157010][pcstore.cc:100,ShowConfig]
[2026-03-26 15:36:09.321338][UC][I] Set UC::ScatterGatherEnable to false. [157010,157010][pcstore.cc:101,ShowConfig]
[2026-03-26 15:36:09.321343][UC][I] Set UC::ShardDataDir to true. [157010,157010][pcstore.cc:102,ShowConfig]
[2026-03-26 15:36:16.655850][UC][I] CPU device is available. [157010,157010][ucm_connector.py:114,__init__]
[2026-03-26 15:36:16.658657][UC][I] Loaded UCM config from /home/w2938/unified-cache-management/test/test_ucm_config.yaml [157010,157010][utils.py:54,load_ucm_config_from_yaml]
[2026-03-26 15:36:16.658723][UC][I] Using UCM with config: {'ucm_connectors': [{'ucm_connector_name': 'UcmNfsStore', 'ucm_connector_config': {'storage_backends': '/home/w2938/ucm_cache', 'io_direct': False}}]} [157010,157010][utils.py:89,get_config]
[2026-03-26 15:36:16.658797][UC][I] self.launch_config: {'ucm_connectors': [{'ucm_connector_name': 'UcmNfsStore', 'ucm_connector_config': {'storage_backends': '/home/w2938/ucm_cache', 'io_direct': False}}]} [157010,157010][ucm_connector.py:135,__init__]
[2026-03-26 15:36:16.658977][UC][I] create UcmNfsStore with config: {'storage_backends': ['/home/w2938/ucm_cache/kv'], 'io_direct': False, 'share_buffer_enable': False, 'unique_id': '24786d9c-ed33-4c8a-8595-0d1ed99bd14c'} [157010,157010][ucm_connector.py:227,_create_store]
[2026-03-26 15:36:16.659013][UC][I] Creating connector with name: UcmNfsStore [157010,157010][factory_v1.py:56,create_connector]
[2026-03-26 15:36:16.659096][UC][I] PcStore-(Release). [157010,157010][pcstore.cc:89,ShowConfig]
[2026-03-26 15:36:16.659109][UC][I] Set UC::StorageBackends to ["/home/w2938/ucm_cache/kv"]. [157010,157010][pcstore.cc:90,ShowConfig]
[2026-03-26 15:36:16.659116][UC][I] Set UC::BlockSize to 0. [157010,157010][pcstore.cc:91,ShowConfig]
[2026-03-26 15:36:16.659122][UC][I] Set UC::TransferEnable to false. [157010,157010][pcstore.cc:92,ShowConfig]
[2026-03-26 15:36:16.659128][UC][I] Set UC::UniqueId to 24786d9c-ed33-4c8a-8595-0d1ed99bd14c. [157010,157010][pcstore.cc:93,ShowConfig]
[2026-03-26 15:36:16.659134][UC][I] Set UC::IoSize to 262144. [157010,157010][pcstore.cc:94,ShowConfig]
[2026-03-26 15:36:16.659140][UC][I] Set UC::IoDirect to false. [157010,157010][pcstore.cc:95,ShowConfig]
[2026-03-26 15:36:16.659146][UC][I] Set UC::LocalRankSize to 1. [157010,157010][pcstore.cc:96,ShowConfig]
[2026-03-26 15:36:16.659152][UC][I] Set UC::DeviceId to -1. [157010,157010][pcstore.cc:97,ShowConfig]
[2026-03-26 15:36:16.659157][UC][I] Set UC::StreamNumber to 8. [157010,157010][pcstore.cc:98,ShowConfig]
[2026-03-26 15:36:16.659163][UC][I] Set UC::BufferNumber to 4096. [157010,157010][pcstore.cc:99,ShowConfig]
[2026-03-26 15:36:16.659169][UC][I] Set UC::TimeoutMs to 30000. [157010,157010][pcstore.cc:100,ShowConfig]
[2026-03-26 15:36:16.659175][UC][I] Set UC::ScatterGatherEnable to false. [157010,157010][pcstore.cc:101,ShowConfig]
[2026-03-26 15:36:16.659181][UC][I] Set UC::ShardDataDir to true. [157010,157010][pcstore.cc:102,ShowConfig]
[2026-03-26 15:36:16.661226][UC][I] Loaded UCM config from /home/w2938/unified-cache-management/test/test_ucm_config.yaml [157010,157010][utils.py:54,load_ucm_config_from_yaml]
[2026-03-26 15:36:16.661284][UC][I] Using UCM with config: {'ucm_connectors': [{'ucm_connector_name': 'UcmNfsStore', 'ucm_connector_config': {'storage_backends': '/home/w2938/ucm_cache', 'io_direct': False}}]} [157010,157010][utils.py:89,get_config]
[2026-03-26 15:36:54.469325][UC][I] request_id: cmpl-81f3ae91d7e5458f96468462cf4c0d85-0, total_blocks_num: 6, hit hbm: 0, hit external: 0 [157010,157010][ucm_connector.py:326,get_num_new_matched_tokens]
[2026-03-26 15:37:44.355109][UC][I] request_id: cmpl-c91f08ecba2846e1ac45a1414d55b557-0, total_blocks_num: 6, hit hbm: 0, hit external: 6 [157010,157010][ucm_connector.py:326,get_num_new_matched_tokens]
[2026-03-26 15:37:45.033054][UC][I] request_id: cmpl-0d00e499ef244e7789b38137afdf8f0b-0, total_blocks_num: 6, hit hbm: 0, hit external: 0 [157010,157010][ucm_connector.py:326,get_num_new_matched_tokens]
[2026-03-26 15:37:45.033357][UC][I] request_id: cmpl-e8ce1c9feb6943e3b16b3f53655b0ee5-0, total_blocks_num: 6, hit hbm: 0, hit external: 0 [157010,157010][ucm_connector.py:326,get_num_new_matched_tokens]
[2026-03-26 15:37:45.033581][UC][I] request_id: cmpl-709ae15f246049328224fb77f8bb09f8-0, total_blocks_num: 6, hit hbm: 0, hit external: 0 [157010,157010][ucm_connector.py:326,get_num_new_matched_tokens]
[2026-03-26 15:37:45.033785][UC][I] request_id: cmpl-fa143eb7cebc4f6d94eac4612733519b-0, total_blocks_num: 6, hit hbm: 0, hit external: 0 [157010,157010][ucm_connector.py:326,get_num_new_matched_tokens]
[2026-03-26 15:37:45.033997][UC][I] request_id: cmpl-84b919dc7e8948d6b4ae6a16d9d17fe2-0, total_blocks_num: 6, hit hbm: 0, hit external: 0 [157010,157010][ucm_connector.py:326,get_num_new_matched_tokens]
[2026-03-26 15:37:45.034251][UC][I] request_id: cmpl-399ac443b4a74d4e858727a02dfd2435-0, total_blocks_num: 6, hit hbm: 0, hit external: 0 [157010,157010][ucm_connector.py:326,get_num_new_matched_tokens]
[2026-03-26 15:37:45.034465][UC][I] request_id: cmpl-ccaddb8b3051413f8bc1b5793100837b-0, total_blocks_num: 6, hit hbm: 0, hit external: 0 [157010,157010][ucm_connector.py:326,get_num_new_matched_tokens]
[2026-03-26 15:41:21.580233][UC][I] request_id: cmpl-5771f62ece8a4e879d7a6e1187d2169c-0, total_blocks_num: 6, hit hbm: 0, hit external: 0 [157010,157010][ucm_connector.py:326,get_num_new_matched_tokens]
[2026-03-26 15:41:36.731070][UC][I] request_id: cmpl-744aaeccac3b4e828eb0b8e00ea45718-0, total_blocks_num: 6, hit hbm: 0, hit external: 0 [157010,157010][ucm_connector.py:326,get_num_new_matched_tokens]
