[2026-03-26 14:00:11.366875][UC][I] Logger initialized successfully [115918,115918][__init__.py:48,<module>]
[2026-03-26 14:00:18.930970][UC][I] CPU device is available. [115918,115918][ucm_connector.py:114,__init__]
[2026-03-26 14:00:18.933022][UC][I] Loaded UCM config from /home/w2938/unified-cache-management/test/test_ucm_config.yaml [115918,115918][utils.py:54,load_ucm_config_from_yaml]
[2026-03-26 14:00:18.933084][UC][I] Using UCM with config: {'ucm_connectors': [{'ucm_connector_name': 'UcmNfsStore', 'ucm_connector_config': {'storage_backends': '/home/w2938/model', 'io_direct': False}}]} [115918,115918][utils.py:89,get_config]
[2026-03-26 14:00:18.933119][UC][I] self.launch_config: {'ucm_connectors': [{'ucm_connector_name': 'UcmNfsStore', 'ucm_connector_config': {'storage_backends': '/home/w2938/model', 'io_direct': False}}]} [115918,115918][ucm_connector.py:135,__init__]
[2026-03-26 14:00:18.935527][UC][I] Loaded UCM config from /home/w2938/unified-cache-management/test/test_ucm_config.yaml [115918,115918][utils.py:54,load_ucm_config_from_yaml]
[2026-03-26 14:00:18.935575][UC][I] Using UCM with config: {'ucm_connectors': [{'ucm_connector_name': 'UcmNfsStore', 'ucm_connector_config': {'storage_backends': '/home/w2938/model', 'io_direct': False}}]} [115918,115918][utils.py:89,get_config]
[2026-03-26 14:00:21.240365][UC][I] kv cache shape torch.Size([2, 4681, 8192]) [115918,115918][ucm_connector.py:249,register_kv_caches]
[2026-03-26 14:00:21.240436][UC][I] use mla: False, use dsa: False [115918,115918][ucm_connector.py:259,register_kv_caches]
[2026-03-26 14:00:21.241117][UC][I] create UcmNfsStore with config: {'storage_backends': ['/home/w2938/model/kv'], 'io_direct': False, 'share_buffer_enable': False, 'unique_id': '7bd12fc1-bf66-4273-913f-1f1265b1f5d5', 'device_id': 0, 'tensor_size': 16384, 'shard_size': 917504, 'block_size': 917504, 'local_rank_size': 1} [115918,115918][ucm_connector.py:227,_create_store]
[2026-03-26 14:00:21.245215][UC][I] Creating connector with name: UcmNfsStore [115918,115918][factory_v1.py:56,create_connector]
[2026-03-26 14:00:22.137911][UC][I] PcStore-(Release). [115918,115918][pcstore.cc:89,ShowConfig]
[2026-03-26 14:00:22.137963][UC][I] Set UC::StorageBackends to ["/home/w2938/model/kv"]. [115918,115918][pcstore.cc:90,ShowConfig]
[2026-03-26 14:00:22.137970][UC][I] Set UC::BlockSize to 917504. [115918,115918][pcstore.cc:91,ShowConfig]
[2026-03-26 14:00:22.137975][UC][I] Set UC::TransferEnable to true. [115918,115918][pcstore.cc:92,ShowConfig]
[2026-03-26 14:00:22.137980][UC][I] Set UC::UniqueId to 7bd12fc1-bf66-4273-913f-1f1265b1f5d5. [115918,115918][pcstore.cc:93,ShowConfig]
[2026-03-26 14:00:22.137986][UC][I] Set UC::IoSize to 16384. [115918,115918][pcstore.cc:94,ShowConfig]
[2026-03-26 14:00:22.137995][UC][I] Set UC::IoDirect to false. [115918,115918][pcstore.cc:95,ShowConfig]
[2026-03-26 14:00:22.138001][UC][I] Set UC::LocalRankSize to 1. [115918,115918][pcstore.cc:96,ShowConfig]
[2026-03-26 14:00:22.138006][UC][I] Set UC::DeviceId to 0. [115918,115918][pcstore.cc:97,ShowConfig]
[2026-03-26 14:00:22.138012][UC][I] Set UC::StreamNumber to 8. [115918,115918][pcstore.cc:98,ShowConfig]
[2026-03-26 14:00:22.138018][UC][I] Set UC::BufferNumber to 4096. [115918,115918][pcstore.cc:99,ShowConfig]
[2026-03-26 14:00:22.138024][UC][I] Set UC::TimeoutMs to 30000. [115918,115918][pcstore.cc:100,ShowConfig]
[2026-03-26 14:00:22.138029][UC][I] Set UC::ScatterGatherEnable to false. [115918,115918][pcstore.cc:101,ShowConfig]
[2026-03-26 14:00:22.138035][UC][I] Set UC::ShardDataDir to true. [115918,115918][pcstore.cc:102,ShowConfig]
[2026-03-26 14:00:29.471917][UC][I] CPU device is available. [115918,115918][ucm_connector.py:114,__init__]
[2026-03-26 14:00:29.474774][UC][I] Loaded UCM config from /home/w2938/unified-cache-management/test/test_ucm_config.yaml [115918,115918][utils.py:54,load_ucm_config_from_yaml]
[2026-03-26 14:00:29.474842][UC][I] Using UCM with config: {'ucm_connectors': [{'ucm_connector_name': 'UcmNfsStore', 'ucm_connector_config': {'storage_backends': '/home/w2938/model', 'io_direct': False}}]} [115918,115918][utils.py:89,get_config]
[2026-03-26 14:00:29.474914][UC][I] self.launch_config: {'ucm_connectors': [{'ucm_connector_name': 'UcmNfsStore', 'ucm_connector_config': {'storage_backends': '/home/w2938/model', 'io_direct': False}}]} [115918,115918][ucm_connector.py:135,__init__]
[2026-03-26 14:00:29.475090][UC][I] create UcmNfsStore with config: {'storage_backends': ['/home/w2938/model/kv'], 'io_direct': False, 'share_buffer_enable': False, 'unique_id': '7bd12fc1-bf66-4273-913f-1f1265b1f5d5'} [115918,115918][ucm_connector.py:227,_create_store]
[2026-03-26 14:00:29.475126][UC][I] Creating connector with name: UcmNfsStore [115918,115918][factory_v1.py:56,create_connector]
[2026-03-26 14:00:29.475209][UC][I] PcStore-(Release). [115918,115918][pcstore.cc:89,ShowConfig]
[2026-03-26 14:00:29.475223][UC][I] Set UC::StorageBackends to ["/home/w2938/model/kv"]. [115918,115918][pcstore.cc:90,ShowConfig]
[2026-03-26 14:00:29.475230][UC][I] Set UC::BlockSize to 0. [115918,115918][pcstore.cc:91,ShowConfig]
[2026-03-26 14:00:29.475235][UC][I] Set UC::TransferEnable to false. [115918,115918][pcstore.cc:92,ShowConfig]
[2026-03-26 14:00:29.475241][UC][I] Set UC::UniqueId to 7bd12fc1-bf66-4273-913f-1f1265b1f5d5. [115918,115918][pcstore.cc:93,ShowConfig]
[2026-03-26 14:00:29.475247][UC][I] Set UC::IoSize to 262144. [115918,115918][pcstore.cc:94,ShowConfig]
[2026-03-26 14:00:29.475253][UC][I] Set UC::IoDirect to false. [115918,115918][pcstore.cc:95,ShowConfig]
[2026-03-26 14:00:29.475259][UC][I] Set UC::LocalRankSize to 1. [115918,115918][pcstore.cc:96,ShowConfig]
[2026-03-26 14:00:29.475265][UC][I] Set UC::DeviceId to -1. [115918,115918][pcstore.cc:97,ShowConfig]
[2026-03-26 14:00:29.475271][UC][I] Set UC::StreamNumber to 8. [115918,115918][pcstore.cc:98,ShowConfig]
[2026-03-26 14:00:29.475286][UC][I] Set UC::BufferNumber to 4096. [115918,115918][pcstore.cc:99,ShowConfig]
[2026-03-26 14:00:29.475293][UC][I] Set UC::TimeoutMs to 30000. [115918,115918][pcstore.cc:100,ShowConfig]
[2026-03-26 14:00:29.475299][UC][I] Set UC::ScatterGatherEnable to false. [115918,115918][pcstore.cc:101,ShowConfig]
[2026-03-26 14:00:29.475305][UC][I] Set UC::ShardDataDir to true. [115918,115918][pcstore.cc:102,ShowConfig]
[2026-03-26 14:00:29.477267][UC][I] Loaded UCM config from /home/w2938/unified-cache-management/test/test_ucm_config.yaml [115918,115918][utils.py:54,load_ucm_config_from_yaml]
[2026-03-26 14:00:29.477325][UC][I] Using UCM with config: {'ucm_connectors': [{'ucm_connector_name': 'UcmNfsStore', 'ucm_connector_config': {'storage_backends': '/home/w2938/model', 'io_direct': False}}]} [115918,115918][utils.py:89,get_config]
[2026-03-26 14:00:37.828533][UC][I] request_id: chatcmpl-1d98c0d2dec9426a918345538e69dfd1, total_blocks_num: 4, hit hbm: 0, hit external: 0 [115918,115918][ucm_connector.py:326,get_num_new_matched_tokens]
[2026-03-26 14:01:12.269219][UC][I] request_id: chatcmpl-5abb29ed87b540e88bb7de00a710f8a8, total_blocks_num: 4, hit hbm: 0, hit external: 4 [115918,115918][ucm_connector.py:326,get_num_new_matched_tokens]
[2026-03-26 14:01:13.191006][UC][I] request_id: chatcmpl-683dbd73db934faf9503b07ac1bada6d, total_blocks_num: 14, hit hbm: 0, hit external: 1 [115918,115918][ucm_connector.py:326,get_num_new_matched_tokens]
[2026-03-26 14:01:13.191359][UC][I] request_id: chatcmpl-bfbff95e5629425899fdc83099ea36ad, total_blocks_num: 4, hit hbm: 0, hit external: 4 [115918,115918][ucm_connector.py:326,get_num_new_matched_tokens]
[2026-03-26 14:01:13.191699][UC][I] request_id: chatcmpl-315b78b549b54c3d819d1aa970eb4453, total_blocks_num: 14, hit hbm: 0, hit external: 1 [115918,115918][ucm_connector.py:326,get_num_new_matched_tokens]
[2026-03-26 14:01:13.191972][UC][I] request_id: chatcmpl-1afbb90d05844adab097a3a0731f17b0, total_blocks_num: 4, hit hbm: 0, hit external: 4 [115918,115918][ucm_connector.py:326,get_num_new_matched_tokens]
[2026-03-26 14:01:13.192603][UC][I] request_id: chatcmpl-0369b3675c6d4d389f4fe9837f8fc677, total_blocks_num: 14, hit hbm: 0, hit external: 1 [115918,115918][ucm_connector.py:326,get_num_new_matched_tokens]
[2026-03-26 14:01:13.192930][UC][I] request_id: chatcmpl-81386052229e4ec78286fdd7bb7b039b, total_blocks_num: 4, hit hbm: 0, hit external: 4 [115918,115918][ucm_connector.py:326,get_num_new_matched_tokens]
[2026-03-26 14:01:13.193273][UC][I] request_id: chatcmpl-fdde0bbc3ef64a39933c04801fcca395, total_blocks_num: 14, hit hbm: 0, hit external: 1 [115918,115918][ucm_connector.py:326,get_num_new_matched_tokens]
