[2026-03-18 13:52:39.314869][UC][I] Logger initialized successfully [983340,983340][__init__.py:48,<module>]
[2026-03-18 13:52:53.336672][UC][I] CPU device is available. [983340,983340][ucm_connector.py:114,__init__]
[2026-03-18 13:52:53.336728][UC][I] Using kv_connector_extra_config from terminal input [983340,983340][utils.py:81,_load_config]
[2026-03-18 13:52:53.336770][UC][I] Using UCM with config: {'ucm_connectors': [{'ucm_connector_name': 'UcmPipelineStore', 'ucm_connector_config': {'store_pipeline': 'Posix', 'storage_backends': '/home/w2938/test/ucm_kvcache_qwen7b', 'io_direct': False, 'posix_data_trans_concurrency': 16, 'posix_lookup_concurrency': 16}}]} [983340,983340][utils.py:89,get_config]
[2026-03-18 13:52:53.336801][UC][I] self.launch_config: {'ucm_connectors': [{'ucm_connector_name': 'UcmPipelineStore', 'ucm_connector_config': {'store_pipeline': 'Posix', 'storage_backends': '/home/w2938/test/ucm_kvcache_qwen7b', 'io_direct': False, 'posix_data_trans_concurrency': 16, 'posix_lookup_concurrency': 16}}]} [983340,983340][ucm_connector.py:135,__init__]
[2026-03-18 13:52:55.661764][UC][I] kv cache shape torch.Size([2, 3415, 4, 128, 128]) [983340,983340][ucm_connector.py:249,register_kv_caches]
[2026-03-18 13:52:55.661827][UC][I] use mla: False, use dsa: False [983340,983340][ucm_connector.py:259,register_kv_caches]
[2026-03-18 13:52:55.662336][UC][I] create UcmPipelineStore with config: {'store_pipeline': 'Posix', 'storage_backends': ['/home/w2938/test/ucm_kvcache_qwen7b/kv'], 'io_direct': False, 'posix_data_trans_concurrency': 16, 'posix_lookup_concurrency': 16, 'share_buffer_enable': False, 'unique_id': 'aa1e000a-c61e-4949-8d7b-89dcf3f5163f', 'device_id': 0, 'tensor_size': 131072, 'shard_size': 7340032, 'block_size': 7340032, 'local_rank_size': 1} [983340,983340][ucm_connector.py:227,_create_store]
[2026-03-18 13:52:55.665201][UC][I] Creating connector with name: UcmPipelineStore [983340,983340][factory_v1.py:56,create_connector]
[2026-03-18 13:52:55.673868][UC][I] PosixStore-(Release). [983340,983340][posix_store.cc:92,ShowConfig]
[2026-03-18 13:52:55.673900][UC][I] Set PosixStore::StorageBackends to ["/home/w2938/test/ucm_kvcache_qwen7b/kv"]. [983340,983340][posix_store.cc:93,ShowConfig]
[2026-03-18 13:52:55.673909][UC][I] Set PosixStore::DeviceId to 0. [983340,983340][posix_store.cc:94,ShowConfig]
[2026-03-18 13:52:55.673916][UC][I] Set PosixStore::TensorSize to 131072. [983340,983340][posix_store.cc:95,ShowConfig]
[2026-03-18 13:52:55.673922][UC][I] Set PosixStore::ShardSize to 7340032. [983340,983340][posix_store.cc:96,ShowConfig]
[2026-03-18 13:52:55.673928][UC][I] Set PosixStore::BlockSize to 7340032. [983340,983340][posix_store.cc:97,ShowConfig]
[2026-03-18 13:52:55.673934][UC][I] Set PosixStore::IoDirect to false. [983340,983340][posix_store.cc:98,ShowConfig]
[2026-03-18 13:52:55.673940][UC][I] Set PosixStore::DataTransConcurrency to 16. [983340,983340][posix_store.cc:99,ShowConfig]
[2026-03-18 13:52:55.673946][UC][I] Set PosixStore::LookupConcurrency to 16. [983340,983340][posix_store.cc:100,ShowConfig]
[2026-03-18 13:52:55.673952][UC][I] Set PosixStore::TimeoutMs to 30000. [983340,983340][posix_store.cc:101,ShowConfig]
[2026-03-18 13:52:55.673959][UC][I] Set PosixStore::DataDirShardBytes to 3. [983340,983340][posix_store.cc:102,ShowConfig]
[2026-03-18 13:53:46.137374][UC][I] CPU device is available. [983340,983340][ucm_connector.py:114,__init__]
[2026-03-18 13:53:46.137422][UC][I] Using kv_connector_extra_config from terminal input [983340,983340][utils.py:81,_load_config]
[2026-03-18 13:53:46.137458][UC][I] Using UCM with config: {'ucm_connectors': [{'ucm_connector_name': 'UcmPipelineStore', 'ucm_connector_config': {'store_pipeline': 'Posix', 'storage_backends': '/home/w2938/test/ucm_kvcache_qwen7b', 'io_direct': False, 'posix_data_trans_concurrency': 16, 'posix_lookup_concurrency': 16}}]} [983340,983340][utils.py:89,get_config]
[2026-03-18 13:53:46.137489][UC][I] self.launch_config: {'ucm_connectors': [{'ucm_connector_name': 'UcmPipelineStore', 'ucm_connector_config': {'store_pipeline': 'Posix', 'storage_backends': '/home/w2938/test/ucm_kvcache_qwen7b', 'io_direct': False, 'posix_data_trans_concurrency': 16, 'posix_lookup_concurrency': 16}}]} [983340,983340][ucm_connector.py:135,__init__]
[2026-03-18 13:53:46.137698][UC][I] create UcmPipelineStore with config: {'store_pipeline': 'Posix', 'storage_backends': ['/home/w2938/test/ucm_kvcache_qwen7b/kv'], 'io_direct': False, 'posix_data_trans_concurrency': 16, 'posix_lookup_concurrency': 16, 'share_buffer_enable': False, 'unique_id': 'aa1e000a-c61e-4949-8d7b-89dcf3f5163f'} [983340,983340][ucm_connector.py:227,_create_store]
[2026-03-18 13:53:46.137743][UC][I] Creating connector with name: UcmPipelineStore [983340,983340][factory_v1.py:56,create_connector]
[2026-03-18 13:53:46.145310][UC][I] PosixStore-(Release). [983340,983340][posix_store.cc:92,ShowConfig]
[2026-03-18 13:53:46.145337][UC][I] Set PosixStore::StorageBackends to ["/home/w2938/test/ucm_kvcache_qwen7b/kv"]. [983340,983340][posix_store.cc:93,ShowConfig]
[2026-03-18 13:53:46.145347][UC][I] Set PosixStore::DeviceId to -1. [983340,983340][posix_store.cc:94,ShowConfig]
[2026-03-18 13:53:46.145356][UC][I] Set PosixStore::TensorSize to 0. [983340,983340][posix_store.cc:95,ShowConfig]
[2026-03-18 13:53:46.145364][UC][I] Set PosixStore::ShardSize to 0. [983340,983340][posix_store.cc:96,ShowConfig]
[2026-03-18 13:53:46.145371][UC][I] Set PosixStore::BlockSize to 0. [983340,983340][posix_store.cc:97,ShowConfig]
[2026-03-18 13:53:46.145380][UC][I] Set PosixStore::IoDirect to false. [983340,983340][posix_store.cc:98,ShowConfig]
[2026-03-18 13:53:46.145388][UC][I] Set PosixStore::DataTransConcurrency to 16. [983340,983340][posix_store.cc:99,ShowConfig]
[2026-03-18 13:53:46.145395][UC][I] Set PosixStore::LookupConcurrency to 16. [983340,983340][posix_store.cc:100,ShowConfig]
[2026-03-18 13:53:46.145403][UC][I] Set PosixStore::TimeoutMs to 30000. [983340,983340][posix_store.cc:101,ShowConfig]
[2026-03-18 13:53:46.145410][UC][I] Set PosixStore::DataDirShardBytes to 3. [983340,983340][posix_store.cc:102,ShowConfig]
