[2026-03-26 16:41:38.130732][UC][I] Logger initialized successfully [185586,185586][__init__.py:48,<module>]
[2026-03-26 16:41:42.023320][UC][I] CPU device is available. [185586,185586][ucm_connector.py:114,__init__]
[2026-03-26 16:41:42.025572][UC][I] Loaded UCM config from /home/w2938/unified-cache-management/test/test_ucm_config.yaml [185586,185586][utils.py:54,load_ucm_config_from_yaml]
[2026-03-26 16:41:42.025634][UC][I] Using UCM with config: {'ucm_connectors': [{'ucm_connector_name': 'UcmPipelineStore', 'ucm_connector_config': {'store_pipeline': 'Posix', 'storage_backends': '/mnt/lustre47/ucm_cache', 'io_direct': False}}]} [185586,185586][utils.py:89,get_config]
[2026-03-26 16:41:42.025666][UC][I] self.launch_config: {'ucm_connectors': [{'ucm_connector_name': 'UcmPipelineStore', 'ucm_connector_config': {'store_pipeline': 'Posix', 'storage_backends': '/mnt/lustre47/ucm_cache', 'io_direct': False}}]} [185586,185586][ucm_connector.py:135,__init__]
[2026-03-26 16:41:42.027244][UC][I] Loaded UCM config from /home/w2938/unified-cache-management/test/test_ucm_config.yaml [185586,185586][utils.py:54,load_ucm_config_from_yaml]
[2026-03-26 16:41:42.027293][UC][I] Using UCM with config: {'ucm_connectors': [{'ucm_connector_name': 'UcmPipelineStore', 'ucm_connector_config': {'store_pipeline': 'Posix', 'storage_backends': '/mnt/lustre47/ucm_cache', 'io_direct': False}}]} [185586,185586][utils.py:89,get_config]
[2026-03-26 16:41:44.334158][UC][I] kv cache shape torch.Size([2, 4681, 8192]) [185586,185586][ucm_connector.py:249,register_kv_caches]
[2026-03-26 16:41:44.334229][UC][I] use mla: False, use dsa: False [185586,185586][ucm_connector.py:259,register_kv_caches]
[2026-03-26 16:41:44.395377][UC][I] create UcmPipelineStore with config: {'store_pipeline': 'Posix', 'storage_backends': ['/mnt/lustre47/ucm_cache/kv'], 'io_direct': False, 'share_buffer_enable': False, 'unique_id': '6535eade-9712-4f51-b4e1-dccbb326ca11', 'device_id': 0, 'tensor_size': 16384, 'shard_size': 917504, 'block_size': 917504, 'local_rank_size': 1} [185586,185586][ucm_connector.py:227,_create_store]
[2026-03-26 16:41:44.398261][UC][I] Creating connector with name: UcmPipelineStore [185586,185586][factory_v1.py:56,create_connector]
[2026-03-26 16:43:32.331234][UC][I] PosixStore-(Release). [185586,185586][posix_store.cc:92,ShowConfig]
[2026-03-26 16:43:32.331282][UC][I] Set PosixStore::StorageBackends to ["/mnt/lustre47/ucm_cache/kv"]. [185586,185586][posix_store.cc:93,ShowConfig]
[2026-03-26 16:43:32.331289][UC][I] Set PosixStore::DeviceId to 0. [185586,185586][posix_store.cc:94,ShowConfig]
[2026-03-26 16:43:32.331295][UC][I] Set PosixStore::TensorSize to 16384. [185586,185586][posix_store.cc:95,ShowConfig]
[2026-03-26 16:43:32.331301][UC][I] Set PosixStore::ShardSize to 917504. [185586,185586][posix_store.cc:96,ShowConfig]
[2026-03-26 16:43:32.331306][UC][I] Set PosixStore::BlockSize to 917504. [185586,185586][posix_store.cc:97,ShowConfig]
[2026-03-26 16:43:32.331311][UC][I] Set PosixStore::IoDirect to false. [185586,185586][posix_store.cc:98,ShowConfig]
[2026-03-26 16:43:32.331316][UC][I] Set PosixStore::DataTransConcurrency to 8. [185586,185586][posix_store.cc:99,ShowConfig]
[2026-03-26 16:43:32.331321][UC][I] Set PosixStore::LookupConcurrency to 8. [185586,185586][posix_store.cc:100,ShowConfig]
[2026-03-26 16:43:32.331327][UC][I] Set PosixStore::TimeoutMs to 30000. [185586,185586][posix_store.cc:101,ShowConfig]
[2026-03-26 16:43:32.331332][UC][I] Set PosixStore::DataDirShardBytes to 3. [185586,185586][posix_store.cc:102,ShowConfig]
[2026-03-26 16:43:39.656157][UC][I] CPU device is available. [185586,185586][ucm_connector.py:114,__init__]
[2026-03-26 16:43:39.657645][UC][I] Loaded UCM config from /home/w2938/unified-cache-management/test/test_ucm_config.yaml [185586,185586][utils.py:54,load_ucm_config_from_yaml]
[2026-03-26 16:43:39.657701][UC][I] Using UCM with config: {'ucm_connectors': [{'ucm_connector_name': 'UcmPipelineStore', 'ucm_connector_config': {'store_pipeline': 'Posix', 'storage_backends': '/mnt/lustre47/ucm_cache', 'io_direct': False}}]} [185586,185586][utils.py:89,get_config]
[2026-03-26 16:43:39.657773][UC][I] self.launch_config: {'ucm_connectors': [{'ucm_connector_name': 'UcmPipelineStore', 'ucm_connector_config': {'store_pipeline': 'Posix', 'storage_backends': '/mnt/lustre47/ucm_cache', 'io_direct': False}}]} [185586,185586][ucm_connector.py:135,__init__]
[2026-03-26 16:43:39.681508][UC][I] create UcmPipelineStore with config: {'store_pipeline': 'Posix', 'storage_backends': ['/mnt/lustre47/ucm_cache/kv'], 'io_direct': False, 'share_buffer_enable': False, 'unique_id': '6535eade-9712-4f51-b4e1-dccbb326ca11'} [185586,185586][ucm_connector.py:227,_create_store]
[2026-03-26 16:43:39.681561][UC][I] Creating connector with name: UcmPipelineStore [185586,185586][factory_v1.py:56,create_connector]
[2026-03-26 16:44:27.734012][UC][I] PosixStore-(Release). [185586,185586][posix_store.cc:92,ShowConfig]
[2026-03-26 16:44:27.734051][UC][I] Set PosixStore::StorageBackends to ["/mnt/lustre47/ucm_cache/kv"]. [185586,185586][posix_store.cc:93,ShowConfig]
[2026-03-26 16:44:27.734059][UC][I] Set PosixStore::DeviceId to -1. [185586,185586][posix_store.cc:94,ShowConfig]
[2026-03-26 16:44:27.734066][UC][I] Set PosixStore::TensorSize to 0. [185586,185586][posix_store.cc:95,ShowConfig]
[2026-03-26 16:44:27.734072][UC][I] Set PosixStore::ShardSize to 0. [185586,185586][posix_store.cc:96,ShowConfig]
[2026-03-26 16:44:27.734078][UC][I] Set PosixStore::BlockSize to 0. [185586,185586][posix_store.cc:97,ShowConfig]
[2026-03-26 16:44:27.734084][UC][I] Set PosixStore::IoDirect to false. [185586,185586][posix_store.cc:98,ShowConfig]
[2026-03-26 16:44:27.734090][UC][I] Set PosixStore::DataTransConcurrency to 8. [185586,185586][posix_store.cc:99,ShowConfig]
[2026-03-26 16:44:27.734096][UC][I] Set PosixStore::LookupConcurrency to 8. [185586,185586][posix_store.cc:100,ShowConfig]
[2026-03-26 16:44:27.734102][UC][I] Set PosixStore::TimeoutMs to 30000. [185586,185586][posix_store.cc:101,ShowConfig]
[2026-03-26 16:44:27.734108][UC][I] Set PosixStore::DataDirShardBytes to 3. [185586,185586][posix_store.cc:102,ShowConfig]
[2026-03-26 16:44:27.737205][UC][I] Loaded UCM config from /home/w2938/unified-cache-management/test/test_ucm_config.yaml [185586,185586][utils.py:54,load_ucm_config_from_yaml]
[2026-03-26 16:44:27.737270][UC][I] Using UCM with config: {'ucm_connectors': [{'ucm_connector_name': 'UcmPipelineStore', 'ucm_connector_config': {'store_pipeline': 'Posix', 'storage_backends': '/mnt/lustre47/ucm_cache', 'io_direct': False}}]} [185586,185586][utils.py:89,get_config]
[2026-03-26 16:45:10.698046][UC][I] request_id: cmpl-67873101af5e40e9847adc2ae1a12599-0, total_blocks_num: 6, hit hbm: 0, hit external: 0 [185586,185586][ucm_connector.py:326,get_num_new_matched_tokens]
[2026-03-26 16:46:01.033541][UC][I] request_id: cmpl-e047de742a834c4d9d9f49332d931339-0, total_blocks_num: 6, hit hbm: 0, hit external: 6 [185586,185586][ucm_connector.py:326,get_num_new_matched_tokens]
[2026-03-26 16:46:01.843948][UC][I] request_id: cmpl-5b818b58b702421289cbf8794eff8f92-0, total_blocks_num: 6, hit hbm: 0, hit external: 3 [185586,185586][ucm_connector.py:326,get_num_new_matched_tokens]
[2026-03-26 16:46:01.889320][UC][I] request_id: cmpl-62d6a82d5abb4d24ab78a2df9c7ae4b5-0, total_blocks_num: 6, hit hbm: 0, hit external: 3 [185586,185586][ucm_connector.py:326,get_num_new_matched_tokens]
[2026-03-26 16:46:01.934443][UC][I] request_id: cmpl-9b9be7785a344d7daa41bdd880748f00-0, total_blocks_num: 6, hit hbm: 0, hit external: 3 [185586,185586][ucm_connector.py:326,get_num_new_matched_tokens]
[2026-03-26 16:46:01.971497][UC][I] request_id: cmpl-f81df8790c9742c68146e188759a1929-0, total_blocks_num: 6, hit hbm: 0, hit external: 3 [185586,185586][ucm_connector.py:326,get_num_new_matched_tokens]
[2026-03-26 16:46:02.016771][UC][I] request_id: cmpl-9eb9e72d8c0a48bf8383259779630fd4-0, total_blocks_num: 6, hit hbm: 0, hit external: 3 [185586,185586][ucm_connector.py:326,get_num_new_matched_tokens]
[2026-03-26 16:46:02.053631][UC][I] request_id: cmpl-320ddfeb17fa4297a5675445b7f15e77-0, total_blocks_num: 6, hit hbm: 0, hit external: 3 [185586,185586][ucm_connector.py:326,get_num_new_matched_tokens]
[2026-03-26 16:46:02.095725][UC][I] request_id: cmpl-bce99fe6257a41428aa95eed33028c4b-0, total_blocks_num: 6, hit hbm: 0, hit external: 3 [185586,185586][ucm_connector.py:326,get_num_new_matched_tokens]
