[2026-03-18 13:58:00.281193][UC][I] Logger initialized successfully [984231,984231][__init__.py:48,<module>]
[2026-03-18 13:59:46.371807][UC][I] CPU device is available. [984231,984231][ucm_connector.py:114,__init__]
[2026-03-18 13:59:46.371867][UC][I] Using kv_connector_extra_config from terminal input [984231,984231][utils.py:81,_load_config]
[2026-03-18 13:59:46.371910][UC][I] Using UCM with config: {'ucm_connectors': [{'ucm_connector_name': 'UcmPipelineStore', 'ucm_connector_config': {'store_pipeline': 'Posix', 'storage_backends': '/home/w2938/test/ucm_kvcache_qwen7b', 'io_direct': False, 'posix_data_trans_concurrency': 16, 'posix_lookup_concurrency': 16}}]} [984231,984231][utils.py:89,get_config]
[2026-03-18 13:59:46.371945][UC][I] self.launch_config: {'ucm_connectors': [{'ucm_connector_name': 'UcmPipelineStore', 'ucm_connector_config': {'store_pipeline': 'Posix', 'storage_backends': '/home/w2938/test/ucm_kvcache_qwen7b', 'io_direct': False, 'posix_data_trans_concurrency': 16, 'posix_lookup_concurrency': 16}}]} [984231,984231][ucm_connector.py:135,__init__]
[2026-03-18 13:59:48.199444][UC][I] kv cache shape torch.Size([2, 3415, 4, 128, 128]) [984231,984231][ucm_connector.py:249,register_kv_caches]
[2026-03-18 13:59:48.199505][UC][I] use mla: False, use dsa: False [984231,984231][ucm_connector.py:259,register_kv_caches]
[2026-03-18 13:59:48.199985][UC][I] create UcmPipelineStore with config: {'store_pipeline': 'Posix', 'storage_backends': ['/home/w2938/test/ucm_kvcache_qwen7b/kv'], 'io_direct': False, 'posix_data_trans_concurrency': 16, 'posix_lookup_concurrency': 16, 'share_buffer_enable': False, 'unique_id': 'dc17c990-b315-405d-9bc2-dacbf71a615a', 'device_id': 0, 'tensor_size': 131072, 'shard_size': 7340032, 'block_size': 7340032, 'local_rank_size': 1} [984231,984231][ucm_connector.py:227,_create_store]
[2026-03-18 13:59:48.202782][UC][I] Creating connector with name: UcmPipelineStore [984231,984231][factory_v1.py:56,create_connector]
[2026-03-18 13:59:48.211300][UC][I] PosixStore-(Release). [984231,984231][posix_store.cc:92,ShowConfig]
[2026-03-18 13:59:48.211332][UC][I] Set PosixStore::StorageBackends to ["/home/w2938/test/ucm_kvcache_qwen7b/kv"]. [984231,984231][posix_store.cc:93,ShowConfig]
[2026-03-18 13:59:48.211341][UC][I] Set PosixStore::DeviceId to 0. [984231,984231][posix_store.cc:94,ShowConfig]
[2026-03-18 13:59:48.211351][UC][I] Set PosixStore::TensorSize to 131072. [984231,984231][posix_store.cc:95,ShowConfig]
[2026-03-18 13:59:48.211359][UC][I] Set PosixStore::ShardSize to 7340032. [984231,984231][posix_store.cc:96,ShowConfig]
[2026-03-18 13:59:48.211367][UC][I] Set PosixStore::BlockSize to 7340032. [984231,984231][posix_store.cc:97,ShowConfig]
[2026-03-18 13:59:48.211375][UC][I] Set PosixStore::IoDirect to false. [984231,984231][posix_store.cc:98,ShowConfig]
[2026-03-18 13:59:48.211382][UC][I] Set PosixStore::DataTransConcurrency to 16. [984231,984231][posix_store.cc:99,ShowConfig]
[2026-03-18 13:59:48.211390][UC][I] Set PosixStore::LookupConcurrency to 16. [984231,984231][posix_store.cc:100,ShowConfig]
[2026-03-18 13:59:48.211398][UC][I] Set PosixStore::TimeoutMs to 30000. [984231,984231][posix_store.cc:101,ShowConfig]
[2026-03-18 13:59:48.211406][UC][I] Set PosixStore::DataDirShardBytes to 3. [984231,984231][posix_store.cc:102,ShowConfig]
[2026-03-18 14:00:39.142104][UC][I] CPU device is available. [984231,984231][ucm_connector.py:114,__init__]
[2026-03-18 14:00:39.142150][UC][I] Using kv_connector_extra_config from terminal input [984231,984231][utils.py:81,_load_config]
[2026-03-18 14:00:39.142187][UC][I] Using UCM with config: {'ucm_connectors': [{'ucm_connector_name': 'UcmPipelineStore', 'ucm_connector_config': {'store_pipeline': 'Posix', 'storage_backends': '/home/w2938/test/ucm_kvcache_qwen7b', 'io_direct': False, 'posix_data_trans_concurrency': 16, 'posix_lookup_concurrency': 16}}]} [984231,984231][utils.py:89,get_config]
[2026-03-18 14:00:39.142217][UC][I] self.launch_config: {'ucm_connectors': [{'ucm_connector_name': 'UcmPipelineStore', 'ucm_connector_config': {'store_pipeline': 'Posix', 'storage_backends': '/home/w2938/test/ucm_kvcache_qwen7b', 'io_direct': False, 'posix_data_trans_concurrency': 16, 'posix_lookup_concurrency': 16}}]} [984231,984231][ucm_connector.py:135,__init__]
[2026-03-18 14:00:39.142448][UC][I] create UcmPipelineStore with config: {'store_pipeline': 'Posix', 'storage_backends': ['/home/w2938/test/ucm_kvcache_qwen7b/kv'], 'io_direct': False, 'posix_data_trans_concurrency': 16, 'posix_lookup_concurrency': 16, 'share_buffer_enable': False, 'unique_id': 'dc17c990-b315-405d-9bc2-dacbf71a615a'} [984231,984231][ucm_connector.py:227,_create_store]
[2026-03-18 14:00:39.142496][UC][I] Creating connector with name: UcmPipelineStore [984231,984231][factory_v1.py:56,create_connector]
[2026-03-18 14:00:39.149471][UC][I] PosixStore-(Release). [984231,984231][posix_store.cc:92,ShowConfig]
[2026-03-18 14:00:39.149500][UC][I] Set PosixStore::StorageBackends to ["/home/w2938/test/ucm_kvcache_qwen7b/kv"]. [984231,984231][posix_store.cc:93,ShowConfig]
[2026-03-18 14:00:39.149509][UC][I] Set PosixStore::DeviceId to -1. [984231,984231][posix_store.cc:94,ShowConfig]
[2026-03-18 14:00:39.149516][UC][I] Set PosixStore::TensorSize to 0. [984231,984231][posix_store.cc:95,ShowConfig]
[2026-03-18 14:00:39.149523][UC][I] Set PosixStore::ShardSize to 0. [984231,984231][posix_store.cc:96,ShowConfig]
[2026-03-18 14:00:39.149532][UC][I] Set PosixStore::BlockSize to 0. [984231,984231][posix_store.cc:97,ShowConfig]
[2026-03-18 14:00:39.149539][UC][I] Set PosixStore::IoDirect to false. [984231,984231][posix_store.cc:98,ShowConfig]
[2026-03-18 14:00:39.149545][UC][I] Set PosixStore::DataTransConcurrency to 16. [984231,984231][posix_store.cc:99,ShowConfig]
[2026-03-18 14:00:39.149552][UC][I] Set PosixStore::LookupConcurrency to 16. [984231,984231][posix_store.cc:100,ShowConfig]
[2026-03-18 14:00:39.149559][UC][I] Set PosixStore::TimeoutMs to 30000. [984231,984231][posix_store.cc:101,ShowConfig]
[2026-03-18 14:00:39.149566][UC][I] Set PosixStore::DataDirShardBytes to 3. [984231,984231][posix_store.cc:102,ShowConfig]
