[2026-03-26 10:08:29.121595][UC][I] Logger initialized successfully [19772,19772][__init__.py:48,<module>]
[2026-03-26 10:08:32.862671][UC][I] CPU device is available. [19772,19772][ucm_connector.py:114,__init__]
[2026-03-26 10:08:32.864775][UC][I] Loaded UCM config from /home/w2938/unified-cache-management/test/test_ucm_config.yaml [19772,19772][utils.py:54,load_ucm_config_from_yaml]
[2026-03-26 10:08:32.864836][UC][I] Using UCM with config: {'ucm_connectors': [{'ucm_connector_name': 'UcmNfsStore', 'ucm_connector_config': {'storage_backends': '/home/w2938/model', 'io_direct': False}}]} [19772,19772][utils.py:89,get_config]
[2026-03-26 10:08:32.864872][UC][I] self.launch_config: {'ucm_connectors': [{'ucm_connector_name': 'UcmNfsStore', 'ucm_connector_config': {'storage_backends': '/home/w2938/model', 'io_direct': False}}]} [19772,19772][ucm_connector.py:135,__init__]
[2026-03-26 10:08:32.866281][UC][I] Loaded UCM config from /home/w2938/unified-cache-management/test/test_ucm_config.yaml [19772,19772][utils.py:54,load_ucm_config_from_yaml]
[2026-03-26 10:08:32.866326][UC][I] Using UCM with config: {'ucm_connectors': [{'ucm_connector_name': 'UcmNfsStore', 'ucm_connector_config': {'storage_backends': '/home/w2938/model', 'io_direct': False}}]} [19772,19772][utils.py:89,get_config]
[2026-03-26 10:08:35.169244][UC][I] kv cache shape torch.Size([2, 4681, 8192]) [19772,19772][ucm_connector.py:249,register_kv_caches]
[2026-03-26 10:08:35.169316][UC][I] use mla: False, use dsa: False [19772,19772][ucm_connector.py:259,register_kv_caches]
[2026-03-26 10:08:35.170002][UC][I] create UcmNfsStore with config: {'storage_backends': ['/home/w2938/model/kv'], 'io_direct': False, 'share_buffer_enable': False, 'unique_id': 'b02cfce6-efa7-4995-8310-d376e2dea830', 'device_id': 0, 'tensor_size': 16384, 'shard_size': 917504, 'block_size': 917504, 'local_rank_size': 1} [19772,19772][ucm_connector.py:227,_create_store]
[2026-03-26 10:08:35.174051][UC][I] Creating connector with name: UcmNfsStore [19772,19772][factory_v1.py:56,create_connector]
[2026-03-26 10:08:36.067682][UC][I] PcStore-(Release). [19772,19772][pcstore.cc:89,ShowConfig]
[2026-03-26 10:08:36.067728][UC][I] Set UC::StorageBackends to ["/home/w2938/model/kv"]. [19772,19772][pcstore.cc:90,ShowConfig]
[2026-03-26 10:08:36.067736][UC][I] Set UC::BlockSize to 917504. [19772,19772][pcstore.cc:91,ShowConfig]
[2026-03-26 10:08:36.067741][UC][I] Set UC::TransferEnable to true. [19772,19772][pcstore.cc:92,ShowConfig]
[2026-03-26 10:08:36.067747][UC][I] Set UC::UniqueId to b02cfce6-efa7-4995-8310-d376e2dea830. [19772,19772][pcstore.cc:93,ShowConfig]
[2026-03-26 10:08:36.067752][UC][I] Set UC::IoSize to 16384. [19772,19772][pcstore.cc:94,ShowConfig]
[2026-03-26 10:08:36.067758][UC][I] Set UC::IoDirect to false. [19772,19772][pcstore.cc:95,ShowConfig]
[2026-03-26 10:08:36.067764][UC][I] Set UC::LocalRankSize to 1. [19772,19772][pcstore.cc:96,ShowConfig]
[2026-03-26 10:08:36.067769][UC][I] Set UC::DeviceId to 0. [19772,19772][pcstore.cc:97,ShowConfig]
[2026-03-26 10:08:36.067774][UC][I] Set UC::StreamNumber to 8. [19772,19772][pcstore.cc:98,ShowConfig]
[2026-03-26 10:08:36.067780][UC][I] Set UC::BufferNumber to 4096. [19772,19772][pcstore.cc:99,ShowConfig]
[2026-03-26 10:08:36.067785][UC][I] Set UC::TimeoutMs to 30000. [19772,19772][pcstore.cc:100,ShowConfig]
[2026-03-26 10:08:36.067793][UC][I] Set UC::ScatterGatherEnable to false. [19772,19772][pcstore.cc:101,ShowConfig]
[2026-03-26 10:08:36.067799][UC][I] Set UC::ShardDataDir to true. [19772,19772][pcstore.cc:102,ShowConfig]
[2026-03-26 10:08:43.397306][UC][I] CPU device is available. [19772,19772][ucm_connector.py:114,__init__]
[2026-03-26 10:08:43.400102][UC][I] Loaded UCM config from /home/w2938/unified-cache-management/test/test_ucm_config.yaml [19772,19772][utils.py:54,load_ucm_config_from_yaml]
[2026-03-26 10:08:43.400174][UC][I] Using UCM with config: {'ucm_connectors': [{'ucm_connector_name': 'UcmNfsStore', 'ucm_connector_config': {'storage_backends': '/home/w2938/model', 'io_direct': False}}]} [19772,19772][utils.py:89,get_config]
[2026-03-26 10:08:43.400203][UC][I] self.launch_config: {'ucm_connectors': [{'ucm_connector_name': 'UcmNfsStore', 'ucm_connector_config': {'storage_backends': '/home/w2938/model', 'io_direct': False}}]} [19772,19772][ucm_connector.py:135,__init__]
[2026-03-26 10:08:43.400440][UC][I] create UcmNfsStore with config: {'storage_backends': ['/home/w2938/model/kv'], 'io_direct': False, 'share_buffer_enable': False, 'unique_id': 'b02cfce6-efa7-4995-8310-d376e2dea830'} [19772,19772][ucm_connector.py:227,_create_store]
[2026-03-26 10:08:43.400476][UC][I] Creating connector with name: UcmNfsStore [19772,19772][factory_v1.py:56,create_connector]
[2026-03-26 10:08:43.400561][UC][I] PcStore-(Release). [19772,19772][pcstore.cc:89,ShowConfig]
[2026-03-26 10:08:43.400575][UC][I] Set UC::StorageBackends to ["/home/w2938/model/kv"]. [19772,19772][pcstore.cc:90,ShowConfig]
[2026-03-26 10:08:43.400582][UC][I] Set UC::BlockSize to 0. [19772,19772][pcstore.cc:91,ShowConfig]
[2026-03-26 10:08:43.400589][UC][I] Set UC::TransferEnable to false. [19772,19772][pcstore.cc:92,ShowConfig]
[2026-03-26 10:08:43.400595][UC][I] Set UC::UniqueId to b02cfce6-efa7-4995-8310-d376e2dea830. [19772,19772][pcstore.cc:93,ShowConfig]
[2026-03-26 10:08:43.400602][UC][I] Set UC::IoSize to 262144. [19772,19772][pcstore.cc:94,ShowConfig]
[2026-03-26 10:08:43.400608][UC][I] Set UC::IoDirect to false. [19772,19772][pcstore.cc:95,ShowConfig]
[2026-03-26 10:08:43.400614][UC][I] Set UC::LocalRankSize to 1. [19772,19772][pcstore.cc:96,ShowConfig]
[2026-03-26 10:08:43.400620][UC][I] Set UC::DeviceId to -1. [19772,19772][pcstore.cc:97,ShowConfig]
[2026-03-26 10:08:43.400626][UC][I] Set UC::StreamNumber to 8. [19772,19772][pcstore.cc:98,ShowConfig]
[2026-03-26 10:08:43.400632][UC][I] Set UC::BufferNumber to 4096. [19772,19772][pcstore.cc:99,ShowConfig]
[2026-03-26 10:08:43.400638][UC][I] Set UC::TimeoutMs to 30000. [19772,19772][pcstore.cc:100,ShowConfig]
[2026-03-26 10:08:43.400644][UC][I] Set UC::ScatterGatherEnable to false. [19772,19772][pcstore.cc:101,ShowConfig]
[2026-03-26 10:08:43.400650][UC][I] Set UC::ShardDataDir to true. [19772,19772][pcstore.cc:102,ShowConfig]
[2026-03-26 10:08:43.402182][UC][I] Loaded UCM config from /home/w2938/unified-cache-management/test/test_ucm_config.yaml [19772,19772][utils.py:54,load_ucm_config_from_yaml]
[2026-03-26 10:08:43.402233][UC][I] Using UCM with config: {'ucm_connectors': [{'ucm_connector_name': 'UcmNfsStore', 'ucm_connector_config': {'storage_backends': '/home/w2938/model', 'io_direct': False}}]} [19772,19772][utils.py:89,get_config]
[2026-03-26 10:09:03.334809][UC][I] request_id: chatcmpl-3034ab9b51464fcc92b81b28a9f5a6d7, total_blocks_num: 8, hit hbm: 0, hit external: 0 [19772,19772][ucm_connector.py:326,get_num_new_matched_tokens]
[2026-03-26 10:09:29.721001][UC][I] request_id: chatcmpl-bb4cf9335bea41efb4bd1be3eaf1a383, total_blocks_num: 8, hit hbm: 0, hit external: 8 [19772,19772][ucm_connector.py:326,get_num_new_matched_tokens]
[2026-03-26 10:09:29.721385][UC][I] request_id: chatcmpl-49e1736b81234a1dbd475716b66c404a, total_blocks_num: 8, hit hbm: 0, hit external: 8 [19772,19772][ucm_connector.py:326,get_num_new_matched_tokens]
[2026-03-26 10:09:29.721666][UC][I] request_id: chatcmpl-7c085d9e1f9648ee823d1bb6f9be7996, total_blocks_num: 8, hit hbm: 0, hit external: 8 [19772,19772][ucm_connector.py:326,get_num_new_matched_tokens]
[2026-03-26 10:09:29.721936][UC][I] request_id: chatcmpl-7f17f15d16904578a17108658c3e5bfc, total_blocks_num: 8, hit hbm: 0, hit external: 8 [19772,19772][ucm_connector.py:326,get_num_new_matched_tokens]
[2026-03-26 10:09:29.722198][UC][I] request_id: chatcmpl-dbe88d4e69014552bcabd778ff4ea684, total_blocks_num: 8, hit hbm: 0, hit external: 8 [19772,19772][ucm_connector.py:326,get_num_new_matched_tokens]
[2026-03-26 10:09:29.722465][UC][I] request_id: chatcmpl-075a622472924477a6f8ca913d21264d, total_blocks_num: 8, hit hbm: 0, hit external: 8 [19772,19772][ucm_connector.py:326,get_num_new_matched_tokens]
[2026-03-26 10:09:29.722724][UC][I] request_id: chatcmpl-fed88450ea444b0a9a2fb9dbd7c48f56, total_blocks_num: 8, hit hbm: 0, hit external: 8 [19772,19772][ucm_connector.py:326,get_num_new_matched_tokens]
[2026-03-26 10:25:24.731260][UC][I] request_id: chatcmpl-30331fadbef74a058f9ca909e1fb41ab, total_blocks_num: 8, hit hbm: 0, hit external: 8 [19772,19772][ucm_connector.py:326,get_num_new_matched_tokens]
[2026-03-26 10:25:26.623867][UC][I] request_id: chatcmpl-ddcff77375484bdcb82b3cb5acec7215, total_blocks_num: 8, hit hbm: 0, hit external: 8 [19772,19772][ucm_connector.py:326,get_num_new_matched_tokens]
[2026-03-26 10:25:26.624182][UC][I] request_id: chatcmpl-7645522e818f416d9e89bdd9427839df, total_blocks_num: 8, hit hbm: 0, hit external: 8 [19772,19772][ucm_connector.py:326,get_num_new_matched_tokens]
[2026-03-26 10:25:26.624499][UC][I] request_id: chatcmpl-b099bebc0f214d37bab4c926b6f2a53a, total_blocks_num: 8, hit hbm: 0, hit external: 8 [19772,19772][ucm_connector.py:326,get_num_new_matched_tokens]
[2026-03-26 10:25:26.624739][UC][I] request_id: chatcmpl-54517303aba44ff3a5a2c750e8a48c82, total_blocks_num: 8, hit hbm: 0, hit external: 8 [19772,19772][ucm_connector.py:326,get_num_new_matched_tokens]
[2026-03-26 10:25:26.624963][UC][I] request_id: chatcmpl-5caab54f4bd142b2928e8e0cffcddc76, total_blocks_num: 8, hit hbm: 0, hit external: 8 [19772,19772][ucm_connector.py:326,get_num_new_matched_tokens]
[2026-03-26 10:25:26.625183][UC][I] request_id: chatcmpl-aef73f7b6a53470ba7f8d6941ccd566a, total_blocks_num: 8, hit hbm: 0, hit external: 8 [19772,19772][ucm_connector.py:326,get_num_new_matched_tokens]
[2026-03-26 10:25:26.625411][UC][I] request_id: chatcmpl-5e3c2ee112294f599ef3dbb05e619729, total_blocks_num: 8, hit hbm: 0, hit external: 8 [19772,19772][ucm_connector.py:326,get_num_new_matched_tokens]
[2026-03-26 10:29:56.535304][UC][I] request_id: chatcmpl-82ab613730824e53b46f4c0e19cd6919, total_blocks_num: 8, hit hbm: 0, hit external: 0 [19772,19772][ucm_connector.py:326,get_num_new_matched_tokens]
[2026-03-26 10:30:22.892489][UC][E] Failed(2,-50002) to open file(/home/w2938/model/kv/.temp/304a0c5c88edccea09f9825e35f6b2fd) with flags(65). [19772,20010][posix_file.cc:106,Open]
[2026-03-26 10:30:22.892657][UC][E] Failed(2,-50002) to open file(/home/w2938/model/kv/.temp/d59f1fa922ff265073af956c24eec053) with flags(65). [19772,20010][posix_file.cc:106,Open]
[2026-03-26 10:30:22.892679][UC][E] Failed(2,-50002) to open file(/home/w2938/model/kv/.temp/38a587ac5d87988f23e6707fe309e8f7) with flags(65). [19772,20010][posix_file.cc:106,Open]
[2026-03-26 10:30:22.892699][UC][E] Failed(2,-50002) to open file(/home/w2938/model/kv/.temp/bd11936f8f131fc070bf90c1f226c9e1) with flags(65). [19772,20010][posix_file.cc:106,Open]
[2026-03-26 10:30:22.892717][UC][E] Failed(2,-50002) to open file(/home/w2938/model/kv/.temp/1a4bb9ab44c8429b0ff6b5fac00019dc) with flags(65). [19772,20010][posix_file.cc:106,Open]
[2026-03-26 10:30:22.892736][UC][E] Failed(2,-50002) to open file(/home/w2938/model/kv/.temp/95cd8af820c8f65ab3d79ca2fdc5dc36) with flags(65). [19772,20010][posix_file.cc:106,Open]
[2026-03-26 10:30:22.892754][UC][E] Failed(2,-50002) to open file(/home/w2938/model/kv/.temp/63ca68079514671644575e6eb9d41b7e) with flags(65). [19772,20010][posix_file.cc:106,Open]
[2026-03-26 10:30:22.892772][UC][E] Failed(2,-50002) to open file(/home/w2938/model/kv/.temp/64f514d0769c63ab52d25893d03bc700) with flags(65). [19772,20010][posix_file.cc:106,Open]
[2026-03-26 10:30:22.913880][UC][I] request_id: chatcmpl-cef9f5efb7bf400c83dd30e30f3bb450, total_blocks_num: 8, hit hbm: 0, hit external: 0 [19772,19772][ucm_connector.py:326,get_num_new_matched_tokens]
[2026-03-26 10:30:22.914167][UC][I] request_id: chatcmpl-f154e2005a4c495b942fd9f9259c9009, total_blocks_num: 8, hit hbm: 0, hit external: 0 [19772,19772][ucm_connector.py:326,get_num_new_matched_tokens]
[2026-03-26 10:30:22.914405][UC][I] request_id: chatcmpl-a815e93d264e436d8789a82a262d0d64, total_blocks_num: 8, hit hbm: 0, hit external: 0 [19772,19772][ucm_connector.py:326,get_num_new_matched_tokens]
[2026-03-26 10:30:22.914631][UC][I] request_id: chatcmpl-e595e6ce33244a92b921edd342555937, total_blocks_num: 8, hit hbm: 0, hit external: 0 [19772,19772][ucm_connector.py:326,get_num_new_matched_tokens]
[2026-03-26 10:30:22.914914][UC][I] request_id: chatcmpl-1932ff7fe7cf46098eebaad94da6a9ce, total_blocks_num: 8, hit hbm: 0, hit external: 0 [19772,19772][ucm_connector.py:326,get_num_new_matched_tokens]
[2026-03-26 10:30:22.915136][UC][I] request_id: chatcmpl-8118a7f17ad24bfe931f0aa17cff160f, total_blocks_num: 8, hit hbm: 0, hit external: 0 [19772,19772][ucm_connector.py:326,get_num_new_matched_tokens]
[2026-03-26 10:30:22.915364][UC][I] request_id: chatcmpl-39af4f8353a54a20a76f9221fb024bba, total_blocks_num: 8, hit hbm: 0, hit external: 0 [19772,19772][ucm_connector.py:326,get_num_new_matched_tokens]
[2026-03-26 10:32:39.866838][UC][E] Failed(2,-50002) to open file(/home/w2938/model/kv/.temp/304a0c5c88edccea09f9825e35f6b2fd) with flags(65). [19772,20010][posix_file.cc:106,Open]
[2026-03-26 10:32:39.866949][UC][E] Failed(2,-50002) to open file(/home/w2938/model/kv/.temp/d59f1fa922ff265073af956c24eec053) with flags(65). [19772,20010][posix_file.cc:106,Open]
[2026-03-26 10:32:39.866976][UC][E] Failed(2,-50002) to open file(/home/w2938/model/kv/.temp/38a587ac5d87988f23e6707fe309e8f7) with flags(65). [19772,20010][posix_file.cc:106,Open]
[2026-03-26 10:32:39.867000][UC][E] Failed(2,-50002) to open file(/home/w2938/model/kv/.temp/bd11936f8f131fc070bf90c1f226c9e1) with flags(65). [19772,20010][posix_file.cc:106,Open]
[2026-03-26 10:32:39.867022][UC][E] Failed(2,-50002) to open file(/home/w2938/model/kv/.temp/1a4bb9ab44c8429b0ff6b5fac00019dc) with flags(65). [19772,20010][posix_file.cc:106,Open]
[2026-03-26 10:32:39.867044][UC][E] Failed(2,-50002) to open file(/home/w2938/model/kv/.temp/95cd8af820c8f65ab3d79ca2fdc5dc36) with flags(65). [19772,20010][posix_file.cc:106,Open]
[2026-03-26 10:32:39.867066][UC][E] Failed(2,-50002) to open file(/home/w2938/model/kv/.temp/63ca68079514671644575e6eb9d41b7e) with flags(65). [19772,20010][posix_file.cc:106,Open]
[2026-03-26 10:32:39.867088][UC][E] Failed(2,-50002) to open file(/home/w2938/model/kv/.temp/64f514d0769c63ab52d25893d03bc700) with flags(65). [19772,20010][posix_file.cc:106,Open]
