[2026-03-25 18:14:44.605399][UC][I] Logger initialized successfully [3848379,3848379][__init__.py:48,<module>]
[2026-03-25 18:14:49.008195][UC][I] CPU device is available. [3848379,3848379][ucm_connector.py:114,__init__]
[2026-03-25 18:14:49.010246][UC][I] Loaded UCM config from /home/w2938/unified-cache-management/test/test_ucm_config.yaml [3848379,3848379][utils.py:54,load_ucm_config_from_yaml]
[2026-03-25 18:14:49.010364][UC][I] Using UCM with config: {'ucm_connectors': [{'ucm_connector_name': 'UcmNfsStore', 'ucm_connector_config': {'storage_backends': '/home/w2938/model', 'io_direct': False}}]} [3848379,3848379][utils.py:89,get_config]
[2026-03-25 18:14:49.010401][UC][I] self.launch_config: {'ucm_connectors': [{'ucm_connector_name': 'UcmNfsStore', 'ucm_connector_config': {'storage_backends': '/home/w2938/model', 'io_direct': False}}]} [3848379,3848379][ucm_connector.py:135,__init__]
[2026-03-25 18:14:49.011858][UC][I] Loaded UCM config from /home/w2938/unified-cache-management/test/test_ucm_config.yaml [3848379,3848379][utils.py:54,load_ucm_config_from_yaml]
[2026-03-25 18:14:49.011904][UC][I] Using UCM with config: {'ucm_connectors': [{'ucm_connector_name': 'UcmNfsStore', 'ucm_connector_config': {'storage_backends': '/home/w2938/model', 'io_direct': False}}]} [3848379,3848379][utils.py:89,get_config]
[2026-03-25 18:14:51.315771][UC][I] kv cache shape torch.Size([2, 4681, 8192]) [3848379,3848379][ucm_connector.py:249,register_kv_caches]
[2026-03-25 18:14:51.315839][UC][I] use mla: False, use dsa: False [3848379,3848379][ucm_connector.py:259,register_kv_caches]
[2026-03-25 18:14:51.316537][UC][I] create UcmNfsStore with config: {'storage_backends': ['/home/w2938/model/kv'], 'io_direct': False, 'share_buffer_enable': False, 'unique_id': '849999ec-fa94-4289-9583-156f23dd0a5f', 'device_id': 0, 'tensor_size': 16384, 'shard_size': 917504, 'block_size': 917504, 'local_rank_size': 1} [3848379,3848379][ucm_connector.py:227,_create_store]
[2026-03-25 18:14:51.320652][UC][I] Creating connector with name: UcmNfsStore [3848379,3848379][factory_v1.py:56,create_connector]
[2026-03-25 18:14:52.214086][UC][I] PcStore-(Release). [3848379,3848379][pcstore.cc:89,ShowConfig]
[2026-03-25 18:14:52.214134][UC][I] Set UC::StorageBackends to ["/home/w2938/model/kv"]. [3848379,3848379][pcstore.cc:90,ShowConfig]
[2026-03-25 18:14:52.214141][UC][I] Set UC::BlockSize to 917504. [3848379,3848379][pcstore.cc:91,ShowConfig]
[2026-03-25 18:14:52.214147][UC][I] Set UC::TransferEnable to true. [3848379,3848379][pcstore.cc:92,ShowConfig]
[2026-03-25 18:14:52.214153][UC][I] Set UC::UniqueId to 849999ec-fa94-4289-9583-156f23dd0a5f. [3848379,3848379][pcstore.cc:93,ShowConfig]
[2026-03-25 18:14:52.214158][UC][I] Set UC::IoSize to 16384. [3848379,3848379][pcstore.cc:94,ShowConfig]
[2026-03-25 18:14:52.214164][UC][I] Set UC::IoDirect to false. [3848379,3848379][pcstore.cc:95,ShowConfig]
[2026-03-25 18:14:52.214170][UC][I] Set UC::LocalRankSize to 1. [3848379,3848379][pcstore.cc:96,ShowConfig]
[2026-03-25 18:14:52.214174][UC][I] Set UC::DeviceId to 0. [3848379,3848379][pcstore.cc:97,ShowConfig]
[2026-03-25 18:14:52.214180][UC][I] Set UC::StreamNumber to 8. [3848379,3848379][pcstore.cc:98,ShowConfig]
[2026-03-25 18:14:52.214186][UC][I] Set UC::BufferNumber to 4096. [3848379,3848379][pcstore.cc:99,ShowConfig]
[2026-03-25 18:14:52.214191][UC][I] Set UC::TimeoutMs to 30000. [3848379,3848379][pcstore.cc:100,ShowConfig]
[2026-03-25 18:14:52.214197][UC][I] Set UC::ScatterGatherEnable to false. [3848379,3848379][pcstore.cc:101,ShowConfig]
[2026-03-25 18:14:52.214203][UC][I] Set UC::ShardDataDir to true. [3848379,3848379][pcstore.cc:102,ShowConfig]
[2026-03-25 18:14:59.544174][UC][I] CPU device is available. [3848379,3848379][ucm_connector.py:114,__init__]
[2026-03-25 18:14:59.546982][UC][I] Loaded UCM config from /home/w2938/unified-cache-management/test/test_ucm_config.yaml [3848379,3848379][utils.py:54,load_ucm_config_from_yaml]
[2026-03-25 18:14:59.547053][UC][I] Using UCM with config: {'ucm_connectors': [{'ucm_connector_name': 'UcmNfsStore', 'ucm_connector_config': {'storage_backends': '/home/w2938/model', 'io_direct': False}}]} [3848379,3848379][utils.py:89,get_config]
[2026-03-25 18:14:59.547124][UC][I] self.launch_config: {'ucm_connectors': [{'ucm_connector_name': 'UcmNfsStore', 'ucm_connector_config': {'storage_backends': '/home/w2938/model', 'io_direct': False}}]} [3848379,3848379][ucm_connector.py:135,__init__]
[2026-03-25 18:14:59.547308][UC][I] create UcmNfsStore with config: {'storage_backends': ['/home/w2938/model/kv'], 'io_direct': False, 'share_buffer_enable': False, 'unique_id': '849999ec-fa94-4289-9583-156f23dd0a5f'} [3848379,3848379][ucm_connector.py:227,_create_store]
[2026-03-25 18:14:59.547345][UC][I] Creating connector with name: UcmNfsStore [3848379,3848379][factory_v1.py:56,create_connector]
[2026-03-25 18:14:59.547429][UC][I] PcStore-(Release). [3848379,3848379][pcstore.cc:89,ShowConfig]
[2026-03-25 18:14:59.547442][UC][I] Set UC::StorageBackends to ["/home/w2938/model/kv"]. [3848379,3848379][pcstore.cc:90,ShowConfig]
[2026-03-25 18:14:59.547450][UC][I] Set UC::BlockSize to 0. [3848379,3848379][pcstore.cc:91,ShowConfig]
[2026-03-25 18:14:59.547456][UC][I] Set UC::TransferEnable to false. [3848379,3848379][pcstore.cc:92,ShowConfig]
[2026-03-25 18:14:59.547462][UC][I] Set UC::UniqueId to 849999ec-fa94-4289-9583-156f23dd0a5f. [3848379,3848379][pcstore.cc:93,ShowConfig]
[2026-03-25 18:14:59.547468][UC][I] Set UC::IoSize to 262144. [3848379,3848379][pcstore.cc:94,ShowConfig]
[2026-03-25 18:14:59.547475][UC][I] Set UC::IoDirect to false. [3848379,3848379][pcstore.cc:95,ShowConfig]
[2026-03-25 18:14:59.547481][UC][I] Set UC::LocalRankSize to 1. [3848379,3848379][pcstore.cc:96,ShowConfig]
[2026-03-25 18:14:59.547487][UC][I] Set UC::DeviceId to -1. [3848379,3848379][pcstore.cc:97,ShowConfig]
[2026-03-25 18:14:59.547494][UC][I] Set UC::StreamNumber to 8. [3848379,3848379][pcstore.cc:98,ShowConfig]
[2026-03-25 18:14:59.547499][UC][I] Set UC::BufferNumber to 4096. [3848379,3848379][pcstore.cc:99,ShowConfig]
[2026-03-25 18:14:59.547505][UC][I] Set UC::TimeoutMs to 30000. [3848379,3848379][pcstore.cc:100,ShowConfig]
[2026-03-25 18:14:59.547511][UC][I] Set UC::ScatterGatherEnable to false. [3848379,3848379][pcstore.cc:101,ShowConfig]
[2026-03-25 18:14:59.547517][UC][I] Set UC::ShardDataDir to true. [3848379,3848379][pcstore.cc:102,ShowConfig]
[2026-03-25 18:14:59.549043][UC][I] Loaded UCM config from /home/w2938/unified-cache-management/test/test_ucm_config.yaml [3848379,3848379][utils.py:54,load_ucm_config_from_yaml]
[2026-03-25 18:14:59.549092][UC][I] Using UCM with config: {'ucm_connectors': [{'ucm_connector_name': 'UcmNfsStore', 'ucm_connector_config': {'storage_backends': '/home/w2938/model', 'io_direct': False}}]} [3848379,3848379][utils.py:89,get_config]
