[2026-03-18 13:50:24.721982][UC][I] Logger initialized successfully [982891,982891][__init__.py:48,<module>]
[2026-03-18 13:50:34.366206][UC][I] CPU device is available. [982891,982891][ucm_connector.py:114,__init__]
[2026-03-18 13:50:34.366264][UC][I] Using kv_connector_extra_config from terminal input [982891,982891][utils.py:81,_load_config]
[2026-03-18 13:50:34.366309][UC][I] Using UCM with config: {'ucm_connectors': [{'ucm_connector_name': 'UcmPipelineStore', 'ucm_connector_config': {'store_pipeline': 'Posix', 'storage_backends': '/home/w2938/test/ucm_kvcache_qwen7b', 'io_direct': False, 'posix_data_trans_concurrency': 16, 'posix_lookup_concurrency': 16}}]} [982891,982891][utils.py:89,get_config]
[2026-03-18 13:50:34.366343][UC][I] self.launch_config: {'ucm_connectors': [{'ucm_connector_name': 'UcmPipelineStore', 'ucm_connector_config': {'store_pipeline': 'Posix', 'storage_backends': '/home/w2938/test/ucm_kvcache_qwen7b', 'io_direct': False, 'posix_data_trans_concurrency': 16, 'posix_lookup_concurrency': 16}}]} [982891,982891][ucm_connector.py:135,__init__]
[2026-03-18 13:50:36.727499][UC][I] kv cache shape torch.Size([2, 3415, 4, 128, 128]) [982891,982891][ucm_connector.py:249,register_kv_caches]
[2026-03-18 13:50:36.727561][UC][I] use mla: False, use dsa: False [982891,982891][ucm_connector.py:259,register_kv_caches]
[2026-03-18 13:50:36.728098][UC][I] create UcmPipelineStore with config: {'store_pipeline': 'Posix', 'storage_backends': ['/home/w2938/test/ucm_kvcache_qwen7b/kv'], 'io_direct': False, 'posix_data_trans_concurrency': 16, 'posix_lookup_concurrency': 16, 'share_buffer_enable': False, 'unique_id': '1e2d2809-ba24-4d93-acf7-1dc5ecc4d15b', 'device_id': 0, 'tensor_size': 131072, 'shard_size': 7340032, 'block_size': 7340032, 'local_rank_size': 1} [982891,982891][ucm_connector.py:227,_create_store]
[2026-03-18 13:50:36.766167][UC][I] Creating connector with name: UcmPipelineStore [982891,982891][factory_v1.py:56,create_connector]
[2026-03-18 13:50:37.151230][UC][I] PosixStore-(Release). [982891,982891][posix_store.cc:92,ShowConfig]
[2026-03-18 13:50:37.151284][UC][I] Set PosixStore::StorageBackends to ["/home/w2938/test/ucm_kvcache_qwen7b/kv"]. [982891,982891][posix_store.cc:93,ShowConfig]
[2026-03-18 13:50:37.151295][UC][I] Set PosixStore::DeviceId to 0. [982891,982891][posix_store.cc:94,ShowConfig]
[2026-03-18 13:50:37.151303][UC][I] Set PosixStore::TensorSize to 131072. [982891,982891][posix_store.cc:95,ShowConfig]
[2026-03-18 13:50:37.151313][UC][I] Set PosixStore::ShardSize to 7340032. [982891,982891][posix_store.cc:96,ShowConfig]
[2026-03-18 13:50:37.151320][UC][I] Set PosixStore::BlockSize to 7340032. [982891,982891][posix_store.cc:97,ShowConfig]
[2026-03-18 13:50:37.151327][UC][I] Set PosixStore::IoDirect to false. [982891,982891][posix_store.cc:98,ShowConfig]
[2026-03-18 13:50:37.151335][UC][I] Set PosixStore::DataTransConcurrency to 16. [982891,982891][posix_store.cc:99,ShowConfig]
[2026-03-18 13:50:37.151344][UC][I] Set PosixStore::LookupConcurrency to 16. [982891,982891][posix_store.cc:100,ShowConfig]
[2026-03-18 13:50:37.151352][UC][I] Set PosixStore::TimeoutMs to 30000. [982891,982891][posix_store.cc:101,ShowConfig]
[2026-03-18 13:50:37.151360][UC][I] Set PosixStore::DataDirShardBytes to 3. [982891,982891][posix_store.cc:102,ShowConfig]
[2026-03-18 13:51:27.651401][UC][I] CPU device is available. [982891,982891][ucm_connector.py:114,__init__]
[2026-03-18 13:51:27.651444][UC][I] Using kv_connector_extra_config from terminal input [982891,982891][utils.py:81,_load_config]
[2026-03-18 13:51:27.651476][UC][I] Using UCM with config: {'ucm_connectors': [{'ucm_connector_name': 'UcmPipelineStore', 'ucm_connector_config': {'store_pipeline': 'Posix', 'storage_backends': '/home/w2938/test/ucm_kvcache_qwen7b', 'io_direct': False, 'posix_data_trans_concurrency': 16, 'posix_lookup_concurrency': 16}}]} [982891,982891][utils.py:89,get_config]
[2026-03-18 13:51:27.651502][UC][I] self.launch_config: {'ucm_connectors': [{'ucm_connector_name': 'UcmPipelineStore', 'ucm_connector_config': {'store_pipeline': 'Posix', 'storage_backends': '/home/w2938/test/ucm_kvcache_qwen7b', 'io_direct': False, 'posix_data_trans_concurrency': 16, 'posix_lookup_concurrency': 16}}]} [982891,982891][ucm_connector.py:135,__init__]
[2026-03-18 13:51:27.651694][UC][I] create UcmPipelineStore with config: {'store_pipeline': 'Posix', 'storage_backends': ['/home/w2938/test/ucm_kvcache_qwen7b/kv'], 'io_direct': False, 'posix_data_trans_concurrency': 16, 'posix_lookup_concurrency': 16, 'share_buffer_enable': False, 'unique_id': '1e2d2809-ba24-4d93-acf7-1dc5ecc4d15b'} [982891,982891][ucm_connector.py:227,_create_store]
[2026-03-18 13:51:27.651733][UC][I] Creating connector with name: UcmPipelineStore [982891,982891][factory_v1.py:56,create_connector]
[2026-03-18 13:51:27.658790][UC][I] PosixStore-(Release). [982891,982891][posix_store.cc:92,ShowConfig]
[2026-03-18 13:51:27.658816][UC][I] Set PosixStore::StorageBackends to ["/home/w2938/test/ucm_kvcache_qwen7b/kv"]. [982891,982891][posix_store.cc:93,ShowConfig]
[2026-03-18 13:51:27.658823][UC][I] Set PosixStore::DeviceId to -1. [982891,982891][posix_store.cc:94,ShowConfig]
[2026-03-18 13:51:27.658829][UC][I] Set PosixStore::TensorSize to 0. [982891,982891][posix_store.cc:95,ShowConfig]
[2026-03-18 13:51:27.658835][UC][I] Set PosixStore::ShardSize to 0. [982891,982891][posix_store.cc:96,ShowConfig]
[2026-03-18 13:51:27.658843][UC][I] Set PosixStore::BlockSize to 0. [982891,982891][posix_store.cc:97,ShowConfig]
[2026-03-18 13:51:27.658851][UC][I] Set PosixStore::IoDirect to false. [982891,982891][posix_store.cc:98,ShowConfig]
[2026-03-18 13:51:27.658860][UC][I] Set PosixStore::DataTransConcurrency to 16. [982891,982891][posix_store.cc:99,ShowConfig]
[2026-03-18 13:51:27.658867][UC][I] Set PosixStore::LookupConcurrency to 16. [982891,982891][posix_store.cc:100,ShowConfig]
[2026-03-18 13:51:27.658874][UC][I] Set PosixStore::TimeoutMs to 30000. [982891,982891][posix_store.cc:101,ShowConfig]
[2026-03-18 13:51:27.658882][UC][I] Set PosixStore::DataDirShardBytes to 3. [982891,982891][posix_store.cc:102,ShowConfig]
