[2026-03-26 17:02:17.561556][UC][I] Logger initialized successfully [195004,195004][__init__.py:48,<module>]
[2026-03-26 17:02:21.810431][UC][I] CPU device is available. [195004,195004][ucm_connector.py:114,__init__]
[2026-03-26 17:02:21.812658][UC][I] Loaded UCM config from /home/w2938/unified-cache-management/test/test_ucm_config.yaml [195004,195004][utils.py:54,load_ucm_config_from_yaml]
[2026-03-26 17:02:21.812722][UC][I] Using UCM with config: {'ucm_connectors': [{'ucm_connector_name': 'UcmPipelineStore', 'ucm_connector_config': {'store_pipeline': 'Posix', 'storage_backends': '/mnt/lustre47/ucm_cache', 'io_direct': False}}]} [195004,195004][utils.py:89,get_config]
[2026-03-26 17:02:21.812755][UC][I] self.launch_config: {'ucm_connectors': [{'ucm_connector_name': 'UcmPipelineStore', 'ucm_connector_config': {'store_pipeline': 'Posix', 'storage_backends': '/mnt/lustre47/ucm_cache', 'io_direct': False}}]} [195004,195004][ucm_connector.py:135,__init__]
[2026-03-26 17:02:21.814289][UC][I] Loaded UCM config from /home/w2938/unified-cache-management/test/test_ucm_config.yaml [195004,195004][utils.py:54,load_ucm_config_from_yaml]
[2026-03-26 17:02:21.814334][UC][I] Using UCM with config: {'ucm_connectors': [{'ucm_connector_name': 'UcmPipelineStore', 'ucm_connector_config': {'store_pipeline': 'Posix', 'storage_backends': '/mnt/lustre47/ucm_cache', 'io_direct': False}}]} [195004,195004][utils.py:89,get_config]
[2026-03-26 17:02:24.133561][UC][I] kv cache shape torch.Size([2, 4681, 8192]) [195004,195004][ucm_connector.py:249,register_kv_caches]
[2026-03-26 17:02:24.133627][UC][I] use mla: False, use dsa: False [195004,195004][ucm_connector.py:259,register_kv_caches]
[2026-03-26 17:02:24.149464][UC][I] create UcmPipelineStore with config: {'store_pipeline': 'Posix', 'storage_backends': ['/mnt/lustre47/ucm_cache/kv'], 'io_direct': False, 'share_buffer_enable': False, 'unique_id': 'd363ee82-61ec-4619-bf1e-32825342d050', 'device_id': 0, 'tensor_size': 16384, 'shard_size': 917504, 'block_size': 917504, 'local_rank_size': 1} [195004,195004][ucm_connector.py:227,_create_store]
[2026-03-26 17:02:24.152663][UC][I] Creating connector with name: UcmPipelineStore [195004,195004][factory_v1.py:56,create_connector]
[2026-03-26 17:04:14.846699][UC][I] PosixStore-(Release). [195004,195004][posix_store.cc:92,ShowConfig]
[2026-03-26 17:04:14.846739][UC][I] Set PosixStore::StorageBackends to ["/mnt/lustre47/ucm_cache/kv"]. [195004,195004][posix_store.cc:93,ShowConfig]
[2026-03-26 17:04:14.846747][UC][I] Set PosixStore::DeviceId to 0. [195004,195004][posix_store.cc:94,ShowConfig]
[2026-03-26 17:04:14.846753][UC][I] Set PosixStore::TensorSize to 16384. [195004,195004][posix_store.cc:95,ShowConfig]
[2026-03-26 17:04:14.846760][UC][I] Set PosixStore::ShardSize to 917504. [195004,195004][posix_store.cc:96,ShowConfig]
[2026-03-26 17:04:14.846766][UC][I] Set PosixStore::BlockSize to 917504. [195004,195004][posix_store.cc:97,ShowConfig]
[2026-03-26 17:04:14.846772][UC][I] Set PosixStore::IoDirect to false. [195004,195004][posix_store.cc:98,ShowConfig]
[2026-03-26 17:04:14.846778][UC][I] Set PosixStore::DataTransConcurrency to 8. [195004,195004][posix_store.cc:99,ShowConfig]
[2026-03-26 17:04:14.846784][UC][I] Set PosixStore::LookupConcurrency to 8. [195004,195004][posix_store.cc:100,ShowConfig]
[2026-03-26 17:04:14.846790][UC][I] Set PosixStore::TimeoutMs to 30000. [195004,195004][posix_store.cc:101,ShowConfig]
[2026-03-26 17:04:14.846796][UC][I] Set PosixStore::DataDirShardBytes to 3. [195004,195004][posix_store.cc:102,ShowConfig]
[2026-03-26 17:04:22.167953][UC][I] CPU device is available. [195004,195004][ucm_connector.py:114,__init__]
[2026-03-26 17:04:22.169446][UC][I] Loaded UCM config from /home/w2938/unified-cache-management/test/test_ucm_config.yaml [195004,195004][utils.py:54,load_ucm_config_from_yaml]
[2026-03-26 17:04:22.169504][UC][I] Using UCM with config: {'ucm_connectors': [{'ucm_connector_name': 'UcmPipelineStore', 'ucm_connector_config': {'store_pipeline': 'Posix', 'storage_backends': '/mnt/lustre47/ucm_cache', 'io_direct': False}}]} [195004,195004][utils.py:89,get_config]
[2026-03-26 17:04:22.169582][UC][I] self.launch_config: {'ucm_connectors': [{'ucm_connector_name': 'UcmPipelineStore', 'ucm_connector_config': {'store_pipeline': 'Posix', 'storage_backends': '/mnt/lustre47/ucm_cache', 'io_direct': False}}]} [195004,195004][ucm_connector.py:135,__init__]
[2026-03-26 17:04:22.193337][UC][I] create UcmPipelineStore with config: {'store_pipeline': 'Posix', 'storage_backends': ['/mnt/lustre47/ucm_cache/kv'], 'io_direct': False, 'share_buffer_enable': False, 'unique_id': 'd363ee82-61ec-4619-bf1e-32825342d050'} [195004,195004][ucm_connector.py:227,_create_store]
[2026-03-26 17:04:22.193391][UC][I] Creating connector with name: UcmPipelineStore [195004,195004][factory_v1.py:56,create_connector]
[2026-03-26 17:04:49.998208][UC][I] PosixStore-(Release). [195004,195004][posix_store.cc:92,ShowConfig]
[2026-03-26 17:04:49.998248][UC][I] Set PosixStore::StorageBackends to ["/mnt/lustre47/ucm_cache/kv"]. [195004,195004][posix_store.cc:93,ShowConfig]
[2026-03-26 17:04:49.998255][UC][I] Set PosixStore::DeviceId to -1. [195004,195004][posix_store.cc:94,ShowConfig]
[2026-03-26 17:04:49.998261][UC][I] Set PosixStore::TensorSize to 0. [195004,195004][posix_store.cc:95,ShowConfig]
[2026-03-26 17:04:49.998267][UC][I] Set PosixStore::ShardSize to 0. [195004,195004][posix_store.cc:96,ShowConfig]
[2026-03-26 17:04:49.998272][UC][I] Set PosixStore::BlockSize to 0. [195004,195004][posix_store.cc:97,ShowConfig]
[2026-03-26 17:04:49.998286][UC][I] Set PosixStore::IoDirect to false. [195004,195004][posix_store.cc:98,ShowConfig]
[2026-03-26 17:04:49.998291][UC][I] Set PosixStore::DataTransConcurrency to 8. [195004,195004][posix_store.cc:99,ShowConfig]
[2026-03-26 17:04:49.998297][UC][I] Set PosixStore::LookupConcurrency to 8. [195004,195004][posix_store.cc:100,ShowConfig]
[2026-03-26 17:04:49.998301][UC][I] Set PosixStore::TimeoutMs to 30000. [195004,195004][posix_store.cc:101,ShowConfig]
[2026-03-26 17:04:49.998307][UC][I] Set PosixStore::DataDirShardBytes to 3. [195004,195004][posix_store.cc:102,ShowConfig]
[2026-03-26 17:04:50.001389][UC][I] Loaded UCM config from /home/w2938/unified-cache-management/test/test_ucm_config.yaml [195004,195004][utils.py:54,load_ucm_config_from_yaml]
[2026-03-26 17:04:50.001458][UC][I] Using UCM with config: {'ucm_connectors': [{'ucm_connector_name': 'UcmPipelineStore', 'ucm_connector_config': {'store_pipeline': 'Posix', 'storage_backends': '/mnt/lustre47/ucm_cache', 'io_direct': False}}]} [195004,195004][utils.py:89,get_config]
[2026-03-26 17:05:19.606095][UC][I] request_id: cmpl-cdb34730d5374608a36eaf641d889b0f-0, total_blocks_num: 12, hit hbm: 0, hit external: 0 [195004,195004][ucm_connector.py:326,get_num_new_matched_tokens]
[2026-03-26 17:06:24.603753][UC][I] request_id: cmpl-76f0ed7b67574dbda3d7c988da7cb4e5-0, total_blocks_num: 12, hit hbm: 0, hit external: 6 [195004,195004][ucm_connector.py:326,get_num_new_matched_tokens]
[2026-03-26 17:06:40.542833][UC][I] request_id: cmpl-c854a74049764ed0ae4123ea6d159e92-0, total_blocks_num: 12, hit hbm: 0, hit external: 12 [195004,195004][ucm_connector.py:326,get_num_new_matched_tokens]
[2026-03-26 17:06:40.633027][UC][I] request_id: cmpl-070e0456a362429296841cacec1098ea-0, total_blocks_num: 12, hit hbm: 0, hit external: 6 [195004,195004][ucm_connector.py:326,get_num_new_matched_tokens]
[2026-03-26 17:06:40.714798][UC][I] request_id: cmpl-0535b0018e144281a8b248c61f49c315-0, total_blocks_num: 12, hit hbm: 0, hit external: 6 [195004,195004][ucm_connector.py:326,get_num_new_matched_tokens]
[2026-03-26 17:06:40.788446][UC][I] request_id: cmpl-17a8ff7782454addaa456edb070ed0ac-0, total_blocks_num: 12, hit hbm: 0, hit external: 6 [195004,195004][ucm_connector.py:326,get_num_new_matched_tokens]
[2026-03-26 17:06:40.870062][UC][I] request_id: cmpl-19704569164d41459db60c26adaad4dc-0, total_blocks_num: 12, hit hbm: 0, hit external: 6 [195004,195004][ucm_connector.py:326,get_num_new_matched_tokens]
[2026-03-26 17:06:40.951727][UC][I] request_id: cmpl-31297683c98e46598b0b420f165dfa74-0, total_blocks_num: 12, hit hbm: 0, hit external: 6 [195004,195004][ucm_connector.py:326,get_num_new_matched_tokens]
[2026-03-26 17:06:41.033506][UC][I] request_id: cmpl-97b1ca3b3523411ba6b580d07db7546d-0, total_blocks_num: 12, hit hbm: 0, hit external: 6 [195004,195004][ucm_connector.py:326,get_num_new_matched_tokens]
