[2026-03-25 18:26:43.517575][UC][I] Logger initialized successfully [3853556,3853556][__init__.py:48,<module>]
[2026-03-25 18:26:47.889027][UC][I] CPU device is available. [3853556,3853556][ucm_connector.py:114,__init__]
[2026-03-25 18:26:47.891045][UC][I] Loaded UCM config from /home/w2938/unified-cache-management/test/test_ucm_config.yaml [3853556,3853556][utils.py:54,load_ucm_config_from_yaml]
[2026-03-25 18:26:47.891105][UC][I] Using UCM with config: {'ucm_connectors': [{'ucm_connector_name': 'UcmNfsStore', 'ucm_connector_config': {'storage_backends': '/home/w2938/model', 'io_direct': False}}]} [3853556,3853556][utils.py:89,get_config]
[2026-03-25 18:26:47.891138][UC][I] self.launch_config: {'ucm_connectors': [{'ucm_connector_name': 'UcmNfsStore', 'ucm_connector_config': {'storage_backends': '/home/w2938/model', 'io_direct': False}}]} [3853556,3853556][ucm_connector.py:135,__init__]
[2026-03-25 18:26:47.892676][UC][I] Loaded UCM config from /home/w2938/unified-cache-management/test/test_ucm_config.yaml [3853556,3853556][utils.py:54,load_ucm_config_from_yaml]
[2026-03-25 18:26:47.892724][UC][I] Using UCM with config: {'ucm_connectors': [{'ucm_connector_name': 'UcmNfsStore', 'ucm_connector_config': {'storage_backends': '/home/w2938/model', 'io_direct': False}}]} [3853556,3853556][utils.py:89,get_config]
[2026-03-25 18:26:50.192728][UC][I] kv cache shape torch.Size([2, 4681, 8192]) [3853556,3853556][ucm_connector.py:249,register_kv_caches]
[2026-03-25 18:26:50.192789][UC][I] use mla: False, use dsa: False [3853556,3853556][ucm_connector.py:259,register_kv_caches]
[2026-03-25 18:26:50.193425][UC][I] create UcmNfsStore with config: {'storage_backends': ['/home/w2938/model/kv'], 'io_direct': False, 'share_buffer_enable': False, 'unique_id': '6b26168d-80fc-4973-a115-706f2737808c', 'device_id': 0, 'tensor_size': 16384, 'shard_size': 917504, 'block_size': 917504, 'local_rank_size': 1} [3853556,3853556][ucm_connector.py:227,_create_store]
[2026-03-25 18:26:50.197511][UC][I] Creating connector with name: UcmNfsStore [3853556,3853556][factory_v1.py:56,create_connector]
[2026-03-25 18:26:51.092349][UC][I] PcStore-(Release). [3853556,3853556][pcstore.cc:89,ShowConfig]
[2026-03-25 18:26:51.092396][UC][I] Set UC::StorageBackends to ["/home/w2938/model/kv"]. [3853556,3853556][pcstore.cc:90,ShowConfig]
[2026-03-25 18:26:51.092404][UC][I] Set UC::BlockSize to 917504. [3853556,3853556][pcstore.cc:91,ShowConfig]
[2026-03-25 18:26:51.092409][UC][I] Set UC::TransferEnable to true. [3853556,3853556][pcstore.cc:92,ShowConfig]
[2026-03-25 18:26:51.092414][UC][I] Set UC::UniqueId to 6b26168d-80fc-4973-a115-706f2737808c. [3853556,3853556][pcstore.cc:93,ShowConfig]
[2026-03-25 18:26:51.092419][UC][I] Set UC::IoSize to 16384. [3853556,3853556][pcstore.cc:94,ShowConfig]
[2026-03-25 18:26:51.092424][UC][I] Set UC::IoDirect to false. [3853556,3853556][pcstore.cc:95,ShowConfig]
[2026-03-25 18:26:51.092430][UC][I] Set UC::LocalRankSize to 1. [3853556,3853556][pcstore.cc:96,ShowConfig]
[2026-03-25 18:26:51.092435][UC][I] Set UC::DeviceId to 0. [3853556,3853556][pcstore.cc:97,ShowConfig]
[2026-03-25 18:26:51.092440][UC][I] Set UC::StreamNumber to 8. [3853556,3853556][pcstore.cc:98,ShowConfig]
[2026-03-25 18:26:51.092448][UC][I] Set UC::BufferNumber to 4096. [3853556,3853556][pcstore.cc:99,ShowConfig]
[2026-03-25 18:26:51.092454][UC][I] Set UC::TimeoutMs to 30000. [3853556,3853556][pcstore.cc:100,ShowConfig]
[2026-03-25 18:26:51.092458][UC][I] Set UC::ScatterGatherEnable to false. [3853556,3853556][pcstore.cc:101,ShowConfig]
[2026-03-25 18:26:51.092463][UC][I] Set UC::ShardDataDir to true. [3853556,3853556][pcstore.cc:102,ShowConfig]
[2026-03-25 18:26:58.415247][UC][I] CPU device is available. [3853556,3853556][ucm_connector.py:114,__init__]
[2026-03-25 18:26:58.418067][UC][I] Loaded UCM config from /home/w2938/unified-cache-management/test/test_ucm_config.yaml [3853556,3853556][utils.py:54,load_ucm_config_from_yaml]
[2026-03-25 18:26:58.418137][UC][I] Using UCM with config: {'ucm_connectors': [{'ucm_connector_name': 'UcmNfsStore', 'ucm_connector_config': {'storage_backends': '/home/w2938/model', 'io_direct': False}}]} [3853556,3853556][utils.py:89,get_config]
[2026-03-25 18:26:58.418210][UC][I] self.launch_config: {'ucm_connectors': [{'ucm_connector_name': 'UcmNfsStore', 'ucm_connector_config': {'storage_backends': '/home/w2938/model', 'io_direct': False}}]} [3853556,3853556][ucm_connector.py:135,__init__]
[2026-03-25 18:26:58.418395][UC][I] create UcmNfsStore with config: {'storage_backends': ['/home/w2938/model/kv'], 'io_direct': False, 'share_buffer_enable': False, 'unique_id': '6b26168d-80fc-4973-a115-706f2737808c'} [3853556,3853556][ucm_connector.py:227,_create_store]
[2026-03-25 18:26:58.418430][UC][I] Creating connector with name: UcmNfsStore [3853556,3853556][factory_v1.py:56,create_connector]
[2026-03-25 18:26:58.418514][UC][I] PcStore-(Release). [3853556,3853556][pcstore.cc:89,ShowConfig]
[2026-03-25 18:26:58.418526][UC][I] Set UC::StorageBackends to ["/home/w2938/model/kv"]. [3853556,3853556][pcstore.cc:90,ShowConfig]
[2026-03-25 18:26:58.418534][UC][I] Set UC::BlockSize to 0. [3853556,3853556][pcstore.cc:91,ShowConfig]
[2026-03-25 18:26:58.418540][UC][I] Set UC::TransferEnable to false. [3853556,3853556][pcstore.cc:92,ShowConfig]
[2026-03-25 18:26:58.418546][UC][I] Set UC::UniqueId to 6b26168d-80fc-4973-a115-706f2737808c. [3853556,3853556][pcstore.cc:93,ShowConfig]
[2026-03-25 18:26:58.418552][UC][I] Set UC::IoSize to 262144. [3853556,3853556][pcstore.cc:94,ShowConfig]
[2026-03-25 18:26:58.418558][UC][I] Set UC::IoDirect to false. [3853556,3853556][pcstore.cc:95,ShowConfig]
[2026-03-25 18:26:58.418564][UC][I] Set UC::LocalRankSize to 1. [3853556,3853556][pcstore.cc:96,ShowConfig]
[2026-03-25 18:26:58.418570][UC][I] Set UC::DeviceId to -1. [3853556,3853556][pcstore.cc:97,ShowConfig]
[2026-03-25 18:26:58.418576][UC][I] Set UC::StreamNumber to 8. [3853556,3853556][pcstore.cc:98,ShowConfig]
[2026-03-25 18:26:58.418582][UC][I] Set UC::BufferNumber to 4096. [3853556,3853556][pcstore.cc:99,ShowConfig]
[2026-03-25 18:26:58.418588][UC][I] Set UC::TimeoutMs to 30000. [3853556,3853556][pcstore.cc:100,ShowConfig]
[2026-03-25 18:26:58.418593][UC][I] Set UC::ScatterGatherEnable to false. [3853556,3853556][pcstore.cc:101,ShowConfig]
[2026-03-25 18:26:58.418599][UC][I] Set UC::ShardDataDir to true. [3853556,3853556][pcstore.cc:102,ShowConfig]
[2026-03-25 18:26:58.420649][UC][I] Loaded UCM config from /home/w2938/unified-cache-management/test/test_ucm_config.yaml [3853556,3853556][utils.py:54,load_ucm_config_from_yaml]
[2026-03-25 18:26:58.420698][UC][I] Using UCM with config: {'ucm_connectors': [{'ucm_connector_name': 'UcmNfsStore', 'ucm_connector_config': {'storage_backends': '/home/w2938/model', 'io_direct': False}}]} [3853556,3853556][utils.py:89,get_config]
[2026-03-25 18:43:14.654896][UC][I] request_id: chatcmpl-9690b95f861e400eb963e165d208c616, total_blocks_num: 2, hit hbm: 0, hit external: 0 [3853556,3853556][ucm_connector.py:326,get_num_new_matched_tokens]
[2026-03-25 18:43:26.503854][UC][I] request_id: chatcmpl-95e2f334cb5c4c8491f37f1e18cfa14d, total_blocks_num: 2, hit hbm: 0, hit external: 2 [3853556,3853556][ucm_connector.py:326,get_num_new_matched_tokens]
[2026-03-25 18:43:31.285670][UC][I] request_id: chatcmpl-dc59f57b493a482eaae94c2373ec3d1f, total_blocks_num: 2, hit hbm: 0, hit external: 2 [3853556,3853556][ucm_connector.py:326,get_num_new_matched_tokens]
[2026-03-25 18:46:47.039226][UC][I] request_id: chatcmpl-6b2bf08b7fe94d04a3a921ddf5adc3f8, total_blocks_num: 2, hit hbm: 0, hit external: 1 [3853556,3853556][ucm_connector.py:326,get_num_new_matched_tokens]
[2026-03-25 18:46:56.467819][UC][I] request_id: chatcmpl-84acd2cf90bb467c847dd3d6e03fa59f, total_blocks_num: 1, hit hbm: 0, hit external: 1 [3853556,3853556][ucm_connector.py:326,get_num_new_matched_tokens]
[2026-03-25 18:47:03.901225][UC][I] request_id: chatcmpl-dcb887b84cca4232becbda893189e945, total_blocks_num: 2, hit hbm: 0, hit external: 1 [3853556,3853556][ucm_connector.py:326,get_num_new_matched_tokens]
[2026-03-25 18:47:11.566187][UC][I] request_id: chatcmpl-df4326df59d34e5088740bc89e0dd31a, total_blocks_num: 1, hit hbm: 0, hit external: 1 [3853556,3853556][ucm_connector.py:326,get_num_new_matched_tokens]
[2026-03-25 18:47:20.694590][UC][I] request_id: chatcmpl-bc37b3b871c04085a5355fe692ae3e61, total_blocks_num: 2, hit hbm: 0, hit external: 1 [3853556,3853556][ucm_connector.py:326,get_num_new_matched_tokens]
[2026-03-25 19:26:05.915906][UC][I] request_id: chatcmpl-d715fdbfb4a749759b37f5b176b78ece, total_blocks_num: 2, hit hbm: 0, hit external: 2 [3853556,3853556][ucm_connector.py:326,get_num_new_matched_tokens]
[2026-03-25 19:26:08.943506][UC][I] request_id: chatcmpl-fb05d9fbe0eb4360808397583388f7c7, total_blocks_num: 2, hit hbm: 0, hit external: 2 [3853556,3853556][ucm_connector.py:326,get_num_new_matched_tokens]
[2026-03-25 19:29:29.147072][UC][I] request_id: chatcmpl-885eaf0d71d34e2ab4692bfc326e9326, total_blocks_num: 8, hit hbm: 0, hit external: 2 [3853556,3853556][ucm_connector.py:326,get_num_new_matched_tokens]
[2026-03-25 19:29:45.385490][UC][I] request_id: chatcmpl-c240e68035eb4afda711cc9eb82f29d3, total_blocks_num: 8, hit hbm: 0, hit external: 8 [3853556,3853556][ucm_connector.py:326,get_num_new_matched_tokens]
[2026-03-25 19:29:45.385902][UC][I] request_id: chatcmpl-b7d5ede2763d4145a2c945376b954fa1, total_blocks_num: 8, hit hbm: 0, hit external: 8 [3853556,3853556][ucm_connector.py:326,get_num_new_matched_tokens]
[2026-03-25 19:29:45.386591][UC][I] request_id: chatcmpl-f74b0bf35617498d97d48de18e3b2e69, total_blocks_num: 8, hit hbm: 0, hit external: 8 [3853556,3853556][ucm_connector.py:326,get_num_new_matched_tokens]
[2026-03-25 19:29:45.386875][UC][I] request_id: chatcmpl-611b8037115e4b46b9359506fb37c6c9, total_blocks_num: 8, hit hbm: 0, hit external: 8 [3853556,3853556][ucm_connector.py:326,get_num_new_matched_tokens]
[2026-03-25 19:29:45.387139][UC][I] request_id: chatcmpl-9cc2a15ca7e8496f946d275f85bf46e8, total_blocks_num: 8, hit hbm: 0, hit external: 8 [3853556,3853556][ucm_connector.py:326,get_num_new_matched_tokens]
[2026-03-25 19:29:45.387411][UC][I] request_id: chatcmpl-573eb52a646b42a58902c63c4f782da6, total_blocks_num: 8, hit hbm: 0, hit external: 8 [3853556,3853556][ucm_connector.py:326,get_num_new_matched_tokens]
[2026-03-25 19:29:45.387669][UC][I] request_id: chatcmpl-0271e66ff44241fc8ea5009015a436d2, total_blocks_num: 8, hit hbm: 0, hit external: 8 [3853556,3853556][ucm_connector.py:326,get_num_new_matched_tokens]
[2026-03-25 19:31:15.225322][UC][I] request_id: chatcmpl-cdd2b009ea794bf1b6b34155b0689b5c, total_blocks_num: 8, hit hbm: 0, hit external: 8 [3853556,3853556][ucm_connector.py:326,get_num_new_matched_tokens]
[2026-03-25 19:31:17.047823][UC][I] request_id: chatcmpl-52d26c215665496d9c6631fa8b2d43db, total_blocks_num: 8, hit hbm: 0, hit external: 8 [3853556,3853556][ucm_connector.py:326,get_num_new_matched_tokens]
