[2026-03-19 17:05:40.055737][UC][I] Logger initialized successfully [1122857,1122857][__init__.py:48,<module>]
[2026-03-19 17:05:53.947801][UC][I] CPU device is available. [1122857,1122857][ucm_connector.py:114,__init__]
[2026-03-19 17:05:53.947872][UC][I] Using kv_connector_extra_config from terminal input [1122857,1122857][utils.py:81,_load_config]
[2026-03-19 17:05:53.947909][UC][I] Using UCM with config: {'ucm_connectors': [{'ucm_connector_name': 'UcmPipelineStore', 'ucm_connector_config': {'store_pipeline': 'Posix', 'storage_backends': '/home/w2938/test/ucm_kvcache_perf', 'io_direct': False, 'posix_data_trans_concurrency': 32, 'posix_lookup_concurrency': 32}}]} [1122857,1122857][utils.py:89,get_config]
[2026-03-19 17:05:53.947941][UC][I] self.launch_config: {'ucm_connectors': [{'ucm_connector_name': 'UcmPipelineStore', 'ucm_connector_config': {'store_pipeline': 'Posix', 'storage_backends': '/home/w2938/test/ucm_kvcache_perf', 'io_direct': False, 'posix_data_trans_concurrency': 32, 'posix_lookup_concurrency': 32}}]} [1122857,1122857][ucm_connector.py:135,__init__]
[2026-03-19 17:05:53.947999][UC][I] Using kv_connector_extra_config from terminal input [1122857,1122857][utils.py:81,_load_config]
[2026-03-19 17:05:53.948031][UC][I] Using UCM with config: {'ucm_connectors': [{'ucm_connector_name': 'UcmPipelineStore', 'ucm_connector_config': {'store_pipeline': 'Posix', 'storage_backends': '/home/w2938/test/ucm_kvcache_perf', 'io_direct': False, 'posix_data_trans_concurrency': 32, 'posix_lookup_concurrency': 32}}]} [1122857,1122857][utils.py:89,get_config]
[2026-03-19 17:05:56.269448][UC][I] kv cache shape torch.Size([2, 4681, 8192]) [1122857,1122857][ucm_connector.py:249,register_kv_caches]
[2026-03-19 17:05:56.269514][UC][I] use mla: False, use dsa: False [1122857,1122857][ucm_connector.py:259,register_kv_caches]
[2026-03-19 17:05:56.270200][UC][I] create UcmPipelineStore with config: {'store_pipeline': 'Posix', 'storage_backends': ['/home/w2938/test/ucm_kvcache_perf/kv'], 'io_direct': False, 'posix_data_trans_concurrency': 32, 'posix_lookup_concurrency': 32, 'share_buffer_enable': False, 'unique_id': '38c12bc0-2608-4170-8d12-53ad1203e676', 'device_id': 0, 'tensor_size': 16384, 'shard_size': 917504, 'block_size': 917504, 'local_rank_size': 1} [1122857,1122857][ucm_connector.py:227,_create_store]
[2026-03-19 17:05:56.273565][UC][I] Creating connector with name: UcmPipelineStore [1122857,1122857][factory_v1.py:56,create_connector]
[2026-03-19 17:05:56.368256][UC][I] PosixStore-(Release). [1122857,1122857][posix_store.cc:92,ShowConfig]
[2026-03-19 17:05:56.368294][UC][I] Set PosixStore::StorageBackends to ["/home/w2938/test/ucm_kvcache_perf/kv"]. [1122857,1122857][posix_store.cc:93,ShowConfig]
[2026-03-19 17:05:56.368302][UC][I] Set PosixStore::DeviceId to 0. [1122857,1122857][posix_store.cc:94,ShowConfig]
[2026-03-19 17:05:56.368309][UC][I] Set PosixStore::TensorSize to 16384. [1122857,1122857][posix_store.cc:95,ShowConfig]
[2026-03-19 17:05:56.368314][UC][I] Set PosixStore::ShardSize to 917504. [1122857,1122857][posix_store.cc:96,ShowConfig]
[2026-03-19 17:05:56.368319][UC][I] Set PosixStore::BlockSize to 917504. [1122857,1122857][posix_store.cc:97,ShowConfig]
[2026-03-19 17:05:56.368324][UC][I] Set PosixStore::IoDirect to false. [1122857,1122857][posix_store.cc:98,ShowConfig]
[2026-03-19 17:05:56.368329][UC][I] Set PosixStore::DataTransConcurrency to 32. [1122857,1122857][posix_store.cc:99,ShowConfig]
[2026-03-19 17:05:56.368333][UC][I] Set PosixStore::LookupConcurrency to 32. [1122857,1122857][posix_store.cc:100,ShowConfig]
[2026-03-19 17:05:56.368338][UC][I] Set PosixStore::TimeoutMs to 30000. [1122857,1122857][posix_store.cc:101,ShowConfig]
[2026-03-19 17:05:56.368344][UC][I] Set PosixStore::DataDirShardBytes to 3. [1122857,1122857][posix_store.cc:102,ShowConfig]
[2026-03-19 17:06:21.349256][UC][I] CPU device is available. [1122857,1122857][ucm_connector.py:114,__init__]
[2026-03-19 17:06:21.349308][UC][I] Using kv_connector_extra_config from terminal input [1122857,1122857][utils.py:81,_load_config]
[2026-03-19 17:06:21.349343][UC][I] Using UCM with config: {'ucm_connectors': [{'ucm_connector_name': 'UcmPipelineStore', 'ucm_connector_config': {'store_pipeline': 'Posix', 'storage_backends': '/home/w2938/test/ucm_kvcache_perf', 'io_direct': False, 'posix_data_trans_concurrency': 32, 'posix_lookup_concurrency': 32}}]} [1122857,1122857][utils.py:89,get_config]
[2026-03-19 17:06:21.349419][UC][I] self.launch_config: {'ucm_connectors': [{'ucm_connector_name': 'UcmPipelineStore', 'ucm_connector_config': {'store_pipeline': 'Posix', 'storage_backends': '/home/w2938/test/ucm_kvcache_perf', 'io_direct': False, 'posix_data_trans_concurrency': 32, 'posix_lookup_concurrency': 32}}]} [1122857,1122857][ucm_connector.py:135,__init__]
[2026-03-19 17:06:21.349596][UC][I] create UcmPipelineStore with config: {'store_pipeline': 'Posix', 'storage_backends': ['/home/w2938/test/ucm_kvcache_perf/kv'], 'io_direct': False, 'posix_data_trans_concurrency': 32, 'posix_lookup_concurrency': 32, 'share_buffer_enable': False, 'unique_id': '38c12bc0-2608-4170-8d12-53ad1203e676'} [1122857,1122857][ucm_connector.py:227,_create_store]
[2026-03-19 17:06:21.349633][UC][I] Creating connector with name: UcmPipelineStore [1122857,1122857][factory_v1.py:56,create_connector]
[2026-03-19 17:06:21.359357][UC][I] PosixStore-(Release). [1122857,1122857][posix_store.cc:92,ShowConfig]
[2026-03-19 17:06:21.359391][UC][I] Set PosixStore::StorageBackends to ["/home/w2938/test/ucm_kvcache_perf/kv"]. [1122857,1122857][posix_store.cc:93,ShowConfig]
[2026-03-19 17:06:21.359398][UC][I] Set PosixStore::DeviceId to -1. [1122857,1122857][posix_store.cc:94,ShowConfig]
[2026-03-19 17:06:21.359404][UC][I] Set PosixStore::TensorSize to 0. [1122857,1122857][posix_store.cc:95,ShowConfig]
[2026-03-19 17:06:21.359409][UC][I] Set PosixStore::ShardSize to 0. [1122857,1122857][posix_store.cc:96,ShowConfig]
[2026-03-19 17:06:21.359414][UC][I] Set PosixStore::BlockSize to 0. [1122857,1122857][posix_store.cc:97,ShowConfig]
[2026-03-19 17:06:21.359418][UC][I] Set PosixStore::IoDirect to false. [1122857,1122857][posix_store.cc:98,ShowConfig]
[2026-03-19 17:06:21.359428][UC][I] Set PosixStore::DataTransConcurrency to 32. [1122857,1122857][posix_store.cc:99,ShowConfig]
[2026-03-19 17:06:21.359435][UC][I] Set PosixStore::LookupConcurrency to 32. [1122857,1122857][posix_store.cc:100,ShowConfig]
[2026-03-19 17:06:21.359439][UC][I] Set PosixStore::TimeoutMs to 30000. [1122857,1122857][posix_store.cc:101,ShowConfig]
[2026-03-19 17:06:21.359444][UC][I] Set PosixStore::DataDirShardBytes to 3. [1122857,1122857][posix_store.cc:102,ShowConfig]
[2026-03-19 17:06:21.359543][UC][I] Using kv_connector_extra_config from terminal input [1122857,1122857][utils.py:81,_load_config]
[2026-03-19 17:06:21.359586][UC][I] Using UCM with config: {'ucm_connectors': [{'ucm_connector_name': 'UcmPipelineStore', 'ucm_connector_config': {'store_pipeline': 'Posix', 'storage_backends': '/home/w2938/test/ucm_kvcache_perf', 'io_direct': False, 'posix_data_trans_concurrency': 32, 'posix_lookup_concurrency': 32}}]} [1122857,1122857][utils.py:89,get_config]
[2026-03-19 17:06:21.790650][UC][I] request_id: 0, total_blocks_num: 12, hit hbm: 0, hit external: 0 [1122857,1122857][ucm_connector.py:326,get_num_new_matched_tokens]
[2026-03-19 17:10:00.478509][UC][I] request_id: 10, total_blocks_num: 12, hit hbm: 0, hit external: 0 [1122857,1122857][ucm_connector.py:326,get_num_new_matched_tokens]
