[2026-03-18 14:18:32.797442][UC][I] Logger initialized successfully [1017867,1017867][__init__.py:48,<module>]
[2026-03-18 14:20:08.415251][UC][I] CPU device is available. [1017867,1017867][ucm_connector.py:114,__init__]
[2026-03-18 14:20:08.415331][UC][I] Using kv_connector_extra_config from terminal input [1017867,1017867][utils.py:81,_load_config]
[2026-03-18 14:20:08.415374][UC][I] Using UCM with config: {'ucm_connectors': [{'ucm_connector_name': 'UcmPipelineStore', 'ucm_connector_config': {'store_pipeline': 'Posix', 'storage_backends': '/home/w2938/test/ucm_kvcache_qwen7b', 'io_direct': False, 'posix_data_trans_concurrency': 16, 'posix_lookup_concurrency': 16}}]} [1017867,1017867][utils.py:89,get_config]
[2026-03-18 14:20:08.415404][UC][I] self.launch_config: {'ucm_connectors': [{'ucm_connector_name': 'UcmPipelineStore', 'ucm_connector_config': {'store_pipeline': 'Posix', 'storage_backends': '/home/w2938/test/ucm_kvcache_qwen7b', 'io_direct': False, 'posix_data_trans_concurrency': 16, 'posix_lookup_concurrency': 16}}]} [1017867,1017867][ucm_connector.py:135,__init__]
[2026-03-18 14:20:09.808044][UC][I] kv cache shape torch.Size([2, 3415, 4, 128, 128]) [1017867,1017867][ucm_connector.py:249,register_kv_caches]
[2026-03-18 14:20:09.808100][UC][I] use mla: False, use dsa: False [1017867,1017867][ucm_connector.py:259,register_kv_caches]
[2026-03-18 14:20:09.808646][UC][I] create UcmPipelineStore with config: {'store_pipeline': 'Posix', 'storage_backends': ['/home/w2938/test/ucm_kvcache_qwen7b/kv'], 'io_direct': False, 'posix_data_trans_concurrency': 16, 'posix_lookup_concurrency': 16, 'share_buffer_enable': False, 'unique_id': '742f03df-b21f-46ee-adbf-b5fc9d3f83cf', 'device_id': 0, 'tensor_size': 131072, 'shard_size': 7340032, 'block_size': 7340032, 'local_rank_size': 1} [1017867,1017867][ucm_connector.py:227,_create_store]
[2026-03-18 14:20:09.812012][UC][I] Creating connector with name: UcmPipelineStore [1017867,1017867][factory_v1.py:56,create_connector]
[2026-03-18 14:20:09.895922][UC][I] PosixStore-(Release). [1017867,1017867][posix_store.cc:92,ShowConfig]
[2026-03-18 14:20:09.895948][UC][I] Set PosixStore::StorageBackends to ["/home/w2938/test/ucm_kvcache_qwen7b/kv"]. [1017867,1017867][posix_store.cc:93,ShowConfig]
[2026-03-18 14:20:09.895956][UC][I] Set PosixStore::DeviceId to 0. [1017867,1017867][posix_store.cc:94,ShowConfig]
[2026-03-18 14:20:09.895961][UC][I] Set PosixStore::TensorSize to 131072. [1017867,1017867][posix_store.cc:95,ShowConfig]
[2026-03-18 14:20:09.895967][UC][I] Set PosixStore::ShardSize to 7340032. [1017867,1017867][posix_store.cc:96,ShowConfig]
[2026-03-18 14:20:09.895973][UC][I] Set PosixStore::BlockSize to 7340032. [1017867,1017867][posix_store.cc:97,ShowConfig]
[2026-03-18 14:20:09.895979][UC][I] Set PosixStore::IoDirect to false. [1017867,1017867][posix_store.cc:98,ShowConfig]
[2026-03-18 14:20:09.895985][UC][I] Set PosixStore::DataTransConcurrency to 16. [1017867,1017867][posix_store.cc:99,ShowConfig]
[2026-03-18 14:20:09.895991][UC][I] Set PosixStore::LookupConcurrency to 16. [1017867,1017867][posix_store.cc:100,ShowConfig]
[2026-03-18 14:20:09.895997][UC][I] Set PosixStore::TimeoutMs to 30000. [1017867,1017867][posix_store.cc:101,ShowConfig]
[2026-03-18 14:20:09.896003][UC][I] Set PosixStore::DataDirShardBytes to 3. [1017867,1017867][posix_store.cc:102,ShowConfig]
[2026-03-18 14:21:00.169716][UC][I] CPU device is available. [1017867,1017867][ucm_connector.py:114,__init__]
[2026-03-18 14:21:00.169756][UC][I] Using kv_connector_extra_config from terminal input [1017867,1017867][utils.py:81,_load_config]
[2026-03-18 14:21:00.169788][UC][I] Using UCM with config: {'ucm_connectors': [{'ucm_connector_name': 'UcmPipelineStore', 'ucm_connector_config': {'store_pipeline': 'Posix', 'storage_backends': '/home/w2938/test/ucm_kvcache_qwen7b', 'io_direct': False, 'posix_data_trans_concurrency': 16, 'posix_lookup_concurrency': 16}}]} [1017867,1017867][utils.py:89,get_config]
[2026-03-18 14:21:00.169819][UC][I] self.launch_config: {'ucm_connectors': [{'ucm_connector_name': 'UcmPipelineStore', 'ucm_connector_config': {'store_pipeline': 'Posix', 'storage_backends': '/home/w2938/test/ucm_kvcache_qwen7b', 'io_direct': False, 'posix_data_trans_concurrency': 16, 'posix_lookup_concurrency': 16}}]} [1017867,1017867][ucm_connector.py:135,__init__]
[2026-03-18 14:21:00.170019][UC][I] create UcmPipelineStore with config: {'store_pipeline': 'Posix', 'storage_backends': ['/home/w2938/test/ucm_kvcache_qwen7b/kv'], 'io_direct': False, 'posix_data_trans_concurrency': 16, 'posix_lookup_concurrency': 16, 'share_buffer_enable': False, 'unique_id': '742f03df-b21f-46ee-adbf-b5fc9d3f83cf'} [1017867,1017867][ucm_connector.py:227,_create_store]
[2026-03-18 14:21:00.170053][UC][I] Creating connector with name: UcmPipelineStore [1017867,1017867][factory_v1.py:56,create_connector]
[2026-03-18 14:21:00.177098][UC][I] PosixStore-(Release). [1017867,1017867][posix_store.cc:92,ShowConfig]
[2026-03-18 14:21:00.177124][UC][I] Set PosixStore::StorageBackends to ["/home/w2938/test/ucm_kvcache_qwen7b/kv"]. [1017867,1017867][posix_store.cc:93,ShowConfig]
[2026-03-18 14:21:00.177131][UC][I] Set PosixStore::DeviceId to -1. [1017867,1017867][posix_store.cc:94,ShowConfig]
[2026-03-18 14:21:00.177137][UC][I] Set PosixStore::TensorSize to 0. [1017867,1017867][posix_store.cc:95,ShowConfig]
[2026-03-18 14:21:00.177142][UC][I] Set PosixStore::ShardSize to 0. [1017867,1017867][posix_store.cc:96,ShowConfig]
[2026-03-18 14:21:00.177151][UC][I] Set PosixStore::BlockSize to 0. [1017867,1017867][posix_store.cc:97,ShowConfig]
[2026-03-18 14:21:00.177160][UC][I] Set PosixStore::IoDirect to false. [1017867,1017867][posix_store.cc:98,ShowConfig]
[2026-03-18 14:21:00.177167][UC][I] Set PosixStore::DataTransConcurrency to 16. [1017867,1017867][posix_store.cc:99,ShowConfig]
[2026-03-18 14:21:00.177174][UC][I] Set PosixStore::LookupConcurrency to 16. [1017867,1017867][posix_store.cc:100,ShowConfig]
[2026-03-18 14:21:00.177181][UC][I] Set PosixStore::TimeoutMs to 30000. [1017867,1017867][posix_store.cc:101,ShowConfig]
[2026-03-18 14:21:00.177188][UC][I] Set PosixStore::DataDirShardBytes to 3. [1017867,1017867][posix_store.cc:102,ShowConfig]
