[2026-03-26 16:21:26.662174][UC][I] Logger initialized successfully [177157,177157][__init__.py:48,<module>]
[2026-03-26 16:21:31.016025][UC][I] CPU device is available. [177157,177157][ucm_connector.py:114,__init__]
[2026-03-26 16:21:31.018093][UC][I] Loaded UCM config from /home/w2938/unified-cache-management/test/test_ucm_config.yaml [177157,177157][utils.py:54,load_ucm_config_from_yaml]
[2026-03-26 16:21:31.018152][UC][I] Using UCM with config: {'ucm_connectors': [{'ucm_connector_name': 'UcmNfsStore', 'ucm_connector_config': {'storage_backends': '/home/w2938/ucm_cache', 'io_direct': False}}]} [177157,177157][utils.py:89,get_config]
[2026-03-26 16:21:31.018188][UC][I] self.launch_config: {'ucm_connectors': [{'ucm_connector_name': 'UcmNfsStore', 'ucm_connector_config': {'storage_backends': '/home/w2938/ucm_cache', 'io_direct': False}}]} [177157,177157][ucm_connector.py:135,__init__]
[2026-03-26 16:21:31.019679][UC][I] Loaded UCM config from /home/w2938/unified-cache-management/test/test_ucm_config.yaml [177157,177157][utils.py:54,load_ucm_config_from_yaml]
[2026-03-26 16:21:31.019726][UC][I] Using UCM with config: {'ucm_connectors': [{'ucm_connector_name': 'UcmNfsStore', 'ucm_connector_config': {'storage_backends': '/home/w2938/ucm_cache', 'io_direct': False}}]} [177157,177157][utils.py:89,get_config]
[2026-03-26 16:21:33.327950][UC][I] kv cache shape torch.Size([2, 4681, 8192]) [177157,177157][ucm_connector.py:249,register_kv_caches]
[2026-03-26 16:21:33.328015][UC][I] use mla: False, use dsa: False [177157,177157][ucm_connector.py:259,register_kv_caches]
[2026-03-26 16:21:33.328652][UC][I] create UcmNfsStore with config: {'storage_backends': ['/home/w2938/ucm_cache/kv'], 'io_direct': False, 'share_buffer_enable': False, 'unique_id': '13873131-615b-409d-a070-b8aebd64d207', 'device_id': 0, 'tensor_size': 16384, 'shard_size': 917504, 'block_size': 917504, 'local_rank_size': 1} [177157,177157][ucm_connector.py:227,_create_store]
[2026-03-26 16:21:33.332710][UC][I] Creating connector with name: UcmNfsStore [177157,177157][factory_v1.py:56,create_connector]
[2026-03-26 16:21:34.225876][UC][I] PcStore-(Release). [177157,177157][pcstore.cc:89,ShowConfig]
[2026-03-26 16:21:34.225923][UC][I] Set UC::StorageBackends to ["/home/w2938/ucm_cache/kv"]. [177157,177157][pcstore.cc:90,ShowConfig]
[2026-03-26 16:21:34.225933][UC][I] Set UC::BlockSize to 917504. [177157,177157][pcstore.cc:91,ShowConfig]
[2026-03-26 16:21:34.225939][UC][I] Set UC::TransferEnable to true. [177157,177157][pcstore.cc:92,ShowConfig]
[2026-03-26 16:21:34.225945][UC][I] Set UC::UniqueId to 13873131-615b-409d-a070-b8aebd64d207. [177157,177157][pcstore.cc:93,ShowConfig]
[2026-03-26 16:21:34.225953][UC][I] Set UC::IoSize to 16384. [177157,177157][pcstore.cc:94,ShowConfig]
[2026-03-26 16:21:34.225959][UC][I] Set UC::IoDirect to false. [177157,177157][pcstore.cc:95,ShowConfig]
[2026-03-26 16:21:34.225964][UC][I] Set UC::LocalRankSize to 1. [177157,177157][pcstore.cc:96,ShowConfig]
[2026-03-26 16:21:34.225969][UC][I] Set UC::DeviceId to 0. [177157,177157][pcstore.cc:97,ShowConfig]
[2026-03-26 16:21:34.225974][UC][I] Set UC::StreamNumber to 8. [177157,177157][pcstore.cc:98,ShowConfig]
[2026-03-26 16:21:34.225980][UC][I] Set UC::BufferNumber to 4096. [177157,177157][pcstore.cc:99,ShowConfig]
[2026-03-26 16:21:34.225985][UC][I] Set UC::TimeoutMs to 30000. [177157,177157][pcstore.cc:100,ShowConfig]
[2026-03-26 16:21:34.225991][UC][I] Set UC::ScatterGatherEnable to false. [177157,177157][pcstore.cc:101,ShowConfig]
[2026-03-26 16:21:34.225997][UC][I] Set UC::ShardDataDir to true. [177157,177157][pcstore.cc:102,ShowConfig]
[2026-03-26 16:21:41.562957][UC][I] CPU device is available. [177157,177157][ucm_connector.py:114,__init__]
[2026-03-26 16:21:41.565803][UC][I] Loaded UCM config from /home/w2938/unified-cache-management/test/test_ucm_config.yaml [177157,177157][utils.py:54,load_ucm_config_from_yaml]
[2026-03-26 16:21:41.565876][UC][I] Using UCM with config: {'ucm_connectors': [{'ucm_connector_name': 'UcmNfsStore', 'ucm_connector_config': {'storage_backends': '/home/w2938/ucm_cache', 'io_direct': False}}]} [177157,177157][utils.py:89,get_config]
[2026-03-26 16:21:41.565953][UC][I] self.launch_config: {'ucm_connectors': [{'ucm_connector_name': 'UcmNfsStore', 'ucm_connector_config': {'storage_backends': '/home/w2938/ucm_cache', 'io_direct': False}}]} [177157,177157][ucm_connector.py:135,__init__]
[2026-03-26 16:21:41.566135][UC][I] create UcmNfsStore with config: {'storage_backends': ['/home/w2938/ucm_cache/kv'], 'io_direct': False, 'share_buffer_enable': False, 'unique_id': '13873131-615b-409d-a070-b8aebd64d207'} [177157,177157][ucm_connector.py:227,_create_store]
[2026-03-26 16:21:41.566172][UC][I] Creating connector with name: UcmNfsStore [177157,177157][factory_v1.py:56,create_connector]
[2026-03-26 16:21:41.566263][UC][I] PcStore-(Release). [177157,177157][pcstore.cc:89,ShowConfig]
[2026-03-26 16:21:41.566283][UC][I] Set UC::StorageBackends to ["/home/w2938/ucm_cache/kv"]. [177157,177157][pcstore.cc:90,ShowConfig]
[2026-03-26 16:21:41.566291][UC][I] Set UC::BlockSize to 0. [177157,177157][pcstore.cc:91,ShowConfig]
[2026-03-26 16:21:41.566297][UC][I] Set UC::TransferEnable to false. [177157,177157][pcstore.cc:92,ShowConfig]
[2026-03-26 16:21:41.566304][UC][I] Set UC::UniqueId to 13873131-615b-409d-a070-b8aebd64d207. [177157,177157][pcstore.cc:93,ShowConfig]
[2026-03-26 16:21:41.566310][UC][I] Set UC::IoSize to 262144. [177157,177157][pcstore.cc:94,ShowConfig]
[2026-03-26 16:21:41.566316][UC][I] Set UC::IoDirect to false. [177157,177157][pcstore.cc:95,ShowConfig]
[2026-03-26 16:21:41.566322][UC][I] Set UC::LocalRankSize to 1. [177157,177157][pcstore.cc:96,ShowConfig]
[2026-03-26 16:21:41.566327][UC][I] Set UC::DeviceId to -1. [177157,177157][pcstore.cc:97,ShowConfig]
[2026-03-26 16:21:41.566333][UC][I] Set UC::StreamNumber to 8. [177157,177157][pcstore.cc:98,ShowConfig]
[2026-03-26 16:21:41.566341][UC][I] Set UC::BufferNumber to 4096. [177157,177157][pcstore.cc:99,ShowConfig]
[2026-03-26 16:21:41.566346][UC][I] Set UC::TimeoutMs to 30000. [177157,177157][pcstore.cc:100,ShowConfig]
[2026-03-26 16:21:41.566352][UC][I] Set UC::ScatterGatherEnable to false. [177157,177157][pcstore.cc:101,ShowConfig]
[2026-03-26 16:21:41.566358][UC][I] Set UC::ShardDataDir to true. [177157,177157][pcstore.cc:102,ShowConfig]
[2026-03-26 16:21:41.568345][UC][I] Loaded UCM config from /home/w2938/unified-cache-management/test/test_ucm_config.yaml [177157,177157][utils.py:54,load_ucm_config_from_yaml]
[2026-03-26 16:21:41.568397][UC][I] Using UCM with config: {'ucm_connectors': [{'ucm_connector_name': 'UcmNfsStore', 'ucm_connector_config': {'storage_backends': '/home/w2938/ucm_cache', 'io_direct': False}}]} [177157,177157][utils.py:89,get_config]
