[2026-03-26 17:30:27.891662][UC][I] Logger initialized successfully [207163,207163][__init__.py:48,<module>]
[2026-03-26 17:30:31.121004][UC][I] CPU device is available. [207163,207163][ucm_connector.py:114,__init__]
[2026-03-26 17:30:31.123185][UC][I] Loaded UCM config from /home/w2938/unified-cache-management/test/test_ucm_config.yaml [207163,207163][utils.py:54,load_ucm_config_from_yaml]
[2026-03-26 17:30:31.123244][UC][I] Using UCM with config: {'ucm_connectors': [{'ucm_connector_name': 'UcmPipelineStore', 'ucm_connector_config': {'store_pipeline': 'Posix', 'storage_backends': '/mnt/lustre47/ucm_cache', 'io_direct': False}}]} [207163,207163][utils.py:89,get_config]
[2026-03-26 17:30:31.123339][UC][I] self.launch_config: {'ucm_connectors': [{'ucm_connector_name': 'UcmPipelineStore', 'ucm_connector_config': {'store_pipeline': 'Posix', 'storage_backends': '/mnt/lustre47/ucm_cache', 'io_direct': False}}]} [207163,207163][ucm_connector.py:135,__init__]
[2026-03-26 17:30:31.124892][UC][I] Loaded UCM config from /home/w2938/unified-cache-management/test/test_ucm_config.yaml [207163,207163][utils.py:54,load_ucm_config_from_yaml]
[2026-03-26 17:30:31.124941][UC][I] Using UCM with config: {'ucm_connectors': [{'ucm_connector_name': 'UcmPipelineStore', 'ucm_connector_config': {'store_pipeline': 'Posix', 'storage_backends': '/mnt/lustre47/ucm_cache', 'io_direct': False}}]} [207163,207163][utils.py:89,get_config]
[2026-03-26 17:30:33.431797][UC][I] kv cache shape torch.Size([2, 4681, 8192]) [207163,207163][ucm_connector.py:249,register_kv_caches]
[2026-03-26 17:30:33.431862][UC][I] use mla: False, use dsa: False [207163,207163][ucm_connector.py:259,register_kv_caches]
[2026-03-26 17:30:33.462390][UC][I] create UcmPipelineStore with config: {'store_pipeline': 'Posix', 'storage_backends': ['/mnt/lustre47/ucm_cache/kv'], 'io_direct': False, 'share_buffer_enable': False, 'unique_id': '621f4e8f-d275-453c-a88d-35f0c37ee502', 'device_id': 0, 'tensor_size': 16384, 'shard_size': 917504, 'block_size': 917504, 'local_rank_size': 1} [207163,207163][ucm_connector.py:227,_create_store]
[2026-03-26 17:30:33.465296][UC][I] Creating connector with name: UcmPipelineStore [207163,207163][factory_v1.py:56,create_connector]
[2026-03-26 17:32:59.303710][UC][I] PosixStore-(Release). [207163,207163][posix_store.cc:92,ShowConfig]
[2026-03-26 17:32:59.303756][UC][I] Set PosixStore::StorageBackends to ["/mnt/lustre47/ucm_cache/kv"]. [207163,207163][posix_store.cc:93,ShowConfig]
[2026-03-26 17:32:59.303763][UC][I] Set PosixStore::DeviceId to 0. [207163,207163][posix_store.cc:94,ShowConfig]
[2026-03-26 17:32:59.303770][UC][I] Set PosixStore::TensorSize to 16384. [207163,207163][posix_store.cc:95,ShowConfig]
[2026-03-26 17:32:59.303777][UC][I] Set PosixStore::ShardSize to 917504. [207163,207163][posix_store.cc:96,ShowConfig]
[2026-03-26 17:32:59.303783][UC][I] Set PosixStore::BlockSize to 917504. [207163,207163][posix_store.cc:97,ShowConfig]
[2026-03-26 17:32:59.303789][UC][I] Set PosixStore::IoDirect to false. [207163,207163][posix_store.cc:98,ShowConfig]
[2026-03-26 17:32:59.303795][UC][I] Set PosixStore::DataTransConcurrency to 8. [207163,207163][posix_store.cc:99,ShowConfig]
[2026-03-26 17:32:59.303801][UC][I] Set PosixStore::LookupConcurrency to 8. [207163,207163][posix_store.cc:100,ShowConfig]
[2026-03-26 17:32:59.303807][UC][I] Set PosixStore::TimeoutMs to 30000. [207163,207163][posix_store.cc:101,ShowConfig]
[2026-03-26 17:32:59.303813][UC][I] Set PosixStore::DataDirShardBytes to 3. [207163,207163][posix_store.cc:102,ShowConfig]
[2026-03-26 17:33:06.626170][UC][I] CPU device is available. [207163,207163][ucm_connector.py:114,__init__]
[2026-03-26 17:33:06.627624][UC][I] Loaded UCM config from /home/w2938/unified-cache-management/test/test_ucm_config.yaml [207163,207163][utils.py:54,load_ucm_config_from_yaml]
[2026-03-26 17:33:06.627681][UC][I] Using UCM with config: {'ucm_connectors': [{'ucm_connector_name': 'UcmPipelineStore', 'ucm_connector_config': {'store_pipeline': 'Posix', 'storage_backends': '/mnt/lustre47/ucm_cache', 'io_direct': False}}]} [207163,207163][utils.py:89,get_config]
[2026-03-26 17:33:06.627755][UC][I] self.launch_config: {'ucm_connectors': [{'ucm_connector_name': 'UcmPipelineStore', 'ucm_connector_config': {'store_pipeline': 'Posix', 'storage_backends': '/mnt/lustre47/ucm_cache', 'io_direct': False}}]} [207163,207163][ucm_connector.py:135,__init__]
[2026-03-26 17:33:06.651645][UC][I] create UcmPipelineStore with config: {'store_pipeline': 'Posix', 'storage_backends': ['/mnt/lustre47/ucm_cache/kv'], 'io_direct': False, 'share_buffer_enable': False, 'unique_id': '621f4e8f-d275-453c-a88d-35f0c37ee502'} [207163,207163][ucm_connector.py:227,_create_store]
[2026-03-26 17:33:06.651699][UC][I] Creating connector with name: UcmPipelineStore [207163,207163][factory_v1.py:56,create_connector]
[2026-03-26 17:33:54.696658][UC][I] PosixStore-(Release). [207163,207163][posix_store.cc:92,ShowConfig]
[2026-03-26 17:33:54.696699][UC][I] Set PosixStore::StorageBackends to ["/mnt/lustre47/ucm_cache/kv"]. [207163,207163][posix_store.cc:93,ShowConfig]
[2026-03-26 17:33:54.696706][UC][I] Set PosixStore::DeviceId to -1. [207163,207163][posix_store.cc:94,ShowConfig]
[2026-03-26 17:33:54.696713][UC][I] Set PosixStore::TensorSize to 0. [207163,207163][posix_store.cc:95,ShowConfig]
[2026-03-26 17:33:54.696720][UC][I] Set PosixStore::ShardSize to 0. [207163,207163][posix_store.cc:96,ShowConfig]
[2026-03-26 17:33:54.696725][UC][I] Set PosixStore::BlockSize to 0. [207163,207163][posix_store.cc:97,ShowConfig]
[2026-03-26 17:33:54.696731][UC][I] Set PosixStore::IoDirect to false. [207163,207163][posix_store.cc:98,ShowConfig]
[2026-03-26 17:33:54.696738][UC][I] Set PosixStore::DataTransConcurrency to 8. [207163,207163][posix_store.cc:99,ShowConfig]
[2026-03-26 17:33:54.696744][UC][I] Set PosixStore::LookupConcurrency to 8. [207163,207163][posix_store.cc:100,ShowConfig]
[2026-03-26 17:33:54.696749][UC][I] Set PosixStore::TimeoutMs to 30000. [207163,207163][posix_store.cc:101,ShowConfig]
[2026-03-26 17:33:54.696755][UC][I] Set PosixStore::DataDirShardBytes to 3. [207163,207163][posix_store.cc:102,ShowConfig]
[2026-03-26 17:33:54.699856][UC][I] Loaded UCM config from /home/w2938/unified-cache-management/test/test_ucm_config.yaml [207163,207163][utils.py:54,load_ucm_config_from_yaml]
[2026-03-26 17:33:54.699920][UC][I] Using UCM with config: {'ucm_connectors': [{'ucm_connector_name': 'UcmPipelineStore', 'ucm_connector_config': {'store_pipeline': 'Posix', 'storage_backends': '/mnt/lustre47/ucm_cache', 'io_direct': False}}]} [207163,207163][utils.py:89,get_config]
[2026-03-26 17:34:12.579386][UC][I] request_id: cmpl-7c90af64aa5442b785cb23514953e2e5-0, total_blocks_num: 12, hit hbm: 0, hit external: 0 [207163,207163][ucm_connector.py:326,get_num_new_matched_tokens]
[2026-03-26 17:35:17.461874][UC][I] request_id: cmpl-2a24dd7904f64ef4b8121f4172815fb3-0, total_blocks_num: 12, hit hbm: 0, hit external: 6 [207163,207163][ucm_connector.py:326,get_num_new_matched_tokens]
[2026-03-26 17:35:33.430212][UC][I] request_id: cmpl-4788022f935b4c67a195967704d4cb83-0, total_blocks_num: 12, hit hbm: 0, hit external: 12 [207163,207163][ucm_connector.py:326,get_num_new_matched_tokens]
[2026-03-26 17:35:33.512834][UC][I] request_id: cmpl-a614ed406d3641888b4db4c9f3a5c415-0, total_blocks_num: 12, hit hbm: 0, hit external: 6 [207163,207163][ucm_connector.py:326,get_num_new_matched_tokens]
[2026-03-26 17:35:33.594709][UC][I] request_id: cmpl-218b75612c3c4b3f83b8522616be0cae-0, total_blocks_num: 12, hit hbm: 0, hit external: 6 [207163,207163][ucm_connector.py:326,get_num_new_matched_tokens]
[2026-03-26 17:35:33.676445][UC][I] request_id: cmpl-fcb64181044b406fae0fe803812e4504-0, total_blocks_num: 12, hit hbm: 0, hit external: 6 [207163,207163][ucm_connector.py:326,get_num_new_matched_tokens]
[2026-03-26 17:35:33.758043][UC][I] request_id: cmpl-88e74fc360794481bb6c43551a67584c-0, total_blocks_num: 12, hit hbm: 0, hit external: 6 [207163,207163][ucm_connector.py:326,get_num_new_matched_tokens]
[2026-03-26 17:35:33.840623][UC][I] request_id: cmpl-5986dfe1bca343f499b6341db83a4ce9-0, total_blocks_num: 12, hit hbm: 0, hit external: 6 [207163,207163][ucm_connector.py:326,get_num_new_matched_tokens]
[2026-03-26 17:35:33.913796][UC][I] request_id: cmpl-c39ef2aeebdf4a65ae0843f53e2f7b49-0, total_blocks_num: 12, hit hbm: 0, hit external: 6 [207163,207163][ucm_connector.py:326,get_num_new_matched_tokens]
