[2026-03-19 14:59:29.393161][UC][I] Logger initialized successfully [1088250,1088250][__init__.py:48,<module>]
[2026-03-19 14:59:49.610365][UC][I] CPU device is available. [1088250,1088250][ucm_connector.py:114,__init__]
[2026-03-19 14:59:49.610437][UC][I] Using kv_connector_extra_config from terminal input [1088250,1088250][utils.py:81,_load_config]
[2026-03-19 14:59:49.610477][UC][I] Using UCM with config: {'ucm_connectors': [{'ucm_connector_name': 'UcmPipelineStore', 'ucm_connector_config': {'store_pipeline': 'Posix', 'storage_backends': '/home/w2938/test/ucm_kvcache_perf', 'io_direct': False, 'posix_data_trans_concurrency': 32, 'posix_lookup_concurrency': 32}}]} [1088250,1088250][utils.py:89,get_config]
[2026-03-19 14:59:49.610511][UC][I] self.launch_config: {'ucm_connectors': [{'ucm_connector_name': 'UcmPipelineStore', 'ucm_connector_config': {'store_pipeline': 'Posix', 'storage_backends': '/home/w2938/test/ucm_kvcache_perf', 'io_direct': False, 'posix_data_trans_concurrency': 32, 'posix_lookup_concurrency': 32}}]} [1088250,1088250][ucm_connector.py:135,__init__]
[2026-03-19 14:59:49.610569][UC][I] Using kv_connector_extra_config from terminal input [1088250,1088250][utils.py:81,_load_config]
[2026-03-19 14:59:49.610602][UC][I] Using UCM with config: {'ucm_connectors': [{'ucm_connector_name': 'UcmPipelineStore', 'ucm_connector_config': {'store_pipeline': 'Posix', 'storage_backends': '/home/w2938/test/ucm_kvcache_perf', 'io_direct': False, 'posix_data_trans_concurrency': 32, 'posix_lookup_concurrency': 32}}]} [1088250,1088250][utils.py:89,get_config]
[2026-03-19 14:59:51.923896][UC][I] kv cache shape torch.Size([2, 4681, 8192]) [1088250,1088250][ucm_connector.py:249,register_kv_caches]
[2026-03-19 14:59:51.923966][UC][I] use mla: False, use dsa: False [1088250,1088250][ucm_connector.py:259,register_kv_caches]
[2026-03-19 14:59:51.924687][UC][I] create UcmPipelineStore with config: {'store_pipeline': 'Posix', 'storage_backends': ['/home/w2938/test/ucm_kvcache_perf/kv'], 'io_direct': False, 'posix_data_trans_concurrency': 32, 'posix_lookup_concurrency': 32, 'share_buffer_enable': False, 'unique_id': '761c027c-c867-47ed-ae23-d1a85c1e9388', 'device_id': 0, 'tensor_size': 16384, 'shard_size': 917504, 'block_size': 917504, 'local_rank_size': 1} [1088250,1088250][ucm_connector.py:227,_create_store]
[2026-03-19 14:59:51.928057][UC][I] Creating connector with name: UcmPipelineStore [1088250,1088250][factory_v1.py:56,create_connector]
[2026-03-19 14:59:52.023352][UC][I] PosixStore-(Release). [1088250,1088250][posix_store.cc:92,ShowConfig]
[2026-03-19 14:59:52.023400][UC][I] Set PosixStore::StorageBackends to ["/home/w2938/test/ucm_kvcache_perf/kv"]. [1088250,1088250][posix_store.cc:93,ShowConfig]
[2026-03-19 14:59:52.023408][UC][I] Set PosixStore::DeviceId to 0. [1088250,1088250][posix_store.cc:94,ShowConfig]
[2026-03-19 14:59:52.023415][UC][I] Set PosixStore::TensorSize to 16384. [1088250,1088250][posix_store.cc:95,ShowConfig]
[2026-03-19 14:59:52.023422][UC][I] Set PosixStore::ShardSize to 917504. [1088250,1088250][posix_store.cc:96,ShowConfig]
[2026-03-19 14:59:52.023427][UC][I] Set PosixStore::BlockSize to 917504. [1088250,1088250][posix_store.cc:97,ShowConfig]
[2026-03-19 14:59:52.023433][UC][I] Set PosixStore::IoDirect to false. [1088250,1088250][posix_store.cc:98,ShowConfig]
[2026-03-19 14:59:52.023442][UC][I] Set PosixStore::DataTransConcurrency to 32. [1088250,1088250][posix_store.cc:99,ShowConfig]
[2026-03-19 14:59:52.023448][UC][I] Set PosixStore::LookupConcurrency to 32. [1088250,1088250][posix_store.cc:100,ShowConfig]
[2026-03-19 14:59:52.023454][UC][I] Set PosixStore::TimeoutMs to 30000. [1088250,1088250][posix_store.cc:101,ShowConfig]
[2026-03-19 14:59:52.023463][UC][I] Set PosixStore::DataDirShardBytes to 3. [1088250,1088250][posix_store.cc:102,ShowConfig]
[2026-03-19 15:00:17.001540][UC][I] CPU device is available. [1088250,1088250][ucm_connector.py:114,__init__]
[2026-03-19 15:00:17.001583][UC][I] Using kv_connector_extra_config from terminal input [1088250,1088250][utils.py:81,_load_config]
[2026-03-19 15:00:17.001615][UC][I] Using UCM with config: {'ucm_connectors': [{'ucm_connector_name': 'UcmPipelineStore', 'ucm_connector_config': {'store_pipeline': 'Posix', 'storage_backends': '/home/w2938/test/ucm_kvcache_perf', 'io_direct': False, 'posix_data_trans_concurrency': 32, 'posix_lookup_concurrency': 32}}]} [1088250,1088250][utils.py:89,get_config]
[2026-03-19 15:00:17.001683][UC][I] self.launch_config: {'ucm_connectors': [{'ucm_connector_name': 'UcmPipelineStore', 'ucm_connector_config': {'store_pipeline': 'Posix', 'storage_backends': '/home/w2938/test/ucm_kvcache_perf', 'io_direct': False, 'posix_data_trans_concurrency': 32, 'posix_lookup_concurrency': 32}}]} [1088250,1088250][ucm_connector.py:135,__init__]
[2026-03-19 15:00:17.001855][UC][I] create UcmPipelineStore with config: {'store_pipeline': 'Posix', 'storage_backends': ['/home/w2938/test/ucm_kvcache_perf/kv'], 'io_direct': False, 'posix_data_trans_concurrency': 32, 'posix_lookup_concurrency': 32, 'share_buffer_enable': False, 'unique_id': '761c027c-c867-47ed-ae23-d1a85c1e9388'} [1088250,1088250][ucm_connector.py:227,_create_store]
[2026-03-19 15:00:17.001895][UC][I] Creating connector with name: UcmPipelineStore [1088250,1088250][factory_v1.py:56,create_connector]
[2026-03-19 15:00:17.011586][UC][I] PosixStore-(Release). [1088250,1088250][posix_store.cc:92,ShowConfig]
[2026-03-19 15:00:17.011621][UC][I] Set PosixStore::StorageBackends to ["/home/w2938/test/ucm_kvcache_perf/kv"]. [1088250,1088250][posix_store.cc:93,ShowConfig]
[2026-03-19 15:00:17.011629][UC][I] Set PosixStore::DeviceId to -1. [1088250,1088250][posix_store.cc:94,ShowConfig]
[2026-03-19 15:00:17.011634][UC][I] Set PosixStore::TensorSize to 0. [1088250,1088250][posix_store.cc:95,ShowConfig]
[2026-03-19 15:00:17.011639][UC][I] Set PosixStore::ShardSize to 0. [1088250,1088250][posix_store.cc:96,ShowConfig]
[2026-03-19 15:00:17.011644][UC][I] Set PosixStore::BlockSize to 0. [1088250,1088250][posix_store.cc:97,ShowConfig]
[2026-03-19 15:00:17.011650][UC][I] Set PosixStore::IoDirect to false. [1088250,1088250][posix_store.cc:98,ShowConfig]
[2026-03-19 15:00:17.011655][UC][I] Set PosixStore::DataTransConcurrency to 32. [1088250,1088250][posix_store.cc:99,ShowConfig]
[2026-03-19 15:00:17.011663][UC][I] Set PosixStore::LookupConcurrency to 32. [1088250,1088250][posix_store.cc:100,ShowConfig]
[2026-03-19 15:00:17.011668][UC][I] Set PosixStore::TimeoutMs to 30000. [1088250,1088250][posix_store.cc:101,ShowConfig]
[2026-03-19 15:00:17.011673][UC][I] Set PosixStore::DataDirShardBytes to 3. [1088250,1088250][posix_store.cc:102,ShowConfig]
[2026-03-19 15:00:17.011763][UC][I] Using kv_connector_extra_config from terminal input [1088250,1088250][utils.py:81,_load_config]
[2026-03-19 15:00:17.011806][UC][I] Using UCM with config: {'ucm_connectors': [{'ucm_connector_name': 'UcmPipelineStore', 'ucm_connector_config': {'store_pipeline': 'Posix', 'storage_backends': '/home/w2938/test/ucm_kvcache_perf', 'io_direct': False, 'posix_data_trans_concurrency': 32, 'posix_lookup_concurrency': 32}}]} [1088250,1088250][utils.py:89,get_config]
