[2026-03-18 14:07:19.240647][UC][I] Logger initialized successfully [985262,985262][__init__.py:48,<module>]
[2026-03-18 14:07:30.480159][UC][I] CPU device is available. [985262,985262][ucm_connector.py:114,__init__]
[2026-03-18 14:07:30.480214][UC][I] Using kv_connector_extra_config from terminal input [985262,985262][utils.py:81,_load_config]
[2026-03-18 14:07:30.480252][UC][I] Using UCM with config: {'ucm_connectors': [{'ucm_connector_name': 'UcmPipelineStore', 'ucm_connector_config': {'store_pipeline': 'Posix', 'storage_backends': '/home/w2938/test/ucm_kvcache_qwen7b', 'io_direct': False, 'posix_data_trans_concurrency': 16, 'posix_lookup_concurrency': 16}}]} [985262,985262][utils.py:89,get_config]
[2026-03-18 14:07:30.480294][UC][I] self.launch_config: {'ucm_connectors': [{'ucm_connector_name': 'UcmPipelineStore', 'ucm_connector_config': {'store_pipeline': 'Posix', 'storage_backends': '/home/w2938/test/ucm_kvcache_qwen7b', 'io_direct': False, 'posix_data_trans_concurrency': 16, 'posix_lookup_concurrency': 16}}]} [985262,985262][ucm_connector.py:135,__init__]
[2026-03-18 14:07:32.099707][UC][I] kv cache shape torch.Size([2, 3415, 4, 128, 128]) [985262,985262][ucm_connector.py:249,register_kv_caches]
[2026-03-18 14:07:32.099762][UC][I] use mla: False, use dsa: False [985262,985262][ucm_connector.py:259,register_kv_caches]
[2026-03-18 14:07:32.100320][UC][I] create UcmPipelineStore with config: {'store_pipeline': 'Posix', 'storage_backends': ['/home/w2938/test/ucm_kvcache_qwen7b/kv'], 'io_direct': False, 'posix_data_trans_concurrency': 16, 'posix_lookup_concurrency': 16, 'share_buffer_enable': False, 'unique_id': 'cd37e0ec-c5e0-4da7-a074-eed1969816c2', 'device_id': 0, 'tensor_size': 131072, 'shard_size': 7340032, 'block_size': 7340032, 'local_rank_size': 1} [985262,985262][ucm_connector.py:227,_create_store]
[2026-03-18 14:07:32.103519][UC][I] Creating connector with name: UcmPipelineStore [985262,985262][factory_v1.py:56,create_connector]
[2026-03-18 14:07:32.197651][UC][I] PosixStore-(Release). [985262,985262][posix_store.cc:92,ShowConfig]
[2026-03-18 14:07:32.197689][UC][I] Set PosixStore::StorageBackends to ["/home/w2938/test/ucm_kvcache_qwen7b/kv"]. [985262,985262][posix_store.cc:93,ShowConfig]
[2026-03-18 14:07:32.197697][UC][I] Set PosixStore::DeviceId to 0. [985262,985262][posix_store.cc:94,ShowConfig]
[2026-03-18 14:07:32.197706][UC][I] Set PosixStore::TensorSize to 131072. [985262,985262][posix_store.cc:95,ShowConfig]
[2026-03-18 14:07:32.197716][UC][I] Set PosixStore::ShardSize to 7340032. [985262,985262][posix_store.cc:96,ShowConfig]
[2026-03-18 14:07:32.197722][UC][I] Set PosixStore::BlockSize to 7340032. [985262,985262][posix_store.cc:97,ShowConfig]
[2026-03-18 14:07:32.197728][UC][I] Set PosixStore::IoDirect to false. [985262,985262][posix_store.cc:98,ShowConfig]
[2026-03-18 14:07:32.197734][UC][I] Set PosixStore::DataTransConcurrency to 16. [985262,985262][posix_store.cc:99,ShowConfig]
[2026-03-18 14:07:32.197740][UC][I] Set PosixStore::LookupConcurrency to 16. [985262,985262][posix_store.cc:100,ShowConfig]
[2026-03-18 14:07:32.197746][UC][I] Set PosixStore::TimeoutMs to 30000. [985262,985262][posix_store.cc:101,ShowConfig]
[2026-03-18 14:07:32.197754][UC][I] Set PosixStore::DataDirShardBytes to 3. [985262,985262][posix_store.cc:102,ShowConfig]
[2026-03-18 14:08:22.952776][UC][I] CPU device is available. [985262,985262][ucm_connector.py:114,__init__]
[2026-03-18 14:08:22.952818][UC][I] Using kv_connector_extra_config from terminal input [985262,985262][utils.py:81,_load_config]
[2026-03-18 14:08:22.952850][UC][I] Using UCM with config: {'ucm_connectors': [{'ucm_connector_name': 'UcmPipelineStore', 'ucm_connector_config': {'store_pipeline': 'Posix', 'storage_backends': '/home/w2938/test/ucm_kvcache_qwen7b', 'io_direct': False, 'posix_data_trans_concurrency': 16, 'posix_lookup_concurrency': 16}}]} [985262,985262][utils.py:89,get_config]
[2026-03-18 14:08:22.952876][UC][I] self.launch_config: {'ucm_connectors': [{'ucm_connector_name': 'UcmPipelineStore', 'ucm_connector_config': {'store_pipeline': 'Posix', 'storage_backends': '/home/w2938/test/ucm_kvcache_qwen7b', 'io_direct': False, 'posix_data_trans_concurrency': 16, 'posix_lookup_concurrency': 16}}]} [985262,985262][ucm_connector.py:135,__init__]
[2026-03-18 14:08:22.953087][UC][I] create UcmPipelineStore with config: {'store_pipeline': 'Posix', 'storage_backends': ['/home/w2938/test/ucm_kvcache_qwen7b/kv'], 'io_direct': False, 'posix_data_trans_concurrency': 16, 'posix_lookup_concurrency': 16, 'share_buffer_enable': False, 'unique_id': 'cd37e0ec-c5e0-4da7-a074-eed1969816c2'} [985262,985262][ucm_connector.py:227,_create_store]
[2026-03-18 14:08:22.953132][UC][I] Creating connector with name: UcmPipelineStore [985262,985262][factory_v1.py:56,create_connector]
[2026-03-18 14:08:22.960285][UC][I] PosixStore-(Release). [985262,985262][posix_store.cc:92,ShowConfig]
[2026-03-18 14:08:22.960315][UC][I] Set PosixStore::StorageBackends to ["/home/w2938/test/ucm_kvcache_qwen7b/kv"]. [985262,985262][posix_store.cc:93,ShowConfig]
[2026-03-18 14:08:22.960325][UC][I] Set PosixStore::DeviceId to -1. [985262,985262][posix_store.cc:94,ShowConfig]
[2026-03-18 14:08:22.960333][UC][I] Set PosixStore::TensorSize to 0. [985262,985262][posix_store.cc:95,ShowConfig]
[2026-03-18 14:08:22.960340][UC][I] Set PosixStore::ShardSize to 0. [985262,985262][posix_store.cc:96,ShowConfig]
[2026-03-18 14:08:22.960345][UC][I] Set PosixStore::BlockSize to 0. [985262,985262][posix_store.cc:97,ShowConfig]
[2026-03-18 14:08:22.960350][UC][I] Set PosixStore::IoDirect to false. [985262,985262][posix_store.cc:98,ShowConfig]
[2026-03-18 14:08:22.960355][UC][I] Set PosixStore::DataTransConcurrency to 16. [985262,985262][posix_store.cc:99,ShowConfig]
[2026-03-18 14:08:22.960360][UC][I] Set PosixStore::LookupConcurrency to 16. [985262,985262][posix_store.cc:100,ShowConfig]
[2026-03-18 14:08:22.960366][UC][I] Set PosixStore::TimeoutMs to 30000. [985262,985262][posix_store.cc:101,ShowConfig]
[2026-03-18 14:08:22.960371][UC][I] Set PosixStore::DataDirShardBytes to 3. [985262,985262][posix_store.cc:102,ShowConfig]
