[2026-03-26 11:13:02.656175][UC][I] Logger initialized successfully [46620,46620][__init__.py:48,<module>]
[2026-03-26 11:13:07.901551][UC][I] CPU device is available. [46620,46620][ucm_connector.py:114,__init__]
[2026-03-26 11:13:07.903669][UC][I] Loaded UCM config from /home/w2938/unified-cache-management/test/test_ucm_config.yaml [46620,46620][utils.py:54,load_ucm_config_from_yaml]
[2026-03-26 11:13:07.903732][UC][I] Using UCM with config: {'ucm_connectors': [{'ucm_connector_name': 'UcmNfsStore', 'ucm_connector_config': {'storage_backends': '/home/w2938/model', 'io_direct': False}}]} [46620,46620][utils.py:89,get_config]
[2026-03-26 11:13:07.903768][UC][I] self.launch_config: {'ucm_connectors': [{'ucm_connector_name': 'UcmNfsStore', 'ucm_connector_config': {'storage_backends': '/home/w2938/model', 'io_direct': False}}]} [46620,46620][ucm_connector.py:135,__init__]
[2026-03-26 11:13:07.905189][UC][I] Loaded UCM config from /home/w2938/unified-cache-management/test/test_ucm_config.yaml [46620,46620][utils.py:54,load_ucm_config_from_yaml]
[2026-03-26 11:13:07.905234][UC][I] Using UCM with config: {'ucm_connectors': [{'ucm_connector_name': 'UcmNfsStore', 'ucm_connector_config': {'storage_backends': '/home/w2938/model', 'io_direct': False}}]} [46620,46620][utils.py:89,get_config]
[2026-03-26 11:13:10.213158][UC][I] kv cache shape torch.Size([2, 4681, 8192]) [46620,46620][ucm_connector.py:249,register_kv_caches]
[2026-03-26 11:13:10.213226][UC][I] use mla: False, use dsa: False [46620,46620][ucm_connector.py:259,register_kv_caches]
[2026-03-26 11:13:10.213913][UC][I] create UcmNfsStore with config: {'storage_backends': ['/home/w2938/model/kv'], 'io_direct': False, 'share_buffer_enable': False, 'unique_id': '7695370f-a3e4-44d2-900a-f8b67f0bbdb0', 'device_id': 0, 'tensor_size': 16384, 'shard_size': 917504, 'block_size': 917504, 'local_rank_size': 1} [46620,46620][ucm_connector.py:227,_create_store]
[2026-03-26 11:13:10.218082][UC][I] Creating connector with name: UcmNfsStore [46620,46620][factory_v1.py:56,create_connector]
[2026-03-26 11:13:11.111925][UC][I] PcStore-(Release). [46620,46620][pcstore.cc:89,ShowConfig]
[2026-03-26 11:13:11.111976][UC][I] Set UC::StorageBackends to ["/home/w2938/model/kv"]. [46620,46620][pcstore.cc:90,ShowConfig]
[2026-03-26 11:13:11.111984][UC][I] Set UC::BlockSize to 917504. [46620,46620][pcstore.cc:91,ShowConfig]
[2026-03-26 11:13:11.111989][UC][I] Set UC::TransferEnable to true. [46620,46620][pcstore.cc:92,ShowConfig]
[2026-03-26 11:13:11.111995][UC][I] Set UC::UniqueId to 7695370f-a3e4-44d2-900a-f8b67f0bbdb0. [46620,46620][pcstore.cc:93,ShowConfig]
[2026-03-26 11:13:11.112000][UC][I] Set UC::IoSize to 16384. [46620,46620][pcstore.cc:94,ShowConfig]
[2026-03-26 11:13:11.112008][UC][I] Set UC::IoDirect to false. [46620,46620][pcstore.cc:95,ShowConfig]
[2026-03-26 11:13:11.112014][UC][I] Set UC::LocalRankSize to 1. [46620,46620][pcstore.cc:96,ShowConfig]
[2026-03-26 11:13:11.112021][UC][I] Set UC::DeviceId to 0. [46620,46620][pcstore.cc:97,ShowConfig]
[2026-03-26 11:13:11.112027][UC][I] Set UC::StreamNumber to 8. [46620,46620][pcstore.cc:98,ShowConfig]
[2026-03-26 11:13:11.112033][UC][I] Set UC::BufferNumber to 4096. [46620,46620][pcstore.cc:99,ShowConfig]
[2026-03-26 11:13:11.112038][UC][I] Set UC::TimeoutMs to 30000. [46620,46620][pcstore.cc:100,ShowConfig]
[2026-03-26 11:13:11.112045][UC][I] Set UC::ScatterGatherEnable to false. [46620,46620][pcstore.cc:101,ShowConfig]
[2026-03-26 11:13:11.112051][UC][I] Set UC::ShardDataDir to true. [46620,46620][pcstore.cc:102,ShowConfig]
[2026-03-26 11:13:18.446408][UC][I] CPU device is available. [46620,46620][ucm_connector.py:114,__init__]
[2026-03-26 11:13:18.449204][UC][I] Loaded UCM config from /home/w2938/unified-cache-management/test/test_ucm_config.yaml [46620,46620][utils.py:54,load_ucm_config_from_yaml]
[2026-03-26 11:13:18.449273][UC][I] Using UCM with config: {'ucm_connectors': [{'ucm_connector_name': 'UcmNfsStore', 'ucm_connector_config': {'storage_backends': '/home/w2938/model', 'io_direct': False}}]} [46620,46620][utils.py:89,get_config]
[2026-03-26 11:13:18.449311][UC][I] self.launch_config: {'ucm_connectors': [{'ucm_connector_name': 'UcmNfsStore', 'ucm_connector_config': {'storage_backends': '/home/w2938/model', 'io_direct': False}}]} [46620,46620][ucm_connector.py:135,__init__]
[2026-03-26 11:13:18.449532][UC][I] create UcmNfsStore with config: {'storage_backends': ['/home/w2938/model/kv'], 'io_direct': False, 'share_buffer_enable': False, 'unique_id': '7695370f-a3e4-44d2-900a-f8b67f0bbdb0'} [46620,46620][ucm_connector.py:227,_create_store]
[2026-03-26 11:13:18.449571][UC][I] Creating connector with name: UcmNfsStore [46620,46620][factory_v1.py:56,create_connector]
[2026-03-26 11:13:18.449656][UC][I] PcStore-(Release). [46620,46620][pcstore.cc:89,ShowConfig]
[2026-03-26 11:13:18.449669][UC][I] Set UC::StorageBackends to ["/home/w2938/model/kv"]. [46620,46620][pcstore.cc:90,ShowConfig]
[2026-03-26 11:13:18.449676][UC][I] Set UC::BlockSize to 0. [46620,46620][pcstore.cc:91,ShowConfig]
[2026-03-26 11:13:18.449683][UC][I] Set UC::TransferEnable to false. [46620,46620][pcstore.cc:92,ShowConfig]
[2026-03-26 11:13:18.449688][UC][I] Set UC::UniqueId to 7695370f-a3e4-44d2-900a-f8b67f0bbdb0. [46620,46620][pcstore.cc:93,ShowConfig]
[2026-03-26 11:13:18.449695][UC][I] Set UC::IoSize to 262144. [46620,46620][pcstore.cc:94,ShowConfig]
[2026-03-26 11:13:18.449701][UC][I] Set UC::IoDirect to false. [46620,46620][pcstore.cc:95,ShowConfig]
[2026-03-26 11:13:18.449706][UC][I] Set UC::LocalRankSize to 1. [46620,46620][pcstore.cc:96,ShowConfig]
[2026-03-26 11:13:18.449712][UC][I] Set UC::DeviceId to -1. [46620,46620][pcstore.cc:97,ShowConfig]
[2026-03-26 11:13:18.449718][UC][I] Set UC::StreamNumber to 8. [46620,46620][pcstore.cc:98,ShowConfig]
[2026-03-26 11:13:18.449724][UC][I] Set UC::BufferNumber to 4096. [46620,46620][pcstore.cc:99,ShowConfig]
[2026-03-26 11:13:18.449730][UC][I] Set UC::TimeoutMs to 30000. [46620,46620][pcstore.cc:100,ShowConfig]
[2026-03-26 11:13:18.449736][UC][I] Set UC::ScatterGatherEnable to false. [46620,46620][pcstore.cc:101,ShowConfig]
[2026-03-26 11:13:18.449741][UC][I] Set UC::ShardDataDir to true. [46620,46620][pcstore.cc:102,ShowConfig]
[2026-03-26 11:13:18.451260][UC][I] Loaded UCM config from /home/w2938/unified-cache-management/test/test_ucm_config.yaml [46620,46620][utils.py:54,load_ucm_config_from_yaml]
[2026-03-26 11:13:18.451317][UC][I] Using UCM with config: {'ucm_connectors': [{'ucm_connector_name': 'UcmNfsStore', 'ucm_connector_config': {'storage_backends': '/home/w2938/model', 'io_direct': False}}]} [46620,46620][utils.py:89,get_config]
[2026-03-26 11:13:27.529183][UC][I] request_id: chatcmpl-d0993ceef1974363b96f9956aa372867, total_blocks_num: 4, hit hbm: 0, hit external: 0 [46620,46620][ucm_connector.py:326,get_num_new_matched_tokens]
[2026-03-26 11:14:00.911198][UC][I] request_id: chatcmpl-cf1893c655584f7a92500405b887517a, total_blocks_num: 7, hit hbm: 1, hit external: 0 [46620,46620][ucm_connector.py:326,get_num_new_matched_tokens]
[2026-03-26 11:14:15.096186][UC][I] request_id: chatcmpl-c848e0ef9ce14e8b8c21ef7a9e98cdeb, total_blocks_num: 7, hit hbm: 1, hit external: 0 [46620,46620][ucm_connector.py:326,get_num_new_matched_tokens]
[2026-03-26 11:14:15.096743][UC][I] request_id: chatcmpl-894c17e028bf42debfafa133915ab02b, total_blocks_num: 7, hit hbm: 1, hit external: 0 [46620,46620][ucm_connector.py:326,get_num_new_matched_tokens]
[2026-03-26 11:14:15.097173][UC][I] request_id: chatcmpl-21262d3ce7da473a8be3f42dde922340, total_blocks_num: 7, hit hbm: 1, hit external: 0 [46620,46620][ucm_connector.py:326,get_num_new_matched_tokens]
[2026-03-26 11:15:01.530658][UC][I] request_id: chatcmpl-c4327257ff9140ad9db135f5dd5735ae, total_blocks_num: 6, hit hbm: 3, hit external: 0 [46620,46620][ucm_connector.py:326,get_num_new_matched_tokens]
[2026-03-26 11:21:57.527249][UC][I] request_id: chatcmpl-d25d04497c4843a0b46c8780812d0b97, total_blocks_num: 7, hit hbm: 6, hit external: 0 [46620,46620][ucm_connector.py:326,get_num_new_matched_tokens]
[2026-03-26 11:21:57.527925][UC][I] request_id: chatcmpl-14e7b67e45634f069076f80a8e83f29d, total_blocks_num: 7, hit hbm: 6, hit external: 0 [46620,46620][ucm_connector.py:326,get_num_new_matched_tokens]
[2026-03-26 11:21:57.528253][UC][I] request_id: chatcmpl-27bdf3934f564737a79cb0653d76f6cc, total_blocks_num: 7, hit hbm: 6, hit external: 0 [46620,46620][ucm_connector.py:326,get_num_new_matched_tokens]
[2026-03-26 11:21:57.528631][UC][I] request_id: chatcmpl-03ff0c3bde5b417e8f496043c5f86c31, total_blocks_num: 7, hit hbm: 6, hit external: 0 [46620,46620][ucm_connector.py:326,get_num_new_matched_tokens]
[2026-03-26 11:22:10.347493][UC][E] Failed(2,-50002) to open file(/home/w2938/model/kv/.temp/8852c0f3e9cf26312e4720855526f7ab) with flags(65). [46620,46880][posix_file.cc:106,Open]
[2026-03-26 11:22:10.347620][UC][E] Failed(2,-50002) to open file(/home/w2938/model/kv/.temp/bc2cfdb900f37c7a80cd6a796b284036) with flags(65). [46620,46880][posix_file.cc:106,Open]
[2026-03-26 11:22:10.347644][UC][E] Failed(2,-50002) to open file(/home/w2938/model/kv/.temp/eab0990be8e0f92f990e065ace8d9dea) with flags(65). [46620,46880][posix_file.cc:106,Open]
[2026-03-26 11:22:10.347665][UC][E] Failed(2,-50002) to open file(/home/w2938/model/kv/.temp/d90417569ca1c1ed7bd7ea66109c8b9a) with flags(65). [46620,46880][posix_file.cc:106,Open]
