[2026-03-20 15:33:01.658469][UC][I] Logger initialized successfully [1145210,1145210][__init__.py:48,<module>]
[2026-03-20 15:33:14.785749][UC][I] CPU device is available. [1145210,1145210][ucm_connector.py:114,__init__]
[2026-03-20 15:33:14.785821][UC][I] Using kv_connector_extra_config from terminal input [1145210,1145210][utils.py:81,_load_config]
[2026-03-20 15:33:14.785861][UC][I] Using UCM with config: {'ucm_connectors': [{'ucm_connector_name': 'UcmPipelineStore', 'ucm_connector_config': {'store_pipeline': 'Posix', 'storage_backends': '/home/w2938/test/ucm_kvcache_storage_offline/100', 'io_direct': False, 'posix_data_trans_concurrency': 32, 'posix_lookup_concurrency': 32}}]} [1145210,1145210][utils.py:89,get_config]
[2026-03-20 15:33:14.785902][UC][I] self.launch_config: {'ucm_connectors': [{'ucm_connector_name': 'UcmPipelineStore', 'ucm_connector_config': {'store_pipeline': 'Posix', 'storage_backends': '/home/w2938/test/ucm_kvcache_storage_offline/100', 'io_direct': False, 'posix_data_trans_concurrency': 32, 'posix_lookup_concurrency': 32}}]} [1145210,1145210][ucm_connector.py:135,__init__]
[2026-03-20 15:33:14.785963][UC][I] Using kv_connector_extra_config from terminal input [1145210,1145210][utils.py:81,_load_config]
[2026-03-20 15:33:14.785993][UC][I] Using UCM with config: {'ucm_connectors': [{'ucm_connector_name': 'UcmPipelineStore', 'ucm_connector_config': {'store_pipeline': 'Posix', 'storage_backends': '/home/w2938/test/ucm_kvcache_storage_offline/100', 'io_direct': False, 'posix_data_trans_concurrency': 32, 'posix_lookup_concurrency': 32}}]} [1145210,1145210][utils.py:89,get_config]
[2026-03-20 15:33:17.091412][UC][I] kv cache shape torch.Size([2, 4681, 8192]) [1145210,1145210][ucm_connector.py:249,register_kv_caches]
[2026-03-20 15:33:17.091484][UC][I] use mla: False, use dsa: False [1145210,1145210][ucm_connector.py:259,register_kv_caches]
[2026-03-20 15:33:17.092185][UC][I] create UcmPipelineStore with config: {'store_pipeline': 'Posix', 'storage_backends': ['/home/w2938/test/ucm_kvcache_storage_offline/100/kv'], 'io_direct': False, 'posix_data_trans_concurrency': 32, 'posix_lookup_concurrency': 32, 'share_buffer_enable': False, 'unique_id': '044f1507-6475-48e1-add5-a924b0bb854b', 'device_id': 0, 'tensor_size': 16384, 'shard_size': 917504, 'block_size': 917504, 'local_rank_size': 1} [1145210,1145210][ucm_connector.py:227,_create_store]
[2026-03-20 15:33:17.095538][UC][I] Creating connector with name: UcmPipelineStore [1145210,1145210][factory_v1.py:56,create_connector]
[2026-03-20 15:33:17.189239][UC][I] PosixStore-(Release). [1145210,1145210][posix_store.cc:92,ShowConfig]
[2026-03-20 15:33:17.189280][UC][I] Set PosixStore::StorageBackends to ["/home/w2938/test/ucm_kvcache_storage_offline/100/kv"]. [1145210,1145210][posix_store.cc:93,ShowConfig]
[2026-03-20 15:33:17.189288][UC][I] Set PosixStore::DeviceId to 0. [1145210,1145210][posix_store.cc:94,ShowConfig]
[2026-03-20 15:33:17.189294][UC][I] Set PosixStore::TensorSize to 16384. [1145210,1145210][posix_store.cc:95,ShowConfig]
[2026-03-20 15:33:17.189299][UC][I] Set PosixStore::ShardSize to 917504. [1145210,1145210][posix_store.cc:96,ShowConfig]
[2026-03-20 15:33:17.189304][UC][I] Set PosixStore::BlockSize to 917504. [1145210,1145210][posix_store.cc:97,ShowConfig]
[2026-03-20 15:33:17.189309][UC][I] Set PosixStore::IoDirect to false. [1145210,1145210][posix_store.cc:98,ShowConfig]
[2026-03-20 15:33:17.189314][UC][I] Set PosixStore::DataTransConcurrency to 32. [1145210,1145210][posix_store.cc:99,ShowConfig]
[2026-03-20 15:33:17.189319][UC][I] Set PosixStore::LookupConcurrency to 32. [1145210,1145210][posix_store.cc:100,ShowConfig]
[2026-03-20 15:33:17.189329][UC][I] Set PosixStore::TimeoutMs to 30000. [1145210,1145210][posix_store.cc:101,ShowConfig]
[2026-03-20 15:33:17.189335][UC][I] Set PosixStore::DataDirShardBytes to 3. [1145210,1145210][posix_store.cc:102,ShowConfig]
[2026-03-20 15:33:42.166991][UC][I] CPU device is available. [1145210,1145210][ucm_connector.py:114,__init__]
[2026-03-20 15:33:42.167031][UC][I] Using kv_connector_extra_config from terminal input [1145210,1145210][utils.py:81,_load_config]
[2026-03-20 15:33:42.167110][UC][I] Using UCM with config: {'ucm_connectors': [{'ucm_connector_name': 'UcmPipelineStore', 'ucm_connector_config': {'store_pipeline': 'Posix', 'storage_backends': '/home/w2938/test/ucm_kvcache_storage_offline/100', 'io_direct': False, 'posix_data_trans_concurrency': 32, 'posix_lookup_concurrency': 32}}]} [1145210,1145210][utils.py:89,get_config]
[2026-03-20 15:33:42.167139][UC][I] self.launch_config: {'ucm_connectors': [{'ucm_connector_name': 'UcmPipelineStore', 'ucm_connector_config': {'store_pipeline': 'Posix', 'storage_backends': '/home/w2938/test/ucm_kvcache_storage_offline/100', 'io_direct': False, 'posix_data_trans_concurrency': 32, 'posix_lookup_concurrency': 32}}]} [1145210,1145210][ucm_connector.py:135,__init__]
[2026-03-20 15:33:42.167317][UC][I] create UcmPipelineStore with config: {'store_pipeline': 'Posix', 'storage_backends': ['/home/w2938/test/ucm_kvcache_storage_offline/100/kv'], 'io_direct': False, 'posix_data_trans_concurrency': 32, 'posix_lookup_concurrency': 32, 'share_buffer_enable': False, 'unique_id': '044f1507-6475-48e1-add5-a924b0bb854b'} [1145210,1145210][ucm_connector.py:227,_create_store]
[2026-03-20 15:33:42.167354][UC][I] Creating connector with name: UcmPipelineStore [1145210,1145210][factory_v1.py:56,create_connector]
[2026-03-20 15:33:42.177512][UC][I] PosixStore-(Release). [1145210,1145210][posix_store.cc:92,ShowConfig]
[2026-03-20 15:33:42.177547][UC][I] Set PosixStore::StorageBackends to ["/home/w2938/test/ucm_kvcache_storage_offline/100/kv"]. [1145210,1145210][posix_store.cc:93,ShowConfig]
[2026-03-20 15:33:42.177554][UC][I] Set PosixStore::DeviceId to -1. [1145210,1145210][posix_store.cc:94,ShowConfig]
[2026-03-20 15:33:42.177560][UC][I] Set PosixStore::TensorSize to 0. [1145210,1145210][posix_store.cc:95,ShowConfig]
[2026-03-20 15:33:42.177566][UC][I] Set PosixStore::ShardSize to 0. [1145210,1145210][posix_store.cc:96,ShowConfig]
[2026-03-20 15:33:42.177576][UC][I] Set PosixStore::BlockSize to 0. [1145210,1145210][posix_store.cc:97,ShowConfig]
[2026-03-20 15:33:42.177582][UC][I] Set PosixStore::IoDirect to false. [1145210,1145210][posix_store.cc:98,ShowConfig]
[2026-03-20 15:33:42.177587][UC][I] Set PosixStore::DataTransConcurrency to 32. [1145210,1145210][posix_store.cc:99,ShowConfig]
[2026-03-20 15:33:42.177592][UC][I] Set PosixStore::LookupConcurrency to 32. [1145210,1145210][posix_store.cc:100,ShowConfig]
[2026-03-20 15:33:42.177597][UC][I] Set PosixStore::TimeoutMs to 30000. [1145210,1145210][posix_store.cc:101,ShowConfig]
[2026-03-20 15:33:42.177604][UC][I] Set PosixStore::DataDirShardBytes to 3. [1145210,1145210][posix_store.cc:102,ShowConfig]
[2026-03-20 15:33:42.177690][UC][I] Using kv_connector_extra_config from terminal input [1145210,1145210][utils.py:81,_load_config]
[2026-03-20 15:33:42.177728][UC][I] Using UCM with config: {'ucm_connectors': [{'ucm_connector_name': 'UcmPipelineStore', 'ucm_connector_config': {'store_pipeline': 'Posix', 'storage_backends': '/home/w2938/test/ucm_kvcache_storage_offline/100', 'io_direct': False, 'posix_data_trans_concurrency': 32, 'posix_lookup_concurrency': 32}}]} [1145210,1145210][utils.py:89,get_config]
[2026-03-20 15:33:42.784808][UC][I] request_id: 0, total_blocks_num: 2, hit hbm: 0, hit external: 0 [1145210,1145210][ucm_connector.py:326,get_num_new_matched_tokens]
[2026-03-20 15:33:51.421699][UC][I] request_id: 1, total_blocks_num: 2, hit hbm: 1, hit external: 0 [1145210,1145210][ucm_connector.py:326,get_num_new_matched_tokens]
