[2026-03-26 12:23:36.775492][UC][I] Logger initialized successfully [77034,77034][__init__.py:48,<module>]
[2026-03-26 12:23:41.501590][UC][I] CPU device is available. [77034,77034][ucm_connector.py:114,__init__]
[2026-03-26 12:23:41.503680][UC][I] Loaded UCM config from /home/w2938/unified-cache-management/test/test_ucm_config.yaml [77034,77034][utils.py:54,load_ucm_config_from_yaml]
[2026-03-26 12:23:41.503738][UC][I] Using UCM with config: {'ucm_connectors': [{'ucm_connector_name': 'UcmNfsStore', 'ucm_connector_config': {'storage_backends': '/home/w2938/model', 'io_direct': False}}]} [77034,77034][utils.py:89,get_config]
[2026-03-26 12:23:41.503771][UC][I] self.launch_config: {'ucm_connectors': [{'ucm_connector_name': 'UcmNfsStore', 'ucm_connector_config': {'storage_backends': '/home/w2938/model', 'io_direct': False}}]} [77034,77034][ucm_connector.py:135,__init__]
[2026-03-26 12:23:41.505190][UC][I] Loaded UCM config from /home/w2938/unified-cache-management/test/test_ucm_config.yaml [77034,77034][utils.py:54,load_ucm_config_from_yaml]
[2026-03-26 12:23:41.505235][UC][I] Using UCM with config: {'ucm_connectors': [{'ucm_connector_name': 'UcmNfsStore', 'ucm_connector_config': {'storage_backends': '/home/w2938/model', 'io_direct': False}}]} [77034,77034][utils.py:89,get_config]
[2026-03-26 12:23:43.807950][UC][I] kv cache shape torch.Size([2, 4681, 8192]) [77034,77034][ucm_connector.py:249,register_kv_caches]
[2026-03-26 12:23:43.808016][UC][I] use mla: False, use dsa: False [77034,77034][ucm_connector.py:259,register_kv_caches]
[2026-03-26 12:23:43.808704][UC][I] create UcmNfsStore with config: {'storage_backends': ['/home/w2938/model/kv'], 'io_direct': False, 'share_buffer_enable': False, 'unique_id': 'acb16be2-e70f-4276-9020-a1cf9cbe400a', 'device_id': 0, 'tensor_size': 16384, 'shard_size': 917504, 'block_size': 917504, 'local_rank_size': 1} [77034,77034][ucm_connector.py:227,_create_store]
[2026-03-26 12:23:43.812751][UC][I] Creating connector with name: UcmNfsStore [77034,77034][factory_v1.py:56,create_connector]
[2026-03-26 12:23:44.705784][UC][I] PcStore-(Release). [77034,77034][pcstore.cc:89,ShowConfig]
[2026-03-26 12:23:44.705833][UC][I] Set UC::StorageBackends to ["/home/w2938/model/kv"]. [77034,77034][pcstore.cc:90,ShowConfig]
[2026-03-26 12:23:44.705841][UC][I] Set UC::BlockSize to 917504. [77034,77034][pcstore.cc:91,ShowConfig]
[2026-03-26 12:23:44.705846][UC][I] Set UC::TransferEnable to true. [77034,77034][pcstore.cc:92,ShowConfig]
[2026-03-26 12:23:44.705853][UC][I] Set UC::UniqueId to acb16be2-e70f-4276-9020-a1cf9cbe400a. [77034,77034][pcstore.cc:93,ShowConfig]
[2026-03-26 12:23:44.705859][UC][I] Set UC::IoSize to 16384. [77034,77034][pcstore.cc:94,ShowConfig]
[2026-03-26 12:23:44.705865][UC][I] Set UC::IoDirect to false. [77034,77034][pcstore.cc:95,ShowConfig]
[2026-03-26 12:23:44.705871][UC][I] Set UC::LocalRankSize to 1. [77034,77034][pcstore.cc:96,ShowConfig]
[2026-03-26 12:23:44.705877][UC][I] Set UC::DeviceId to 0. [77034,77034][pcstore.cc:97,ShowConfig]
[2026-03-26 12:23:44.705883][UC][I] Set UC::StreamNumber to 8. [77034,77034][pcstore.cc:98,ShowConfig]
[2026-03-26 12:23:44.705889][UC][I] Set UC::BufferNumber to 4096. [77034,77034][pcstore.cc:99,ShowConfig]
[2026-03-26 12:23:44.705895][UC][I] Set UC::TimeoutMs to 30000. [77034,77034][pcstore.cc:100,ShowConfig]
[2026-03-26 12:23:44.705901][UC][I] Set UC::ScatterGatherEnable to false. [77034,77034][pcstore.cc:101,ShowConfig]
[2026-03-26 12:23:44.705907][UC][I] Set UC::ShardDataDir to true. [77034,77034][pcstore.cc:102,ShowConfig]
[2026-03-26 12:23:52.048404][UC][I] CPU device is available. [77034,77034][ucm_connector.py:114,__init__]
[2026-03-26 12:23:52.051205][UC][I] Loaded UCM config from /home/w2938/unified-cache-management/test/test_ucm_config.yaml [77034,77034][utils.py:54,load_ucm_config_from_yaml]
[2026-03-26 12:23:52.051284][UC][I] Using UCM with config: {'ucm_connectors': [{'ucm_connector_name': 'UcmNfsStore', 'ucm_connector_config': {'storage_backends': '/home/w2938/model', 'io_direct': False}}]} [77034,77034][utils.py:89,get_config]
[2026-03-26 12:23:52.051311][UC][I] self.launch_config: {'ucm_connectors': [{'ucm_connector_name': 'UcmNfsStore', 'ucm_connector_config': {'storage_backends': '/home/w2938/model', 'io_direct': False}}]} [77034,77034][ucm_connector.py:135,__init__]
[2026-03-26 12:23:52.051536][UC][I] create UcmNfsStore with config: {'storage_backends': ['/home/w2938/model/kv'], 'io_direct': False, 'share_buffer_enable': False, 'unique_id': 'acb16be2-e70f-4276-9020-a1cf9cbe400a'} [77034,77034][ucm_connector.py:227,_create_store]
[2026-03-26 12:23:52.051573][UC][I] Creating connector with name: UcmNfsStore [77034,77034][factory_v1.py:56,create_connector]
[2026-03-26 12:23:52.051657][UC][I] PcStore-(Release). [77034,77034][pcstore.cc:89,ShowConfig]
[2026-03-26 12:23:52.051670][UC][I] Set UC::StorageBackends to ["/home/w2938/model/kv"]. [77034,77034][pcstore.cc:90,ShowConfig]
[2026-03-26 12:23:52.051676][UC][I] Set UC::BlockSize to 0. [77034,77034][pcstore.cc:91,ShowConfig]
[2026-03-26 12:23:52.051683][UC][I] Set UC::TransferEnable to false. [77034,77034][pcstore.cc:92,ShowConfig]
[2026-03-26 12:23:52.051689][UC][I] Set UC::UniqueId to acb16be2-e70f-4276-9020-a1cf9cbe400a. [77034,77034][pcstore.cc:93,ShowConfig]
[2026-03-26 12:23:52.051695][UC][I] Set UC::IoSize to 262144. [77034,77034][pcstore.cc:94,ShowConfig]
[2026-03-26 12:23:52.051705][UC][I] Set UC::IoDirect to false. [77034,77034][pcstore.cc:95,ShowConfig]
[2026-03-26 12:23:52.051710][UC][I] Set UC::LocalRankSize to 1. [77034,77034][pcstore.cc:96,ShowConfig]
[2026-03-26 12:23:52.051717][UC][I] Set UC::DeviceId to -1. [77034,77034][pcstore.cc:97,ShowConfig]
[2026-03-26 12:23:52.051723][UC][I] Set UC::StreamNumber to 8. [77034,77034][pcstore.cc:98,ShowConfig]
[2026-03-26 12:23:52.051728][UC][I] Set UC::BufferNumber to 4096. [77034,77034][pcstore.cc:99,ShowConfig]
[2026-03-26 12:23:52.051734][UC][I] Set UC::TimeoutMs to 30000. [77034,77034][pcstore.cc:100,ShowConfig]
[2026-03-26 12:23:52.051741][UC][I] Set UC::ScatterGatherEnable to false. [77034,77034][pcstore.cc:101,ShowConfig]
[2026-03-26 12:23:52.051747][UC][I] Set UC::ShardDataDir to true. [77034,77034][pcstore.cc:102,ShowConfig]
[2026-03-26 12:23:52.053783][UC][I] Loaded UCM config from /home/w2938/unified-cache-management/test/test_ucm_config.yaml [77034,77034][utils.py:54,load_ucm_config_from_yaml]
[2026-03-26 12:23:52.053834][UC][I] Using UCM with config: {'ucm_connectors': [{'ucm_connector_name': 'UcmNfsStore', 'ucm_connector_config': {'storage_backends': '/home/w2938/model', 'io_direct': False}}]} [77034,77034][utils.py:89,get_config]
[2026-03-26 12:24:09.302884][UC][I] request_id: chatcmpl-86932fdfd46b4f64938b628c326a25bb, total_blocks_num: 4, hit hbm: 0, hit external: 0 [77034,77034][ucm_connector.py:326,get_num_new_matched_tokens]
[2026-03-26 12:24:43.637497][UC][I] request_id: chatcmpl-d59da38b50894b118faad66c7509d302, total_blocks_num: 4, hit hbm: 0, hit external: 4 [77034,77034][ucm_connector.py:326,get_num_new_matched_tokens]
[2026-03-26 12:24:44.558591][UC][I] request_id: chatcmpl-709f6b23fbf249c391e6e31ba9969932, total_blocks_num: 14, hit hbm: 0, hit external: 1 [77034,77034][ucm_connector.py:326,get_num_new_matched_tokens]
[2026-03-26 12:24:44.558934][UC][I] request_id: chatcmpl-ae70055c722d483fb90da5cb87839c70, total_blocks_num: 4, hit hbm: 0, hit external: 4 [77034,77034][ucm_connector.py:326,get_num_new_matched_tokens]
[2026-03-26 12:24:44.559271][UC][I] request_id: chatcmpl-9cbf7ce1357f4cd5af62014ca791f4a3, total_blocks_num: 14, hit hbm: 0, hit external: 1 [77034,77034][ucm_connector.py:326,get_num_new_matched_tokens]
[2026-03-26 12:24:44.559565][UC][I] request_id: chatcmpl-a92e95c5bb564e55927ccfe1343022b0, total_blocks_num: 4, hit hbm: 0, hit external: 4 [77034,77034][ucm_connector.py:326,get_num_new_matched_tokens]
[2026-03-26 12:24:44.560188][UC][I] request_id: chatcmpl-5aee68b94ff549efae5994b9b026da46, total_blocks_num: 14, hit hbm: 0, hit external: 1 [77034,77034][ucm_connector.py:326,get_num_new_matched_tokens]
[2026-03-26 12:24:44.560465][UC][I] request_id: chatcmpl-b2a47f9cb54547b6bf83660927312081, total_blocks_num: 4, hit hbm: 0, hit external: 4 [77034,77034][ucm_connector.py:326,get_num_new_matched_tokens]
[2026-03-26 12:24:44.560854][UC][I] request_id: chatcmpl-0c7ccab21705491bbd7b6b8491e9a809, total_blocks_num: 14, hit hbm: 0, hit external: 1 [77034,77034][ucm_connector.py:326,get_num_new_matched_tokens]
