[2026-03-25 19:49:46.914719][UC][I] Logger initialized successfully [3891784,3891784][__init__.py:48,<module>]
[2026-03-25 19:49:49.434333][UC][I] CPU device is available. [3891784,3891784][ucm_connector.py:114,__init__]
[2026-03-25 19:49:49.436403][UC][I] Loaded UCM config from /home/w2938/unified-cache-management/test/test_ucm_config.yaml [3891784,3891784][utils.py:54,load_ucm_config_from_yaml]
[2026-03-25 19:49:49.436463][UC][I] Using UCM with config: {'ucm_connectors': [{'ucm_connector_name': 'UcmNfsStore', 'ucm_connector_config': {'storage_backends': '/home/w2938/model', 'io_direct': False}}]} [3891784,3891784][utils.py:89,get_config]
[2026-03-25 19:49:49.436497][UC][I] self.launch_config: {'ucm_connectors': [{'ucm_connector_name': 'UcmNfsStore', 'ucm_connector_config': {'storage_backends': '/home/w2938/model', 'io_direct': False}}]} [3891784,3891784][ucm_connector.py:135,__init__]
[2026-03-25 19:49:49.437915][UC][I] Loaded UCM config from /home/w2938/unified-cache-management/test/test_ucm_config.yaml [3891784,3891784][utils.py:54,load_ucm_config_from_yaml]
[2026-03-25 19:49:49.437959][UC][I] Using UCM with config: {'ucm_connectors': [{'ucm_connector_name': 'UcmNfsStore', 'ucm_connector_config': {'storage_backends': '/home/w2938/model', 'io_direct': False}}]} [3891784,3891784][utils.py:89,get_config]
[2026-03-25 19:49:51.742773][UC][I] kv cache shape torch.Size([2, 4681, 8192]) [3891784,3891784][ucm_connector.py:249,register_kv_caches]
[2026-03-25 19:49:51.742839][UC][I] use mla: False, use dsa: False [3891784,3891784][ucm_connector.py:259,register_kv_caches]
[2026-03-25 19:49:51.743484][UC][I] create UcmNfsStore with config: {'storage_backends': ['/home/w2938/model/kv'], 'io_direct': False, 'share_buffer_enable': False, 'unique_id': '99fa0225-09c6-481e-9552-eb7096422b28', 'device_id': 0, 'tensor_size': 16384, 'shard_size': 917504, 'block_size': 917504, 'local_rank_size': 1} [3891784,3891784][ucm_connector.py:227,_create_store]
[2026-03-25 19:49:51.747632][UC][I] Creating connector with name: UcmNfsStore [3891784,3891784][factory_v1.py:56,create_connector]
[2026-03-25 19:49:52.640811][UC][I] PcStore-(Release). [3891784,3891784][pcstore.cc:89,ShowConfig]
[2026-03-25 19:49:52.640857][UC][I] Set UC::StorageBackends to ["/home/w2938/model/kv"]. [3891784,3891784][pcstore.cc:90,ShowConfig]
[2026-03-25 19:49:52.640865][UC][I] Set UC::BlockSize to 917504. [3891784,3891784][pcstore.cc:91,ShowConfig]
[2026-03-25 19:49:52.640870][UC][I] Set UC::TransferEnable to true. [3891784,3891784][pcstore.cc:92,ShowConfig]
[2026-03-25 19:49:52.640875][UC][I] Set UC::UniqueId to 99fa0225-09c6-481e-9552-eb7096422b28. [3891784,3891784][pcstore.cc:93,ShowConfig]
[2026-03-25 19:49:52.640881][UC][I] Set UC::IoSize to 16384. [3891784,3891784][pcstore.cc:94,ShowConfig]
[2026-03-25 19:49:52.640887][UC][I] Set UC::IoDirect to false. [3891784,3891784][pcstore.cc:95,ShowConfig]
[2026-03-25 19:49:52.640892][UC][I] Set UC::LocalRankSize to 1. [3891784,3891784][pcstore.cc:96,ShowConfig]
[2026-03-25 19:49:52.640897][UC][I] Set UC::DeviceId to 0. [3891784,3891784][pcstore.cc:97,ShowConfig]
[2026-03-25 19:49:52.640903][UC][I] Set UC::StreamNumber to 8. [3891784,3891784][pcstore.cc:98,ShowConfig]
[2026-03-25 19:49:52.640908][UC][I] Set UC::BufferNumber to 4096. [3891784,3891784][pcstore.cc:99,ShowConfig]
[2026-03-25 19:49:52.640913][UC][I] Set UC::TimeoutMs to 30000. [3891784,3891784][pcstore.cc:100,ShowConfig]
[2026-03-25 19:49:52.640919][UC][I] Set UC::ScatterGatherEnable to false. [3891784,3891784][pcstore.cc:101,ShowConfig]
[2026-03-25 19:49:52.640925][UC][I] Set UC::ShardDataDir to true. [3891784,3891784][pcstore.cc:102,ShowConfig]
[2026-03-25 19:49:59.966965][UC][I] CPU device is available. [3891784,3891784][ucm_connector.py:114,__init__]
[2026-03-25 19:49:59.969805][UC][I] Loaded UCM config from /home/w2938/unified-cache-management/test/test_ucm_config.yaml [3891784,3891784][utils.py:54,load_ucm_config_from_yaml]
[2026-03-25 19:49:59.969876][UC][I] Using UCM with config: {'ucm_connectors': [{'ucm_connector_name': 'UcmNfsStore', 'ucm_connector_config': {'storage_backends': '/home/w2938/model', 'io_direct': False}}]} [3891784,3891784][utils.py:89,get_config]
[2026-03-25 19:49:59.969949][UC][I] self.launch_config: {'ucm_connectors': [{'ucm_connector_name': 'UcmNfsStore', 'ucm_connector_config': {'storage_backends': '/home/w2938/model', 'io_direct': False}}]} [3891784,3891784][ucm_connector.py:135,__init__]
[2026-03-25 19:49:59.970130][UC][I] create UcmNfsStore with config: {'storage_backends': ['/home/w2938/model/kv'], 'io_direct': False, 'share_buffer_enable': False, 'unique_id': '99fa0225-09c6-481e-9552-eb7096422b28'} [3891784,3891784][ucm_connector.py:227,_create_store]
[2026-03-25 19:49:59.970165][UC][I] Creating connector with name: UcmNfsStore [3891784,3891784][factory_v1.py:56,create_connector]
[2026-03-25 19:49:59.970246][UC][I] PcStore-(Release). [3891784,3891784][pcstore.cc:89,ShowConfig]
[2026-03-25 19:49:59.970258][UC][I] Set UC::StorageBackends to ["/home/w2938/model/kv"]. [3891784,3891784][pcstore.cc:90,ShowConfig]
[2026-03-25 19:49:59.970265][UC][I] Set UC::BlockSize to 0. [3891784,3891784][pcstore.cc:91,ShowConfig]
[2026-03-25 19:49:59.970272][UC][I] Set UC::TransferEnable to false. [3891784,3891784][pcstore.cc:92,ShowConfig]
[2026-03-25 19:49:59.970285][UC][I] Set UC::UniqueId to 99fa0225-09c6-481e-9552-eb7096422b28. [3891784,3891784][pcstore.cc:93,ShowConfig]
[2026-03-25 19:49:59.970291][UC][I] Set UC::IoSize to 262144. [3891784,3891784][pcstore.cc:94,ShowConfig]
[2026-03-25 19:49:59.970297][UC][I] Set UC::IoDirect to false. [3891784,3891784][pcstore.cc:95,ShowConfig]
[2026-03-25 19:49:59.970304][UC][I] Set UC::LocalRankSize to 1. [3891784,3891784][pcstore.cc:96,ShowConfig]
[2026-03-25 19:49:59.970310][UC][I] Set UC::DeviceId to -1. [3891784,3891784][pcstore.cc:97,ShowConfig]
[2026-03-25 19:49:59.970316][UC][I] Set UC::StreamNumber to 8. [3891784,3891784][pcstore.cc:98,ShowConfig]
[2026-03-25 19:49:59.970321][UC][I] Set UC::BufferNumber to 4096. [3891784,3891784][pcstore.cc:99,ShowConfig]
[2026-03-25 19:49:59.970327][UC][I] Set UC::TimeoutMs to 30000. [3891784,3891784][pcstore.cc:100,ShowConfig]
[2026-03-25 19:49:59.970333][UC][I] Set UC::ScatterGatherEnable to false. [3891784,3891784][pcstore.cc:101,ShowConfig]
[2026-03-25 19:49:59.970340][UC][I] Set UC::ShardDataDir to true. [3891784,3891784][pcstore.cc:102,ShowConfig]
[2026-03-25 19:49:59.972323][UC][I] Loaded UCM config from /home/w2938/unified-cache-management/test/test_ucm_config.yaml [3891784,3891784][utils.py:54,load_ucm_config_from_yaml]
[2026-03-25 19:49:59.972372][UC][I] Using UCM with config: {'ucm_connectors': [{'ucm_connector_name': 'UcmNfsStore', 'ucm_connector_config': {'storage_backends': '/home/w2938/model', 'io_direct': False}}]} [3891784,3891784][utils.py:89,get_config]
[2026-03-25 19:50:05.611374][UC][I] request_id: chatcmpl-820c298d829f4daeb71e8b4f035ec90a, total_blocks_num: 8, hit hbm: 0, hit external: 8 [3891784,3891784][ucm_connector.py:326,get_num_new_matched_tokens]
