[2026-03-18 17:36:13.336960][UC][I] Logger initialized successfully [1058533,1058533][__init__.py:48,<module>]
[2026-03-18 17:36:16.316594][UC][I] CPU device is available. [1058533,1058533][ucm_connector.py:114,__init__]
[2026-03-18 17:36:16.316663][UC][I] Using kv_connector_extra_config from terminal input [1058533,1058533][utils.py:81,_load_config]
[2026-03-18 17:36:16.316699][UC][I] Using UCM with config: {'ucm_connectors': [{'ucm_connector_name': 'UcmPipelineStore', 'ucm_connector_config': {'store_pipeline': 'Posix', 'storage_backends': '/home/w2938/test/ucm_kvcache_qwen7b', 'io_direct': False, 'posix_data_trans_concurrency': 16, 'posix_lookup_concurrency': 16}}]} [1058533,1058533][utils.py:89,get_config]
[2026-03-18 17:36:16.316727][UC][I] self.launch_config: {'ucm_connectors': [{'ucm_connector_name': 'UcmPipelineStore', 'ucm_connector_config': {'store_pipeline': 'Posix', 'storage_backends': '/home/w2938/test/ucm_kvcache_qwen7b', 'io_direct': False, 'posix_data_trans_concurrency': 16, 'posix_lookup_concurrency': 16}}]} [1058533,1058533][ucm_connector.py:135,__init__]
[2026-03-18 17:36:16.316779][UC][I] Using kv_connector_extra_config from terminal input [1058533,1058533][utils.py:81,_load_config]
[2026-03-18 17:36:16.316802][UC][I] Using UCM with config: {'ucm_connectors': [{'ucm_connector_name': 'UcmPipelineStore', 'ucm_connector_config': {'store_pipeline': 'Posix', 'storage_backends': '/home/w2938/test/ucm_kvcache_qwen7b', 'io_direct': False, 'posix_data_trans_concurrency': 16, 'posix_lookup_concurrency': 16}}]} [1058533,1058533][utils.py:89,get_config]
[2026-03-18 17:36:18.652212][UC][I] kv cache shape torch.Size([2, 585, 65536]) [1058533,1058533][ucm_connector.py:249,register_kv_caches]
[2026-03-18 17:36:18.652282][UC][I] use mla: False, use dsa: False [1058533,1058533][ucm_connector.py:259,register_kv_caches]
[2026-03-18 17:36:18.652974][UC][I] create UcmPipelineStore with config: {'store_pipeline': 'Posix', 'storage_backends': ['/home/w2938/test/ucm_kvcache_qwen7b/kv'], 'io_direct': False, 'posix_data_trans_concurrency': 16, 'posix_lookup_concurrency': 16, 'share_buffer_enable': False, 'unique_id': '5569bf37-bbd1-4a40-9416-99eaf310d67c', 'device_id': 0, 'tensor_size': 131072, 'shard_size': 7340032, 'block_size': 7340032, 'local_rank_size': 1} [1058533,1058533][ucm_connector.py:227,_create_store]
[2026-03-18 17:36:18.656388][UC][I] Creating connector with name: UcmPipelineStore [1058533,1058533][factory_v1.py:56,create_connector]
[2026-03-18 17:36:18.746087][UC][I] PosixStore-(Release). [1058533,1058533][posix_store.cc:92,ShowConfig]
[2026-03-18 17:36:18.746117][UC][I] Set PosixStore::StorageBackends to ["/home/w2938/test/ucm_kvcache_qwen7b/kv"]. [1058533,1058533][posix_store.cc:93,ShowConfig]
[2026-03-18 17:36:18.746122][UC][I] Set PosixStore::DeviceId to 0. [1058533,1058533][posix_store.cc:94,ShowConfig]
[2026-03-18 17:36:18.746126][UC][I] Set PosixStore::TensorSize to 131072. [1058533,1058533][posix_store.cc:95,ShowConfig]
[2026-03-18 17:36:18.746130][UC][I] Set PosixStore::ShardSize to 7340032. [1058533,1058533][posix_store.cc:96,ShowConfig]
[2026-03-18 17:36:18.746134][UC][I] Set PosixStore::BlockSize to 7340032. [1058533,1058533][posix_store.cc:97,ShowConfig]
[2026-03-18 17:36:18.746138][UC][I] Set PosixStore::IoDirect to false. [1058533,1058533][posix_store.cc:98,ShowConfig]
[2026-03-18 17:36:18.746142][UC][I] Set PosixStore::DataTransConcurrency to 16. [1058533,1058533][posix_store.cc:99,ShowConfig]
[2026-03-18 17:36:18.746145][UC][I] Set PosixStore::LookupConcurrency to 16. [1058533,1058533][posix_store.cc:100,ShowConfig]
[2026-03-18 17:36:18.746149][UC][I] Set PosixStore::TimeoutMs to 30000. [1058533,1058533][posix_store.cc:101,ShowConfig]
[2026-03-18 17:36:18.746153][UC][I] Set PosixStore::DataDirShardBytes to 3. [1058533,1058533][posix_store.cc:102,ShowConfig]
[2026-03-18 17:36:43.734417][UC][I] CPU device is available. [1058533,1058533][ucm_connector.py:114,__init__]
[2026-03-18 17:36:43.734457][UC][I] Using kv_connector_extra_config from terminal input [1058533,1058533][utils.py:81,_load_config]
[2026-03-18 17:36:43.734486][UC][I] Using UCM with config: {'ucm_connectors': [{'ucm_connector_name': 'UcmPipelineStore', 'ucm_connector_config': {'store_pipeline': 'Posix', 'storage_backends': '/home/w2938/test/ucm_kvcache_qwen7b', 'io_direct': False, 'posix_data_trans_concurrency': 16, 'posix_lookup_concurrency': 16}}]} [1058533,1058533][utils.py:89,get_config]
[2026-03-18 17:36:43.734545][UC][I] self.launch_config: {'ucm_connectors': [{'ucm_connector_name': 'UcmPipelineStore', 'ucm_connector_config': {'store_pipeline': 'Posix', 'storage_backends': '/home/w2938/test/ucm_kvcache_qwen7b', 'io_direct': False, 'posix_data_trans_concurrency': 16, 'posix_lookup_concurrency': 16}}]} [1058533,1058533][ucm_connector.py:135,__init__]
[2026-03-18 17:36:43.734721][UC][I] create UcmPipelineStore with config: {'store_pipeline': 'Posix', 'storage_backends': ['/home/w2938/test/ucm_kvcache_qwen7b/kv'], 'io_direct': False, 'posix_data_trans_concurrency': 16, 'posix_lookup_concurrency': 16, 'share_buffer_enable': False, 'unique_id': '5569bf37-bbd1-4a40-9416-99eaf310d67c'} [1058533,1058533][ucm_connector.py:227,_create_store]
[2026-03-18 17:36:43.734755][UC][I] Creating connector with name: UcmPipelineStore [1058533,1058533][factory_v1.py:56,create_connector]
[2026-03-18 17:36:43.742910][UC][I] PosixStore-(Release). [1058533,1058533][posix_store.cc:92,ShowConfig]
[2026-03-18 17:36:43.742937][UC][I] Set PosixStore::StorageBackends to ["/home/w2938/test/ucm_kvcache_qwen7b/kv"]. [1058533,1058533][posix_store.cc:93,ShowConfig]
[2026-03-18 17:36:43.742942][UC][I] Set PosixStore::DeviceId to -1. [1058533,1058533][posix_store.cc:94,ShowConfig]
[2026-03-18 17:36:43.742947][UC][I] Set PosixStore::TensorSize to 0. [1058533,1058533][posix_store.cc:95,ShowConfig]
[2026-03-18 17:36:43.742959][UC][I] Set PosixStore::ShardSize to 0. [1058533,1058533][posix_store.cc:96,ShowConfig]
[2026-03-18 17:36:43.742962][UC][I] Set PosixStore::BlockSize to 0. [1058533,1058533][posix_store.cc:97,ShowConfig]
[2026-03-18 17:36:43.742966][UC][I] Set PosixStore::IoDirect to false. [1058533,1058533][posix_store.cc:98,ShowConfig]
[2026-03-18 17:36:43.742969][UC][I] Set PosixStore::DataTransConcurrency to 16. [1058533,1058533][posix_store.cc:99,ShowConfig]
[2026-03-18 17:36:43.742973][UC][I] Set PosixStore::LookupConcurrency to 16. [1058533,1058533][posix_store.cc:100,ShowConfig]
[2026-03-18 17:36:43.742977][UC][I] Set PosixStore::TimeoutMs to 30000. [1058533,1058533][posix_store.cc:101,ShowConfig]
[2026-03-18 17:36:43.742980][UC][I] Set PosixStore::DataDirShardBytes to 3. [1058533,1058533][posix_store.cc:102,ShowConfig]
[2026-03-18 17:36:43.743069][UC][I] Using kv_connector_extra_config from terminal input [1058533,1058533][utils.py:81,_load_config]
[2026-03-18 17:36:43.743106][UC][I] Using UCM with config: {'ucm_connectors': [{'ucm_connector_name': 'UcmPipelineStore', 'ucm_connector_config': {'store_pipeline': 'Posix', 'storage_backends': '/home/w2938/test/ucm_kvcache_qwen7b', 'io_direct': False, 'posix_data_trans_concurrency': 16, 'posix_lookup_concurrency': 16}}]} [1058533,1058533][utils.py:89,get_config]
[2026-03-18 17:36:47.814495][UC][I] wait_for_save called, request_meta count: 0 [1058533,1058533][ucm_connector.py:585,wait_for_save]
[2026-03-18 17:36:48.163241][UC][I] wait_for_save called, request_meta count: 0 [1058533,1058533][ucm_connector.py:585,wait_for_save]
[2026-03-18 17:36:48.509753][UC][I] wait_for_save called, request_meta count: 0 [1058533,1058533][ucm_connector.py:585,wait_for_save]
[2026-03-18 17:36:48.857690][UC][I] wait_for_save called, request_meta count: 0 [1058533,1058533][ucm_connector.py:585,wait_for_save]
[2026-03-18 17:36:49.204529][UC][I] wait_for_save called, request_meta count: 0 [1058533,1058533][ucm_connector.py:585,wait_for_save]
[2026-03-18 17:36:49.551806][UC][I] wait_for_save called, request_meta count: 0 [1058533,1058533][ucm_connector.py:585,wait_for_save]
[2026-03-18 17:36:49.900077][UC][I] wait_for_save called, request_meta count: 0 [1058533,1058533][ucm_connector.py:585,wait_for_save]
[2026-03-18 17:36:50.247417][UC][I] wait_for_save called, request_meta count: 0 [1058533,1058533][ucm_connector.py:585,wait_for_save]
[2026-03-18 17:36:50.596717][UC][I] wait_for_save called, request_meta count: 0 [1058533,1058533][ucm_connector.py:585,wait_for_save]
[2026-03-18 17:36:50.946392][UC][I] wait_for_save called, request_meta count: 0 [1058533,1058533][ucm_connector.py:585,wait_for_save]
[2026-03-18 17:36:51.295106][UC][I] wait_for_save called, request_meta count: 0 [1058533,1058533][ucm_connector.py:585,wait_for_save]
[2026-03-18 17:36:51.642627][UC][I] wait_for_save called, request_meta count: 0 [1058533,1058533][ucm_connector.py:585,wait_for_save]
[2026-03-18 17:36:51.991632][UC][I] wait_for_save called, request_meta count: 0 [1058533,1058533][ucm_connector.py:585,wait_for_save]
[2026-03-18 17:36:52.339244][UC][I] wait_for_save called, request_meta count: 0 [1058533,1058533][ucm_connector.py:585,wait_for_save]
[2026-03-18 17:36:52.687389][UC][I] wait_for_save called, request_meta count: 0 [1058533,1058533][ucm_connector.py:585,wait_for_save]
[2026-03-18 17:36:53.035147][UC][I] wait_for_save called, request_meta count: 0 [1058533,1058533][ucm_connector.py:585,wait_for_save]
[2026-03-18 17:36:53.382631][UC][I] wait_for_save called, request_meta count: 0 [1058533,1058533][ucm_connector.py:585,wait_for_save]
[2026-03-18 17:36:53.731429][UC][I] wait_for_save called, request_meta count: 0 [1058533,1058533][ucm_connector.py:585,wait_for_save]
[2026-03-18 17:36:54.079912][UC][I] wait_for_save called, request_meta count: 0 [1058533,1058533][ucm_connector.py:585,wait_for_save]
[2026-03-18 17:36:54.427398][UC][I] wait_for_save called, request_meta count: 0 [1058533,1058533][ucm_connector.py:585,wait_for_save]
[2026-03-18 17:36:54.777091][UC][I] wait_for_save called, request_meta count: 0 [1058533,1058533][ucm_connector.py:585,wait_for_save]
[2026-03-18 17:36:55.126211][UC][I] wait_for_save called, request_meta count: 0 [1058533,1058533][ucm_connector.py:585,wait_for_save]
[2026-03-18 17:36:55.474154][UC][I] wait_for_save called, request_meta count: 0 [1058533,1058533][ucm_connector.py:585,wait_for_save]
[2026-03-18 17:36:55.824064][UC][I] wait_for_save called, request_meta count: 0 [1058533,1058533][ucm_connector.py:585,wait_for_save]
[2026-03-18 17:36:56.173301][UC][I] wait_for_save called, request_meta count: 0 [1058533,1058533][ucm_connector.py:585,wait_for_save]
[2026-03-18 17:36:56.521363][UC][I] wait_for_save called, request_meta count: 0 [1058533,1058533][ucm_connector.py:585,wait_for_save]
[2026-03-18 17:36:56.871148][UC][I] wait_for_save called, request_meta count: 0 [1058533,1058533][ucm_connector.py:585,wait_for_save]
[2026-03-18 17:36:57.218737][UC][I] wait_for_save called, request_meta count: 0 [1058533,1058533][ucm_connector.py:585,wait_for_save]
[2026-03-18 17:36:57.567538][UC][I] wait_for_save called, request_meta count: 0 [1058533,1058533][ucm_connector.py:585,wait_for_save]
[2026-03-18 17:36:57.914562][UC][I] wait_for_save called, request_meta count: 0 [1058533,1058533][ucm_connector.py:585,wait_for_save]
[2026-03-18 17:36:58.262413][UC][I] wait_for_save called, request_meta count: 0 [1058533,1058533][ucm_connector.py:585,wait_for_save]
[2026-03-18 17:36:58.612893][UC][I] wait_for_save called, request_meta count: 0 [1058533,1058533][ucm_connector.py:585,wait_for_save]
[2026-03-18 17:36:58.960804][UC][I] wait_for_save called, request_meta count: 0 [1058533,1058533][ucm_connector.py:585,wait_for_save]
[2026-03-18 17:36:59.308257][UC][I] wait_for_save called, request_meta count: 0 [1058533,1058533][ucm_connector.py:585,wait_for_save]
[2026-03-18 17:36:59.656042][UC][I] wait_for_save called, request_meta count: 0 [1058533,1058533][ucm_connector.py:585,wait_for_save]
[2026-03-18 17:37:00.005883][UC][I] wait_for_save called, request_meta count: 0 [1058533,1058533][ucm_connector.py:585,wait_for_save]
[2026-03-18 17:37:00.354730][UC][I] wait_for_save called, request_meta count: 0 [1058533,1058533][ucm_connector.py:585,wait_for_save]
[2026-03-18 17:37:00.703059][UC][I] wait_for_save called, request_meta count: 0 [1058533,1058533][ucm_connector.py:585,wait_for_save]
[2026-03-18 17:37:01.053438][UC][I] wait_for_save called, request_meta count: 0 [1058533,1058533][ucm_connector.py:585,wait_for_save]
[2026-03-18 17:37:01.403163][UC][I] wait_for_save called, request_meta count: 0 [1058533,1058533][ucm_connector.py:585,wait_for_save]
[2026-03-18 17:37:01.751785][UC][I] wait_for_save called, request_meta count: 0 [1058533,1058533][ucm_connector.py:585,wait_for_save]
[2026-03-18 17:37:02.101573][UC][I] wait_for_save called, request_meta count: 0 [1058533,1058533][ucm_connector.py:585,wait_for_save]
[2026-03-18 17:37:02.450420][UC][I] wait_for_save called, request_meta count: 0 [1058533,1058533][ucm_connector.py:585,wait_for_save]
[2026-03-18 17:37:02.800962][UC][I] wait_for_save called, request_meta count: 0 [1058533,1058533][ucm_connector.py:585,wait_for_save]
[2026-03-18 17:37:03.149879][UC][I] wait_for_save called, request_meta count: 0 [1058533,1058533][ucm_connector.py:585,wait_for_save]
[2026-03-18 17:37:03.499780][UC][I] wait_for_save called, request_meta count: 0 [1058533,1058533][ucm_connector.py:585,wait_for_save]
[2026-03-18 17:37:03.850663][UC][I] wait_for_save called, request_meta count: 0 [1058533,1058533][ucm_connector.py:585,wait_for_save]
[2026-03-18 17:37:04.199987][UC][I] wait_for_save called, request_meta count: 0 [1058533,1058533][ucm_connector.py:585,wait_for_save]
[2026-03-18 17:37:04.549897][UC][I] wait_for_save called, request_meta count: 0 [1058533,1058533][ucm_connector.py:585,wait_for_save]
[2026-03-18 17:37:04.899839][UC][I] wait_for_save called, request_meta count: 0 [1058533,1058533][ucm_connector.py:585,wait_for_save]
[2026-03-18 17:37:05.249371][UC][I] wait_for_save called, request_meta count: 0 [1058533,1058533][ucm_connector.py:585,wait_for_save]
[2026-03-18 17:37:05.598963][UC][I] wait_for_save called, request_meta count: 0 [1058533,1058533][ucm_connector.py:585,wait_for_save]
[2026-03-18 17:37:05.948596][UC][I] wait_for_save called, request_meta count: 0 [1058533,1058533][ucm_connector.py:585,wait_for_save]
[2026-03-18 17:37:06.298612][UC][I] wait_for_save called, request_meta count: 0 [1058533,1058533][ucm_connector.py:585,wait_for_save]
[2026-03-18 17:37:06.649801][UC][I] wait_for_save called, request_meta count: 0 [1058533,1058533][ucm_connector.py:585,wait_for_save]
[2026-03-18 17:37:07.000203][UC][I] wait_for_save called, request_meta count: 0 [1058533,1058533][ucm_connector.py:585,wait_for_save]
[2026-03-18 17:37:07.350072][UC][I] wait_for_save called, request_meta count: 0 [1058533,1058533][ucm_connector.py:585,wait_for_save]
[2026-03-18 17:37:07.701214][UC][I] wait_for_save called, request_meta count: 0 [1058533,1058533][ucm_connector.py:585,wait_for_save]
[2026-03-18 17:37:08.051554][UC][I] wait_for_save called, request_meta count: 0 [1058533,1058533][ucm_connector.py:585,wait_for_save]
[2026-03-18 17:37:08.401171][UC][I] wait_for_save called, request_meta count: 0 [1058533,1058533][ucm_connector.py:585,wait_for_save]
[2026-03-18 17:37:08.750212][UC][I] wait_for_save called, request_meta count: 0 [1058533,1058533][ucm_connector.py:585,wait_for_save]
[2026-03-18 17:37:09.100006][UC][I] wait_for_save called, request_meta count: 0 [1058533,1058533][ucm_connector.py:585,wait_for_save]
[2026-03-18 17:37:09.448533][UC][I] wait_for_save called, request_meta count: 0 [1058533,1058533][ucm_connector.py:585,wait_for_save]
[2026-03-18 17:37:09.800065][UC][I] wait_for_save called, request_meta count: 0 [1058533,1058533][ucm_connector.py:585,wait_for_save]
[2026-03-18 17:37:10.150667][UC][I] wait_for_save called, request_meta count: 0 [1058533,1058533][ucm_connector.py:585,wait_for_save]
[2026-03-18 17:37:10.500874][UC][I] wait_for_save called, request_meta count: 0 [1058533,1058533][ucm_connector.py:585,wait_for_save]
[2026-03-18 17:37:10.851543][UC][I] wait_for_save called, request_meta count: 0 [1058533,1058533][ucm_connector.py:585,wait_for_save]
[2026-03-18 17:37:11.200875][UC][I] wait_for_save called, request_meta count: 0 [1058533,1058533][ucm_connector.py:585,wait_for_save]
[2026-03-18 17:37:11.551092][UC][I] wait_for_save called, request_meta count: 0 [1058533,1058533][ucm_connector.py:585,wait_for_save]
[2026-03-18 17:37:11.902684][UC][I] wait_for_save called, request_meta count: 0 [1058533,1058533][ucm_connector.py:585,wait_for_save]
[2026-03-18 17:37:12.254926][UC][I] wait_for_save called, request_meta count: 0 [1058533,1058533][ucm_connector.py:585,wait_for_save]
[2026-03-18 17:37:12.605258][UC][I] wait_for_save called, request_meta count: 0 [1058533,1058533][ucm_connector.py:585,wait_for_save]
[2026-03-18 17:37:12.955466][UC][I] wait_for_save called, request_meta count: 0 [1058533,1058533][ucm_connector.py:585,wait_for_save]
[2026-03-18 17:37:13.307444][UC][I] wait_for_save called, request_meta count: 0 [1058533,1058533][ucm_connector.py:585,wait_for_save]
[2026-03-18 17:37:13.656768][UC][I] wait_for_save called, request_meta count: 0 [1058533,1058533][ucm_connector.py:585,wait_for_save]
[2026-03-18 17:37:14.007754][UC][I] wait_for_save called, request_meta count: 0 [1058533,1058533][ucm_connector.py:585,wait_for_save]
[2026-03-18 17:37:14.359047][UC][I] wait_for_save called, request_meta count: 0 [1058533,1058533][ucm_connector.py:585,wait_for_save]
[2026-03-18 17:37:14.709746][UC][I] wait_for_save called, request_meta count: 0 [1058533,1058533][ucm_connector.py:585,wait_for_save]
[2026-03-18 17:37:15.060396][UC][I] wait_for_save called, request_meta count: 0 [1058533,1058533][ucm_connector.py:585,wait_for_save]
[2026-03-18 17:37:15.411773][UC][I] wait_for_save called, request_meta count: 0 [1058533,1058533][ucm_connector.py:585,wait_for_save]
[2026-03-18 17:37:15.762093][UC][I] wait_for_save called, request_meta count: 0 [1058533,1058533][ucm_connector.py:585,wait_for_save]
[2026-03-18 17:37:16.112789][UC][I] wait_for_save called, request_meta count: 0 [1058533,1058533][ucm_connector.py:585,wait_for_save]
[2026-03-18 17:37:16.462229][UC][I] wait_for_save called, request_meta count: 0 [1058533,1058533][ucm_connector.py:585,wait_for_save]
[2026-03-18 17:37:16.812894][UC][I] wait_for_save called, request_meta count: 0 [1058533,1058533][ucm_connector.py:585,wait_for_save]
[2026-03-18 17:37:17.162199][UC][I] wait_for_save called, request_meta count: 0 [1058533,1058533][ucm_connector.py:585,wait_for_save]
[2026-03-18 17:37:17.526163][UC][I] wait_for_save called, request_meta count: 0 [1058533,1058533][ucm_connector.py:585,wait_for_save]
[2026-03-18 17:37:17.894640][UC][I] wait_for_save called, request_meta count: 0 [1058533,1058533][ucm_connector.py:585,wait_for_save]
[2026-03-18 17:37:18.245198][UC][I] wait_for_save called, request_meta count: 0 [1058533,1058533][ucm_connector.py:585,wait_for_save]
[2026-03-18 17:37:18.594353][UC][I] wait_for_save called, request_meta count: 0 [1058533,1058533][ucm_connector.py:585,wait_for_save]
[2026-03-18 17:37:18.942415][UC][I] wait_for_save called, request_meta count: 0 [1058533,1058533][ucm_connector.py:585,wait_for_save]
[2026-03-18 17:37:19.292527][UC][I] wait_for_save called, request_meta count: 0 [1058533,1058533][ucm_connector.py:585,wait_for_save]
[2026-03-18 17:37:19.642356][UC][I] wait_for_save called, request_meta count: 0 [1058533,1058533][ucm_connector.py:585,wait_for_save]
[2026-03-18 17:37:19.992030][UC][I] wait_for_save called, request_meta count: 0 [1058533,1058533][ucm_connector.py:585,wait_for_save]
[2026-03-18 17:37:20.341996][UC][I] wait_for_save called, request_meta count: 0 [1058533,1058533][ucm_connector.py:585,wait_for_save]
[2026-03-18 17:37:20.693832][UC][I] wait_for_save called, request_meta count: 0 [1058533,1058533][ucm_connector.py:585,wait_for_save]
[2026-03-18 17:37:21.044014][UC][I] wait_for_save called, request_meta count: 0 [1058533,1058533][ucm_connector.py:585,wait_for_save]
[2026-03-18 17:37:21.394525][UC][I] wait_for_save called, request_meta count: 0 [1058533,1058533][ucm_connector.py:585,wait_for_save]
[2026-03-18 17:37:21.746224][UC][I] wait_for_save called, request_meta count: 0 [1058533,1058533][ucm_connector.py:585,wait_for_save]
[2026-03-18 17:37:22.096613][UC][I] wait_for_save called, request_meta count: 0 [1058533,1058533][ucm_connector.py:585,wait_for_save]
[2026-03-18 17:37:22.444877][UC][I] wait_for_save called, request_meta count: 0 [1058533,1058533][ucm_connector.py:585,wait_for_save]
[2026-03-18 17:37:22.794703][UC][I] wait_for_save called, request_meta count: 0 [1058533,1058533][ucm_connector.py:585,wait_for_save]
[2026-03-18 17:37:23.145127][UC][I] wait_for_save called, request_meta count: 0 [1058533,1058533][ucm_connector.py:585,wait_for_save]
[2026-03-18 17:37:23.496423][UC][I] wait_for_save called, request_meta count: 0 [1058533,1058533][ucm_connector.py:585,wait_for_save]
[2026-03-18 17:37:23.845850][UC][I] wait_for_save called, request_meta count: 0 [1058533,1058533][ucm_connector.py:585,wait_for_save]
[2026-03-18 17:37:24.196245][UC][I] wait_for_save called, request_meta count: 0 [1058533,1058533][ucm_connector.py:585,wait_for_save]
[2026-03-18 17:37:24.546506][UC][I] wait_for_save called, request_meta count: 0 [1058533,1058533][ucm_connector.py:585,wait_for_save]
[2026-03-18 17:37:24.898036][UC][I] wait_for_save called, request_meta count: 0 [1058533,1058533][ucm_connector.py:585,wait_for_save]
[2026-03-18 17:37:25.250259][UC][I] wait_for_save called, request_meta count: 0 [1058533,1058533][ucm_connector.py:585,wait_for_save]
[2026-03-18 17:37:25.600706][UC][I] wait_for_save called, request_meta count: 0 [1058533,1058533][ucm_connector.py:585,wait_for_save]
[2026-03-18 17:37:25.950892][UC][I] wait_for_save called, request_meta count: 0 [1058533,1058533][ucm_connector.py:585,wait_for_save]
[2026-03-18 17:37:26.315430][UC][I] wait_for_save called, request_meta count: 0 [1058533,1058533][ucm_connector.py:585,wait_for_save]
[2026-03-18 17:37:26.677037][UC][I] wait_for_save called, request_meta count: 0 [1058533,1058533][ucm_connector.py:585,wait_for_save]
[2026-03-18 17:37:27.028132][UC][I] wait_for_save called, request_meta count: 0 [1058533,1058533][ucm_connector.py:585,wait_for_save]
[2026-03-18 17:37:27.393666][UC][I] wait_for_save called, request_meta count: 0 [1058533,1058533][ucm_connector.py:585,wait_for_save]
[2026-03-18 17:37:27.749506][UC][I] wait_for_save called, request_meta count: 0 [1058533,1058533][ucm_connector.py:585,wait_for_save]
[2026-03-18 17:37:28.099521][UC][I] wait_for_save called, request_meta count: 0 [1058533,1058533][ucm_connector.py:585,wait_for_save]
[2026-03-18 17:37:28.447509][UC][I] wait_for_save called, request_meta count: 0 [1058533,1058533][ucm_connector.py:585,wait_for_save]
[2026-03-18 17:37:28.798445][UC][I] wait_for_save called, request_meta count: 0 [1058533,1058533][ucm_connector.py:585,wait_for_save]
[2026-03-18 17:37:29.148602][UC][I] wait_for_save called, request_meta count: 0 [1058533,1058533][ucm_connector.py:585,wait_for_save]
[2026-03-18 17:37:29.500604][UC][I] wait_for_save called, request_meta count: 0 [1058533,1058533][ucm_connector.py:585,wait_for_save]
[2026-03-18 17:37:29.849709][UC][I] wait_for_save called, request_meta count: 0 [1058533,1058533][ucm_connector.py:585,wait_for_save]
[2026-03-18 17:37:30.200989][UC][I] wait_for_save called, request_meta count: 0 [1058533,1058533][ucm_connector.py:585,wait_for_save]
[2026-03-18 17:37:30.548709][UC][I] wait_for_save called, request_meta count: 0 [1058533,1058533][ucm_connector.py:585,wait_for_save]
[2026-03-18 17:37:30.899915][UC][I] wait_for_save called, request_meta count: 0 [1058533,1058533][ucm_connector.py:585,wait_for_save]
[2026-03-18 17:37:31.249624][UC][I] wait_for_save called, request_meta count: 0 [1058533,1058533][ucm_connector.py:585,wait_for_save]
[2026-03-18 17:37:31.598101][UC][I] wait_for_save called, request_meta count: 0 [1058533,1058533][ucm_connector.py:585,wait_for_save]
[2026-03-18 17:37:31.949023][UC][I] wait_for_save called, request_meta count: 0 [1058533,1058533][ucm_connector.py:585,wait_for_save]
[2026-03-18 17:37:32.299715][UC][I] wait_for_save called, request_meta count: 0 [1058533,1058533][ucm_connector.py:585,wait_for_save]
[2026-03-18 17:37:32.649239][UC][I] wait_for_save called, request_meta count: 0 [1058533,1058533][ucm_connector.py:585,wait_for_save]
[2026-03-18 17:37:33.001998][UC][I] wait_for_save called, request_meta count: 0 [1058533,1058533][ucm_connector.py:585,wait_for_save]
[2026-03-18 17:37:33.353184][UC][I] wait_for_save called, request_meta count: 0 [1058533,1058533][ucm_connector.py:585,wait_for_save]
[2026-03-18 17:37:33.702368][UC][I] wait_for_save called, request_meta count: 0 [1058533,1058533][ucm_connector.py:585,wait_for_save]
[2026-03-18 17:37:34.050125][UC][I] wait_for_save called, request_meta count: 0 [1058533,1058533][ucm_connector.py:585,wait_for_save]
[2026-03-18 17:37:34.400938][UC][I] wait_for_save called, request_meta count: 0 [1058533,1058533][ucm_connector.py:585,wait_for_save]
[2026-03-18 17:37:34.752358][UC][I] wait_for_save called, request_meta count: 0 [1058533,1058533][ucm_connector.py:585,wait_for_save]
[2026-03-18 17:37:35.104265][UC][I] wait_for_save called, request_meta count: 0 [1058533,1058533][ucm_connector.py:585,wait_for_save]
[2026-03-18 17:37:35.454670][UC][I] wait_for_save called, request_meta count: 0 [1058533,1058533][ucm_connector.py:585,wait_for_save]
[2026-03-18 17:37:35.803965][UC][I] wait_for_save called, request_meta count: 0 [1058533,1058533][ucm_connector.py:585,wait_for_save]
[2026-03-18 17:37:36.153556][UC][I] wait_for_save called, request_meta count: 0 [1058533,1058533][ucm_connector.py:585,wait_for_save]
[2026-03-18 17:37:36.503906][UC][I] wait_for_save called, request_meta count: 0 [1058533,1058533][ucm_connector.py:585,wait_for_save]
[2026-03-18 17:37:36.851573][UC][I] wait_for_save called, request_meta count: 0 [1058533,1058533][ucm_connector.py:585,wait_for_save]
[2026-03-18 17:37:37.201875][UC][I] wait_for_save called, request_meta count: 0 [1058533,1058533][ucm_connector.py:585,wait_for_save]
[2026-03-18 17:37:37.553102][UC][I] wait_for_save called, request_meta count: 0 [1058533,1058533][ucm_connector.py:585,wait_for_save]
[2026-03-18 17:37:37.904345][UC][I] wait_for_save called, request_meta count: 0 [1058533,1058533][ucm_connector.py:585,wait_for_save]
[2026-03-18 17:37:38.255894][UC][I] wait_for_save called, request_meta count: 0 [1058533,1058533][ucm_connector.py:585,wait_for_save]
[2026-03-18 17:37:38.606938][UC][I] wait_for_save called, request_meta count: 0 [1058533,1058533][ucm_connector.py:585,wait_for_save]
[2026-03-18 17:37:38.957391][UC][I] wait_for_save called, request_meta count: 0 [1058533,1058533][ucm_connector.py:585,wait_for_save]
[2026-03-18 17:37:39.308377][UC][I] wait_for_save called, request_meta count: 0 [1058533,1058533][ucm_connector.py:585,wait_for_save]
[2026-03-18 17:37:39.657797][UC][I] wait_for_save called, request_meta count: 0 [1058533,1058533][ucm_connector.py:585,wait_for_save]
[2026-03-18 17:37:40.009195][UC][I] wait_for_save called, request_meta count: 0 [1058533,1058533][ucm_connector.py:585,wait_for_save]
[2026-03-18 17:37:40.359645][UC][I] wait_for_save called, request_meta count: 0 [1058533,1058533][ucm_connector.py:585,wait_for_save]
[2026-03-18 17:37:40.709190][UC][I] wait_for_save called, request_meta count: 0 [1058533,1058533][ucm_connector.py:585,wait_for_save]
[2026-03-18 17:37:41.063192][UC][I] wait_for_save called, request_meta count: 0 [1058533,1058533][ucm_connector.py:585,wait_for_save]
[2026-03-18 17:37:41.414559][UC][I] wait_for_save called, request_meta count: 0 [1058533,1058533][ucm_connector.py:585,wait_for_save]
[2026-03-18 17:37:41.766222][UC][I] wait_for_save called, request_meta count: 0 [1058533,1058533][ucm_connector.py:585,wait_for_save]
[2026-03-18 17:37:42.116010][UC][I] wait_for_save called, request_meta count: 0 [1058533,1058533][ucm_connector.py:585,wait_for_save]
[2026-03-18 17:37:42.469039][UC][I] wait_for_save called, request_meta count: 0 [1058533,1058533][ucm_connector.py:585,wait_for_save]
[2026-03-18 17:37:42.817484][UC][I] wait_for_save called, request_meta count: 0 [1058533,1058533][ucm_connector.py:585,wait_for_save]
[2026-03-18 17:37:43.167042][UC][I] wait_for_save called, request_meta count: 0 [1058533,1058533][ucm_connector.py:585,wait_for_save]
[2026-03-18 17:37:43.517119][UC][I] wait_for_save called, request_meta count: 0 [1058533,1058533][ucm_connector.py:585,wait_for_save]
[2026-03-18 17:37:43.870301][UC][I] wait_for_save called, request_meta count: 0 [1058533,1058533][ucm_connector.py:585,wait_for_save]
[2026-03-18 17:37:44.220353][UC][I] wait_for_save called, request_meta count: 0 [1058533,1058533][ucm_connector.py:585,wait_for_save]
[2026-03-18 17:37:44.569949][UC][I] wait_for_save called, request_meta count: 0 [1058533,1058533][ucm_connector.py:585,wait_for_save]
[2026-03-18 17:37:44.923444][UC][I] wait_for_save called, request_meta count: 0 [1058533,1058533][ucm_connector.py:585,wait_for_save]
[2026-03-18 17:37:45.275327][UC][I] wait_for_save called, request_meta count: 0 [1058533,1058533][ucm_connector.py:585,wait_for_save]
[2026-03-18 17:37:45.624679][UC][I] wait_for_save called, request_meta count: 0 [1058533,1058533][ucm_connector.py:585,wait_for_save]
[2026-03-18 17:37:45.975680][UC][I] wait_for_save called, request_meta count: 0 [1058533,1058533][ucm_connector.py:585,wait_for_save]
[2026-03-18 17:37:46.325124][UC][I] wait_for_save called, request_meta count: 0 [1058533,1058533][ucm_connector.py:585,wait_for_save]
[2026-03-18 17:37:46.677287][UC][I] wait_for_save called, request_meta count: 0 [1058533,1058533][ucm_connector.py:585,wait_for_save]
[2026-03-18 17:37:47.028546][UC][I] wait_for_save called, request_meta count: 0 [1058533,1058533][ucm_connector.py:585,wait_for_save]
[2026-03-18 17:37:47.379622][UC][I] wait_for_save called, request_meta count: 0 [1058533,1058533][ucm_connector.py:585,wait_for_save]
[2026-03-18 17:37:47.732203][UC][I] wait_for_save called, request_meta count: 0 [1058533,1058533][ucm_connector.py:585,wait_for_save]
[2026-03-18 17:37:48.082522][UC][I] wait_for_save called, request_meta count: 0 [1058533,1058533][ucm_connector.py:585,wait_for_save]
[2026-03-18 17:37:48.433794][UC][I] wait_for_save called, request_meta count: 0 [1058533,1058533][ucm_connector.py:585,wait_for_save]
[2026-03-18 17:37:48.784960][UC][I] wait_for_save called, request_meta count: 0 [1058533,1058533][ucm_connector.py:585,wait_for_save]
[2026-03-18 17:37:49.134631][UC][I] wait_for_save called, request_meta count: 0 [1058533,1058533][ucm_connector.py:585,wait_for_save]
[2026-03-18 17:37:49.483738][UC][I] wait_for_save called, request_meta count: 0 [1058533,1058533][ucm_connector.py:585,wait_for_save]
[2026-03-18 17:37:49.836932][UC][I] wait_for_save called, request_meta count: 0 [1058533,1058533][ucm_connector.py:585,wait_for_save]
[2026-03-18 17:37:50.186656][UC][I] wait_for_save called, request_meta count: 0 [1058533,1058533][ucm_connector.py:585,wait_for_save]
[2026-03-18 17:37:50.537173][UC][I] wait_for_save called, request_meta count: 0 [1058533,1058533][ucm_connector.py:585,wait_for_save]
[2026-03-18 17:37:50.890811][UC][I] wait_for_save called, request_meta count: 0 [1058533,1058533][ucm_connector.py:585,wait_for_save]
[2026-03-18 17:37:51.241588][UC][I] wait_for_save called, request_meta count: 0 [1058533,1058533][ucm_connector.py:585,wait_for_save]
[2026-03-18 17:37:51.592102][UC][I] wait_for_save called, request_meta count: 0 [1058533,1058533][ucm_connector.py:585,wait_for_save]
[2026-03-18 17:37:51.941948][UC][I] wait_for_save called, request_meta count: 0 [1058533,1058533][ucm_connector.py:585,wait_for_save]
[2026-03-18 17:37:52.294491][UC][I] wait_for_save called, request_meta count: 0 [1058533,1058533][ucm_connector.py:585,wait_for_save]
[2026-03-18 17:37:52.645237][UC][I] wait_for_save called, request_meta count: 0 [1058533,1058533][ucm_connector.py:585,wait_for_save]
[2026-03-18 17:37:52.994088][UC][I] wait_for_save called, request_meta count: 0 [1058533,1058533][ucm_connector.py:585,wait_for_save]
[2026-03-18 17:37:53.344508][UC][I] wait_for_save called, request_meta count: 0 [1058533,1058533][ucm_connector.py:585,wait_for_save]
[2026-03-18 17:37:53.695389][UC][I] wait_for_save called, request_meta count: 0 [1058533,1058533][ucm_connector.py:585,wait_for_save]
[2026-03-18 17:37:54.044258][UC][I] wait_for_save called, request_meta count: 0 [1058533,1058533][ucm_connector.py:585,wait_for_save]
[2026-03-18 17:37:54.394072][UC][I] wait_for_save called, request_meta count: 0 [1058533,1058533][ucm_connector.py:585,wait_for_save]
[2026-03-18 17:37:54.743169][UC][I] wait_for_save called, request_meta count: 0 [1058533,1058533][ucm_connector.py:585,wait_for_save]
[2026-03-18 17:37:55.092302][UC][I] wait_for_save called, request_meta count: 0 [1058533,1058533][ucm_connector.py:585,wait_for_save]
[2026-03-18 17:37:55.444723][UC][I] wait_for_save called, request_meta count: 0 [1058533,1058533][ucm_connector.py:585,wait_for_save]
[2026-03-18 17:37:55.795391][UC][I] wait_for_save called, request_meta count: 0 [1058533,1058533][ucm_connector.py:585,wait_for_save]
[2026-03-18 17:37:56.146234][UC][I] wait_for_save called, request_meta count: 0 [1058533,1058533][ucm_connector.py:585,wait_for_save]
[2026-03-18 17:37:56.494970][UC][I] wait_for_save called, request_meta count: 0 [1058533,1058533][ucm_connector.py:585,wait_for_save]
[2026-03-18 17:37:56.844839][UC][I] wait_for_save called, request_meta count: 0 [1058533,1058533][ucm_connector.py:585,wait_for_save]
[2026-03-18 17:37:57.194717][UC][I] wait_for_save called, request_meta count: 0 [1058533,1058533][ucm_connector.py:585,wait_for_save]
[2026-03-18 17:37:57.545659][UC][I] wait_for_save called, request_meta count: 0 [1058533,1058533][ucm_connector.py:585,wait_for_save]
[2026-03-18 17:37:57.894353][UC][I] wait_for_save called, request_meta count: 0 [1058533,1058533][ucm_connector.py:585,wait_for_save]
[2026-03-18 17:37:58.244549][UC][I] wait_for_save called, request_meta count: 0 [1058533,1058533][ucm_connector.py:585,wait_for_save]
[2026-03-18 17:37:58.596432][UC][I] wait_for_save called, request_meta count: 0 [1058533,1058533][ucm_connector.py:585,wait_for_save]
[2026-03-18 17:37:58.948000][UC][I] wait_for_save called, request_meta count: 0 [1058533,1058533][ucm_connector.py:585,wait_for_save]
[2026-03-18 17:37:59.299655][UC][I] wait_for_save called, request_meta count: 0 [1058533,1058533][ucm_connector.py:585,wait_for_save]
[2026-03-18 17:37:59.649069][UC][I] wait_for_save called, request_meta count: 0 [1058533,1058533][ucm_connector.py:585,wait_for_save]
[2026-03-18 17:38:00.002790][UC][I] wait_for_save called, request_meta count: 0 [1058533,1058533][ucm_connector.py:585,wait_for_save]
[2026-03-18 17:38:00.354669][UC][I] wait_for_save called, request_meta count: 0 [1058533,1058533][ucm_connector.py:585,wait_for_save]
[2026-03-18 17:38:00.705852][UC][I] wait_for_save called, request_meta count: 0 [1058533,1058533][ucm_connector.py:585,wait_for_save]
[2026-03-18 17:38:01.059086][UC][I] wait_for_save called, request_meta count: 0 [1058533,1058533][ucm_connector.py:585,wait_for_save]
[2026-03-18 17:38:01.412124][UC][I] wait_for_save called, request_meta count: 0 [1058533,1058533][ucm_connector.py:585,wait_for_save]
[2026-03-18 17:38:01.761681][UC][I] wait_for_save called, request_meta count: 0 [1058533,1058533][ucm_connector.py:585,wait_for_save]
[2026-03-18 17:38:02.113803][UC][I] wait_for_save called, request_meta count: 0 [1058533,1058533][ucm_connector.py:585,wait_for_save]
[2026-03-18 17:38:02.465119][UC][I] wait_for_save called, request_meta count: 0 [1058533,1058533][ucm_connector.py:585,wait_for_save]
[2026-03-18 17:38:02.817298][UC][I] wait_for_save called, request_meta count: 0 [1058533,1058533][ucm_connector.py:585,wait_for_save]
[2026-03-18 17:38:03.168456][UC][I] wait_for_save called, request_meta count: 0 [1058533,1058533][ucm_connector.py:585,wait_for_save]
[2026-03-18 17:38:03.517992][UC][I] wait_for_save called, request_meta count: 0 [1058533,1058533][ucm_connector.py:585,wait_for_save]
[2026-03-18 17:38:03.869617][UC][I] wait_for_save called, request_meta count: 0 [1058533,1058533][ucm_connector.py:585,wait_for_save]
[2026-03-18 17:38:04.220454][UC][I] wait_for_save called, request_meta count: 0 [1058533,1058533][ucm_connector.py:585,wait_for_save]
[2026-03-18 17:38:04.571359][UC][I] wait_for_save called, request_meta count: 0 [1058533,1058533][ucm_connector.py:585,wait_for_save]
[2026-03-18 17:38:04.921573][UC][I] wait_for_save called, request_meta count: 0 [1058533,1058533][ucm_connector.py:585,wait_for_save]
[2026-03-18 17:38:05.273122][UC][I] wait_for_save called, request_meta count: 0 [1058533,1058533][ucm_connector.py:585,wait_for_save]
[2026-03-18 17:38:05.622948][UC][I] wait_for_save called, request_meta count: 0 [1058533,1058533][ucm_connector.py:585,wait_for_save]
[2026-03-18 17:38:05.973788][UC][I] wait_for_save called, request_meta count: 0 [1058533,1058533][ucm_connector.py:585,wait_for_save]
[2026-03-18 17:38:06.326921][UC][I] wait_for_save called, request_meta count: 0 [1058533,1058533][ucm_connector.py:585,wait_for_save]
[2026-03-18 17:38:06.678757][UC][I] wait_for_save called, request_meta count: 0 [1058533,1058533][ucm_connector.py:585,wait_for_save]
[2026-03-18 17:38:07.028228][UC][I] wait_for_save called, request_meta count: 0 [1058533,1058533][ucm_connector.py:585,wait_for_save]
[2026-03-18 17:38:07.379680][UC][I] wait_for_save called, request_meta count: 0 [1058533,1058533][ucm_connector.py:585,wait_for_save]
[2026-03-18 17:38:07.730749][UC][I] wait_for_save called, request_meta count: 0 [1058533,1058533][ucm_connector.py:585,wait_for_save]
[2026-03-18 17:38:08.083007][UC][I] wait_for_save called, request_meta count: 0 [1058533,1058533][ucm_connector.py:585,wait_for_save]
[2026-03-18 17:38:08.433836][UC][I] wait_for_save called, request_meta count: 0 [1058533,1058533][ucm_connector.py:585,wait_for_save]
[2026-03-18 17:38:08.786931][UC][I] wait_for_save called, request_meta count: 0 [1058533,1058533][ucm_connector.py:585,wait_for_save]
[2026-03-18 17:38:09.136767][UC][I] wait_for_save called, request_meta count: 0 [1058533,1058533][ucm_connector.py:585,wait_for_save]
[2026-03-18 17:38:09.486466][UC][I] wait_for_save called, request_meta count: 0 [1058533,1058533][ucm_connector.py:585,wait_for_save]
[2026-03-18 17:38:09.838516][UC][I] wait_for_save called, request_meta count: 0 [1058533,1058533][ucm_connector.py:585,wait_for_save]
[2026-03-18 17:38:10.190386][UC][I] wait_for_save called, request_meta count: 0 [1058533,1058533][ucm_connector.py:585,wait_for_save]
[2026-03-18 17:38:10.542435][UC][I] wait_for_save called, request_meta count: 0 [1058533,1058533][ucm_connector.py:585,wait_for_save]
[2026-03-18 17:38:10.893308][UC][I] wait_for_save called, request_meta count: 0 [1058533,1058533][ucm_connector.py:585,wait_for_save]
[2026-03-18 17:38:11.245566][UC][I] wait_for_save called, request_meta count: 0 [1058533,1058533][ucm_connector.py:585,wait_for_save]
[2026-03-18 17:38:11.596960][UC][I] wait_for_save called, request_meta count: 0 [1058533,1058533][ucm_connector.py:585,wait_for_save]
[2026-03-18 17:38:11.948181][UC][I] wait_for_save called, request_meta count: 0 [1058533,1058533][ucm_connector.py:585,wait_for_save]
[2026-03-18 17:38:12.300088][UC][I] wait_for_save called, request_meta count: 0 [1058533,1058533][ucm_connector.py:585,wait_for_save]
[2026-03-18 17:38:12.649639][UC][I] wait_for_save called, request_meta count: 0 [1058533,1058533][ucm_connector.py:585,wait_for_save]
[2026-03-18 17:38:12.999616][UC][I] wait_for_save called, request_meta count: 0 [1058533,1058533][ucm_connector.py:585,wait_for_save]
[2026-03-18 17:38:13.351398][UC][I] wait_for_save called, request_meta count: 0 [1058533,1058533][ucm_connector.py:585,wait_for_save]
[2026-03-18 17:38:13.702442][UC][I] wait_for_save called, request_meta count: 0 [1058533,1058533][ucm_connector.py:585,wait_for_save]
[2026-03-18 17:38:14.050872][UC][I] wait_for_save called, request_meta count: 0 [1058533,1058533][ucm_connector.py:585,wait_for_save]
[2026-03-18 17:38:14.401199][UC][I] wait_for_save called, request_meta count: 0 [1058533,1058533][ucm_connector.py:585,wait_for_save]
[2026-03-18 17:38:14.750841][UC][I] wait_for_save called, request_meta count: 0 [1058533,1058533][ucm_connector.py:585,wait_for_save]
[2026-03-18 17:38:15.101888][UC][I] wait_for_save called, request_meta count: 0 [1058533,1058533][ucm_connector.py:585,wait_for_save]
[2026-03-18 17:38:15.454082][UC][I] wait_for_save called, request_meta count: 0 [1058533,1058533][ucm_connector.py:585,wait_for_save]
[2026-03-18 17:38:15.806585][UC][I] wait_for_save called, request_meta count: 0 [1058533,1058533][ucm_connector.py:585,wait_for_save]
[2026-03-18 17:38:16.157687][UC][I] wait_for_save called, request_meta count: 0 [1058533,1058533][ucm_connector.py:585,wait_for_save]
[2026-03-18 17:38:16.508421][UC][I] wait_for_save called, request_meta count: 0 [1058533,1058533][ucm_connector.py:585,wait_for_save]
[2026-03-18 17:38:16.858537][UC][I] wait_for_save called, request_meta count: 0 [1058533,1058533][ucm_connector.py:585,wait_for_save]
[2026-03-18 17:38:17.208492][UC][I] wait_for_save called, request_meta count: 0 [1058533,1058533][ucm_connector.py:585,wait_for_save]
