[2026-03-26 15:32:55.522110][UC][I] Logger initialized successfully [155212,155212][__init__.py:48,<module>]
[2026-03-26 15:32:59.895051][UC][I] CPU device is available. [155212,155212][ucm_connector.py:114,__init__]
[2026-03-26 15:32:59.897099][UC][I] Loaded UCM config from /home/w2938/unified-cache-management/test/test_ucm_config.yaml [155212,155212][utils.py:54,load_ucm_config_from_yaml]
[2026-03-26 15:32:59.897161][UC][I] Using UCM with config: {'ucm_connectors': [{'ucm_connector_name': 'UcmNfsStore', 'ucm_connector_config': {'storage_backends': '/home/w2938/model', 'io_direct': False}}]} [155212,155212][utils.py:89,get_config]
[2026-03-26 15:32:59.897194][UC][I] self.launch_config: {'ucm_connectors': [{'ucm_connector_name': 'UcmNfsStore', 'ucm_connector_config': {'storage_backends': '/home/w2938/model', 'io_direct': False}}]} [155212,155212][ucm_connector.py:135,__init__]
[2026-03-26 15:32:59.898704][UC][I] Loaded UCM config from /home/w2938/unified-cache-management/test/test_ucm_config.yaml [155212,155212][utils.py:54,load_ucm_config_from_yaml]
[2026-03-26 15:32:59.898751][UC][I] Using UCM with config: {'ucm_connectors': [{'ucm_connector_name': 'UcmNfsStore', 'ucm_connector_config': {'storage_backends': '/home/w2938/model', 'io_direct': False}}]} [155212,155212][utils.py:89,get_config]
[2026-03-26 15:33:02.205469][UC][I] kv cache shape torch.Size([2, 4681, 8192]) [155212,155212][ucm_connector.py:249,register_kv_caches]
[2026-03-26 15:33:02.205535][UC][I] use mla: False, use dsa: False [155212,155212][ucm_connector.py:259,register_kv_caches]
[2026-03-26 15:33:02.206228][UC][I] create UcmNfsStore with config: {'storage_backends': ['/home/w2938/model/kv'], 'io_direct': False, 'share_buffer_enable': False, 'unique_id': 'fa2407f0-01c9-4fef-a3a2-6b2747e1048b', 'device_id': 0, 'tensor_size': 16384, 'shard_size': 917504, 'block_size': 917504, 'local_rank_size': 1} [155212,155212][ucm_connector.py:227,_create_store]
[2026-03-26 15:33:02.210265][UC][I] Creating connector with name: UcmNfsStore [155212,155212][factory_v1.py:56,create_connector]
[2026-03-26 15:33:03.104903][UC][I] PcStore-(Release). [155212,155212][pcstore.cc:89,ShowConfig]
[2026-03-26 15:33:03.104951][UC][I] Set UC::StorageBackends to ["/home/w2938/model/kv"]. [155212,155212][pcstore.cc:90,ShowConfig]
[2026-03-26 15:33:03.104958][UC][I] Set UC::BlockSize to 917504. [155212,155212][pcstore.cc:91,ShowConfig]
[2026-03-26 15:33:03.104964][UC][I] Set UC::TransferEnable to true. [155212,155212][pcstore.cc:92,ShowConfig]
[2026-03-26 15:33:03.104968][UC][I] Set UC::UniqueId to fa2407f0-01c9-4fef-a3a2-6b2747e1048b. [155212,155212][pcstore.cc:93,ShowConfig]
[2026-03-26 15:33:03.104974][UC][I] Set UC::IoSize to 16384. [155212,155212][pcstore.cc:94,ShowConfig]
[2026-03-26 15:33:03.104983][UC][I] Set UC::IoDirect to false. [155212,155212][pcstore.cc:95,ShowConfig]
[2026-03-26 15:33:03.104989][UC][I] Set UC::LocalRankSize to 1. [155212,155212][pcstore.cc:96,ShowConfig]
[2026-03-26 15:33:03.104994][UC][I] Set UC::DeviceId to 0. [155212,155212][pcstore.cc:97,ShowConfig]
[2026-03-26 15:33:03.104998][UC][I] Set UC::StreamNumber to 8. [155212,155212][pcstore.cc:98,ShowConfig]
[2026-03-26 15:33:03.105003][UC][I] Set UC::BufferNumber to 4096. [155212,155212][pcstore.cc:99,ShowConfig]
[2026-03-26 15:33:03.105008][UC][I] Set UC::TimeoutMs to 30000. [155212,155212][pcstore.cc:100,ShowConfig]
[2026-03-26 15:33:03.105013][UC][I] Set UC::ScatterGatherEnable to false. [155212,155212][pcstore.cc:101,ShowConfig]
[2026-03-26 15:33:03.105018][UC][I] Set UC::ShardDataDir to true. [155212,155212][pcstore.cc:102,ShowConfig]
[2026-03-26 15:33:10.439355][UC][I] CPU device is available. [155212,155212][ucm_connector.py:114,__init__]
[2026-03-26 15:33:10.442184][UC][I] Loaded UCM config from /home/w2938/unified-cache-management/test/test_ucm_config.yaml [155212,155212][utils.py:54,load_ucm_config_from_yaml]
[2026-03-26 15:33:10.442255][UC][I] Using UCM with config: {'ucm_connectors': [{'ucm_connector_name': 'UcmNfsStore', 'ucm_connector_config': {'storage_backends': '/home/w2938/model', 'io_direct': False}}]} [155212,155212][utils.py:89,get_config]
[2026-03-26 15:33:10.442337][UC][I] self.launch_config: {'ucm_connectors': [{'ucm_connector_name': 'UcmNfsStore', 'ucm_connector_config': {'storage_backends': '/home/w2938/model', 'io_direct': False}}]} [155212,155212][ucm_connector.py:135,__init__]
[2026-03-26 15:33:10.442515][UC][I] create UcmNfsStore with config: {'storage_backends': ['/home/w2938/model/kv'], 'io_direct': False, 'share_buffer_enable': False, 'unique_id': 'fa2407f0-01c9-4fef-a3a2-6b2747e1048b'} [155212,155212][ucm_connector.py:227,_create_store]
[2026-03-26 15:33:10.442552][UC][I] Creating connector with name: UcmNfsStore [155212,155212][factory_v1.py:56,create_connector]
[2026-03-26 15:33:10.442636][UC][I] PcStore-(Release). [155212,155212][pcstore.cc:89,ShowConfig]
[2026-03-26 15:33:10.442648][UC][I] Set UC::StorageBackends to ["/home/w2938/model/kv"]. [155212,155212][pcstore.cc:90,ShowConfig]
[2026-03-26 15:33:10.442655][UC][I] Set UC::BlockSize to 0. [155212,155212][pcstore.cc:91,ShowConfig]
[2026-03-26 15:33:10.442661][UC][I] Set UC::TransferEnable to false. [155212,155212][pcstore.cc:92,ShowConfig]
[2026-03-26 15:33:10.442667][UC][I] Set UC::UniqueId to fa2407f0-01c9-4fef-a3a2-6b2747e1048b. [155212,155212][pcstore.cc:93,ShowConfig]
[2026-03-26 15:33:10.442673][UC][I] Set UC::IoSize to 262144. [155212,155212][pcstore.cc:94,ShowConfig]
[2026-03-26 15:33:10.442679][UC][I] Set UC::IoDirect to false. [155212,155212][pcstore.cc:95,ShowConfig]
[2026-03-26 15:33:10.442685][UC][I] Set UC::LocalRankSize to 1. [155212,155212][pcstore.cc:96,ShowConfig]
[2026-03-26 15:33:10.442691][UC][I] Set UC::DeviceId to -1. [155212,155212][pcstore.cc:97,ShowConfig]
[2026-03-26 15:33:10.442697][UC][I] Set UC::StreamNumber to 8. [155212,155212][pcstore.cc:98,ShowConfig]
[2026-03-26 15:33:10.442703][UC][I] Set UC::BufferNumber to 4096. [155212,155212][pcstore.cc:99,ShowConfig]
[2026-03-26 15:33:10.442709][UC][I] Set UC::TimeoutMs to 30000. [155212,155212][pcstore.cc:100,ShowConfig]
[2026-03-26 15:33:10.442715][UC][I] Set UC::ScatterGatherEnable to false. [155212,155212][pcstore.cc:101,ShowConfig]
[2026-03-26 15:33:10.442721][UC][I] Set UC::ShardDataDir to true. [155212,155212][pcstore.cc:102,ShowConfig]
[2026-03-26 15:33:10.444738][UC][I] Loaded UCM config from /home/w2938/unified-cache-management/test/test_ucm_config.yaml [155212,155212][utils.py:54,load_ucm_config_from_yaml]
[2026-03-26 15:33:10.444787][UC][I] Using UCM with config: {'ucm_connectors': [{'ucm_connector_name': 'UcmNfsStore', 'ucm_connector_config': {'storage_backends': '/home/w2938/model', 'io_direct': False}}]} [155212,155212][utils.py:89,get_config]
