[2026-03-19 17:27:03.810742][UC][I] Logger initialized successfully [1123917,1123917][__init__.py:48,<module>]
[2026-03-19 17:27:21.703168][UC][I] CPU device is available. [1123917,1123917][ucm_connector.py:114,__init__]
[2026-03-19 17:27:21.703238][UC][I] Using kv_connector_extra_config from terminal input [1123917,1123917][utils.py:81,_load_config]
[2026-03-19 17:27:21.703286][UC][I] Using UCM with config: {'ucm_connectors': [{'ucm_connector_name': 'UcmPipelineStore', 'ucm_connector_config': {'store_pipeline': 'Posix', 'storage_backends': '/home/w2938/test/ucm_kvcache_perf', 'io_direct': False, 'posix_data_trans_concurrency': 32, 'posix_lookup_concurrency': 32}}]} [1123917,1123917][utils.py:89,get_config]
[2026-03-19 17:27:21.703325][UC][I] self.launch_config: {'ucm_connectors': [{'ucm_connector_name': 'UcmPipelineStore', 'ucm_connector_config': {'store_pipeline': 'Posix', 'storage_backends': '/home/w2938/test/ucm_kvcache_perf', 'io_direct': False, 'posix_data_trans_concurrency': 32, 'posix_lookup_concurrency': 32}}]} [1123917,1123917][ucm_connector.py:135,__init__]
[2026-03-19 17:27:21.703386][UC][I] Using kv_connector_extra_config from terminal input [1123917,1123917][utils.py:81,_load_config]
[2026-03-19 17:27:21.703412][UC][I] Using UCM with config: {'ucm_connectors': [{'ucm_connector_name': 'UcmPipelineStore', 'ucm_connector_config': {'store_pipeline': 'Posix', 'storage_backends': '/home/w2938/test/ucm_kvcache_perf', 'io_direct': False, 'posix_data_trans_concurrency': 32, 'posix_lookup_concurrency': 32}}]} [1123917,1123917][utils.py:89,get_config]
[2026-03-19 17:27:24.023103][UC][I] kv cache shape torch.Size([2, 4681, 8192]) [1123917,1123917][ucm_connector.py:249,register_kv_caches]
[2026-03-19 17:27:24.023169][UC][I] use mla: False, use dsa: False [1123917,1123917][ucm_connector.py:259,register_kv_caches]
[2026-03-19 17:27:24.023872][UC][I] create UcmPipelineStore with config: {'store_pipeline': 'Posix', 'storage_backends': ['/home/w2938/test/ucm_kvcache_perf/kv'], 'io_direct': False, 'posix_data_trans_concurrency': 32, 'posix_lookup_concurrency': 32, 'share_buffer_enable': False, 'unique_id': 'e78d31d0-a733-4795-b40d-8244b3ca8b20', 'device_id': 0, 'tensor_size': 16384, 'shard_size': 917504, 'block_size': 917504, 'local_rank_size': 1} [1123917,1123917][ucm_connector.py:227,_create_store]
[2026-03-19 17:27:24.027157][UC][I] Creating connector with name: UcmPipelineStore [1123917,1123917][factory_v1.py:56,create_connector]
[2026-03-19 17:27:24.122083][UC][I] PosixStore-(Release). [1123917,1123917][posix_store.cc:92,ShowConfig]
[2026-03-19 17:27:24.122123][UC][I] Set PosixStore::StorageBackends to ["/home/w2938/test/ucm_kvcache_perf/kv"]. [1123917,1123917][posix_store.cc:93,ShowConfig]
[2026-03-19 17:27:24.122131][UC][I] Set PosixStore::DeviceId to 0. [1123917,1123917][posix_store.cc:94,ShowConfig]
[2026-03-19 17:27:24.122139][UC][I] Set PosixStore::TensorSize to 16384. [1123917,1123917][posix_store.cc:95,ShowConfig]
[2026-03-19 17:27:24.122145][UC][I] Set PosixStore::ShardSize to 917504. [1123917,1123917][posix_store.cc:96,ShowConfig]
[2026-03-19 17:27:24.122151][UC][I] Set PosixStore::BlockSize to 917504. [1123917,1123917][posix_store.cc:97,ShowConfig]
[2026-03-19 17:27:24.122157][UC][I] Set PosixStore::IoDirect to false. [1123917,1123917][posix_store.cc:98,ShowConfig]
[2026-03-19 17:27:24.122162][UC][I] Set PosixStore::DataTransConcurrency to 32. [1123917,1123917][posix_store.cc:99,ShowConfig]
[2026-03-19 17:27:24.122169][UC][I] Set PosixStore::LookupConcurrency to 32. [1123917,1123917][posix_store.cc:100,ShowConfig]
[2026-03-19 17:27:24.122175][UC][I] Set PosixStore::TimeoutMs to 30000. [1123917,1123917][posix_store.cc:101,ShowConfig]
[2026-03-19 17:27:24.122186][UC][I] Set PosixStore::DataDirShardBytes to 3. [1123917,1123917][posix_store.cc:102,ShowConfig]
[2026-03-19 17:27:49.119442][UC][I] CPU device is available. [1123917,1123917][ucm_connector.py:114,__init__]
[2026-03-19 17:27:49.119483][UC][I] Using kv_connector_extra_config from terminal input [1123917,1123917][utils.py:81,_load_config]
[2026-03-19 17:27:49.119517][UC][I] Using UCM with config: {'ucm_connectors': [{'ucm_connector_name': 'UcmPipelineStore', 'ucm_connector_config': {'store_pipeline': 'Posix', 'storage_backends': '/home/w2938/test/ucm_kvcache_perf', 'io_direct': False, 'posix_data_trans_concurrency': 32, 'posix_lookup_concurrency': 32}}]} [1123917,1123917][utils.py:89,get_config]
[2026-03-19 17:27:49.119591][UC][I] self.launch_config: {'ucm_connectors': [{'ucm_connector_name': 'UcmPipelineStore', 'ucm_connector_config': {'store_pipeline': 'Posix', 'storage_backends': '/home/w2938/test/ucm_kvcache_perf', 'io_direct': False, 'posix_data_trans_concurrency': 32, 'posix_lookup_concurrency': 32}}]} [1123917,1123917][ucm_connector.py:135,__init__]
[2026-03-19 17:27:49.119764][UC][I] create UcmPipelineStore with config: {'store_pipeline': 'Posix', 'storage_backends': ['/home/w2938/test/ucm_kvcache_perf/kv'], 'io_direct': False, 'posix_data_trans_concurrency': 32, 'posix_lookup_concurrency': 32, 'share_buffer_enable': False, 'unique_id': 'e78d31d0-a733-4795-b40d-8244b3ca8b20'} [1123917,1123917][ucm_connector.py:227,_create_store]
[2026-03-19 17:27:49.119801][UC][I] Creating connector with name: UcmPipelineStore [1123917,1123917][factory_v1.py:56,create_connector]
[2026-03-19 17:27:49.129989][UC][I] PosixStore-(Release). [1123917,1123917][posix_store.cc:92,ShowConfig]
[2026-03-19 17:27:49.130025][UC][I] Set PosixStore::StorageBackends to ["/home/w2938/test/ucm_kvcache_perf/kv"]. [1123917,1123917][posix_store.cc:93,ShowConfig]
[2026-03-19 17:27:49.130032][UC][I] Set PosixStore::DeviceId to -1. [1123917,1123917][posix_store.cc:94,ShowConfig]
[2026-03-19 17:27:49.130038][UC][I] Set PosixStore::TensorSize to 0. [1123917,1123917][posix_store.cc:95,ShowConfig]
[2026-03-19 17:27:49.130043][UC][I] Set PosixStore::ShardSize to 0. [1123917,1123917][posix_store.cc:96,ShowConfig]
[2026-03-19 17:27:49.130048][UC][I] Set PosixStore::BlockSize to 0. [1123917,1123917][posix_store.cc:97,ShowConfig]
[2026-03-19 17:27:49.130055][UC][I] Set PosixStore::IoDirect to false. [1123917,1123917][posix_store.cc:98,ShowConfig]
[2026-03-19 17:27:49.130062][UC][I] Set PosixStore::DataTransConcurrency to 32. [1123917,1123917][posix_store.cc:99,ShowConfig]
[2026-03-19 17:27:49.130069][UC][I] Set PosixStore::LookupConcurrency to 32. [1123917,1123917][posix_store.cc:100,ShowConfig]
[2026-03-19 17:27:49.130074][UC][I] Set PosixStore::TimeoutMs to 30000. [1123917,1123917][posix_store.cc:101,ShowConfig]
[2026-03-19 17:27:49.130079][UC][I] Set PosixStore::DataDirShardBytes to 3. [1123917,1123917][posix_store.cc:102,ShowConfig]
[2026-03-19 17:27:49.130178][UC][I] Using kv_connector_extra_config from terminal input [1123917,1123917][utils.py:81,_load_config]
[2026-03-19 17:27:49.130216][UC][I] Using UCM with config: {'ucm_connectors': [{'ucm_connector_name': 'UcmPipelineStore', 'ucm_connector_config': {'store_pipeline': 'Posix', 'storage_backends': '/home/w2938/test/ucm_kvcache_perf', 'io_direct': False, 'posix_data_trans_concurrency': 32, 'posix_lookup_concurrency': 32}}]} [1123917,1123917][utils.py:89,get_config]
[2026-03-19 17:27:49.557062][UC][I] request_id: 0, total_blocks_num: 6, hit hbm: 0, hit external: 0 [1123917,1123917][ucm_connector.py:326,get_num_new_matched_tokens]
[2026-03-19 17:31:05.216672][UC][I] request_id: 10, total_blocks_num: 6, hit hbm: 0, hit external: 0 [1123917,1123917][ucm_connector.py:326,get_num_new_matched_tokens]
