[2026-03-20 15:59:59.806372][UC][I] Logger initialized successfully [1146574,1146574][__init__.py:48,<module>]
[2026-03-20 16:00:13.905845][UC][I] CPU device is available. [1146574,1146574][ucm_connector.py:114,__init__]
[2026-03-20 16:00:13.905921][UC][I] Using kv_connector_extra_config from terminal input [1146574,1146574][utils.py:81,_load_config]
[2026-03-20 16:00:13.905959][UC][I] Using UCM with config: {'ucm_connectors': [{'ucm_connector_name': 'UcmPipelineStore', 'ucm_connector_config': {'store_pipeline': 'Posix', 'storage_backends': '/home/w2938/test/ucm_kvcache_storage_offline/100', 'io_direct': False, 'posix_data_trans_concurrency': 32, 'posix_lookup_concurrency': 32}}]} [1146574,1146574][utils.py:89,get_config]
[2026-03-20 16:00:13.905997][UC][I] self.launch_config: {'ucm_connectors': [{'ucm_connector_name': 'UcmPipelineStore', 'ucm_connector_config': {'store_pipeline': 'Posix', 'storage_backends': '/home/w2938/test/ucm_kvcache_storage_offline/100', 'io_direct': False, 'posix_data_trans_concurrency': 32, 'posix_lookup_concurrency': 32}}]} [1146574,1146574][ucm_connector.py:135,__init__]
[2026-03-20 16:00:13.906058][UC][I] Using kv_connector_extra_config from terminal input [1146574,1146574][utils.py:81,_load_config]
[2026-03-20 16:00:13.906090][UC][I] Using UCM with config: {'ucm_connectors': [{'ucm_connector_name': 'UcmPipelineStore', 'ucm_connector_config': {'store_pipeline': 'Posix', 'storage_backends': '/home/w2938/test/ucm_kvcache_storage_offline/100', 'io_direct': False, 'posix_data_trans_concurrency': 32, 'posix_lookup_concurrency': 32}}]} [1146574,1146574][utils.py:89,get_config]
[2026-03-20 16:00:16.210430][UC][I] kv cache shape torch.Size([2, 4681, 8192]) [1146574,1146574][ucm_connector.py:249,register_kv_caches]
[2026-03-20 16:00:16.210493][UC][I] use mla: False, use dsa: False [1146574,1146574][ucm_connector.py:259,register_kv_caches]
[2026-03-20 16:00:16.211173][UC][I] create UcmPipelineStore with config: {'store_pipeline': 'Posix', 'storage_backends': ['/home/w2938/test/ucm_kvcache_storage_offline/100/kv'], 'io_direct': False, 'posix_data_trans_concurrency': 32, 'posix_lookup_concurrency': 32, 'share_buffer_enable': False, 'unique_id': '9c2a9443-2508-4b7d-a2a6-78da5431be7f', 'device_id': 0, 'tensor_size': 16384, 'shard_size': 917504, 'block_size': 917504, 'local_rank_size': 1} [1146574,1146574][ucm_connector.py:227,_create_store]
[2026-03-20 16:00:16.214423][UC][I] Creating connector with name: UcmPipelineStore [1146574,1146574][factory_v1.py:56,create_connector]
[2026-03-20 16:00:16.307772][UC][I] PosixStore-(Release). [1146574,1146574][posix_store.cc:92,ShowConfig]
[2026-03-20 16:00:16.307807][UC][I] Set PosixStore::StorageBackends to ["/home/w2938/test/ucm_kvcache_storage_offline/100/kv"]. [1146574,1146574][posix_store.cc:93,ShowConfig]
[2026-03-20 16:00:16.307814][UC][I] Set PosixStore::DeviceId to 0. [1146574,1146574][posix_store.cc:94,ShowConfig]
[2026-03-20 16:00:16.307823][UC][I] Set PosixStore::TensorSize to 16384. [1146574,1146574][posix_store.cc:95,ShowConfig]
[2026-03-20 16:00:16.307829][UC][I] Set PosixStore::ShardSize to 917504. [1146574,1146574][posix_store.cc:96,ShowConfig]
[2026-03-20 16:00:16.307835][UC][I] Set PosixStore::BlockSize to 917504. [1146574,1146574][posix_store.cc:97,ShowConfig]
[2026-03-20 16:00:16.307841][UC][I] Set PosixStore::IoDirect to false. [1146574,1146574][posix_store.cc:98,ShowConfig]
[2026-03-20 16:00:16.307847][UC][I] Set PosixStore::DataTransConcurrency to 32. [1146574,1146574][posix_store.cc:99,ShowConfig]
[2026-03-20 16:00:16.307853][UC][I] Set PosixStore::LookupConcurrency to 32. [1146574,1146574][posix_store.cc:100,ShowConfig]
[2026-03-20 16:00:16.307859][UC][I] Set PosixStore::TimeoutMs to 30000. [1146574,1146574][posix_store.cc:101,ShowConfig]
[2026-03-20 16:00:16.307866][UC][I] Set PosixStore::DataDirShardBytes to 3. [1146574,1146574][posix_store.cc:102,ShowConfig]
[2026-03-20 16:00:41.294581][UC][I] CPU device is available. [1146574,1146574][ucm_connector.py:114,__init__]
[2026-03-20 16:00:41.294621][UC][I] Using kv_connector_extra_config from terminal input [1146574,1146574][utils.py:81,_load_config]
[2026-03-20 16:00:41.294702][UC][I] Using UCM with config: {'ucm_connectors': [{'ucm_connector_name': 'UcmPipelineStore', 'ucm_connector_config': {'store_pipeline': 'Posix', 'storage_backends': '/home/w2938/test/ucm_kvcache_storage_offline/100', 'io_direct': False, 'posix_data_trans_concurrency': 32, 'posix_lookup_concurrency': 32}}]} [1146574,1146574][utils.py:89,get_config]
[2026-03-20 16:00:41.294730][UC][I] self.launch_config: {'ucm_connectors': [{'ucm_connector_name': 'UcmPipelineStore', 'ucm_connector_config': {'store_pipeline': 'Posix', 'storage_backends': '/home/w2938/test/ucm_kvcache_storage_offline/100', 'io_direct': False, 'posix_data_trans_concurrency': 32, 'posix_lookup_concurrency': 32}}]} [1146574,1146574][ucm_connector.py:135,__init__]
[2026-03-20 16:00:41.294901][UC][I] create UcmPipelineStore with config: {'store_pipeline': 'Posix', 'storage_backends': ['/home/w2938/test/ucm_kvcache_storage_offline/100/kv'], 'io_direct': False, 'posix_data_trans_concurrency': 32, 'posix_lookup_concurrency': 32, 'share_buffer_enable': False, 'unique_id': '9c2a9443-2508-4b7d-a2a6-78da5431be7f'} [1146574,1146574][ucm_connector.py:227,_create_store]
[2026-03-20 16:00:41.294939][UC][I] Creating connector with name: UcmPipelineStore [1146574,1146574][factory_v1.py:56,create_connector]
[2026-03-20 16:00:41.305368][UC][I] PosixStore-(Release). [1146574,1146574][posix_store.cc:92,ShowConfig]
[2026-03-20 16:00:41.305401][UC][I] Set PosixStore::StorageBackends to ["/home/w2938/test/ucm_kvcache_storage_offline/100/kv"]. [1146574,1146574][posix_store.cc:93,ShowConfig]
[2026-03-20 16:00:41.305408][UC][I] Set PosixStore::DeviceId to -1. [1146574,1146574][posix_store.cc:94,ShowConfig]
[2026-03-20 16:00:41.305415][UC][I] Set PosixStore::TensorSize to 0. [1146574,1146574][posix_store.cc:95,ShowConfig]
[2026-03-20 16:00:41.305420][UC][I] Set PosixStore::ShardSize to 0. [1146574,1146574][posix_store.cc:96,ShowConfig]
[2026-03-20 16:00:41.305425][UC][I] Set PosixStore::BlockSize to 0. [1146574,1146574][posix_store.cc:97,ShowConfig]
[2026-03-20 16:00:41.305430][UC][I] Set PosixStore::IoDirect to false. [1146574,1146574][posix_store.cc:98,ShowConfig]
[2026-03-20 16:00:41.305436][UC][I] Set PosixStore::DataTransConcurrency to 32. [1146574,1146574][posix_store.cc:99,ShowConfig]
[2026-03-20 16:00:41.305441][UC][I] Set PosixStore::LookupConcurrency to 32. [1146574,1146574][posix_store.cc:100,ShowConfig]
[2026-03-20 16:00:41.305446][UC][I] Set PosixStore::TimeoutMs to 30000. [1146574,1146574][posix_store.cc:101,ShowConfig]
[2026-03-20 16:00:41.305452][UC][I] Set PosixStore::DataDirShardBytes to 3. [1146574,1146574][posix_store.cc:102,ShowConfig]
[2026-03-20 16:00:41.305544][UC][I] Using kv_connector_extra_config from terminal input [1146574,1146574][utils.py:81,_load_config]
[2026-03-20 16:00:41.305580][UC][I] Using UCM with config: {'ucm_connectors': [{'ucm_connector_name': 'UcmPipelineStore', 'ucm_connector_config': {'store_pipeline': 'Posix', 'storage_backends': '/home/w2938/test/ucm_kvcache_storage_offline/100', 'io_direct': False, 'posix_data_trans_concurrency': 32, 'posix_lookup_concurrency': 32}}]} [1146574,1146574][utils.py:89,get_config]
[2026-03-20 16:00:41.728221][UC][I] request_id: 0, total_blocks_num: 2, hit hbm: 0, hit external: 0 [1146574,1146574][ucm_connector.py:326,get_num_new_matched_tokens]
[2026-03-20 16:00:49.624387][UC][I] request_id: 1, total_blocks_num: 2, hit hbm: 1, hit external: 0 [1146574,1146574][ucm_connector.py:326,get_num_new_matched_tokens]
