[2026-03-19 18:01:05.737174][UC][I] Logger initialized successfully [1125935,1125935][__init__.py:48,<module>]
[2026-03-19 18:01:19.436520][UC][I] CPU device is available. [1125935,1125935][ucm_connector.py:114,__init__]
[2026-03-19 18:01:19.436593][UC][I] Using kv_connector_extra_config from terminal input [1125935,1125935][utils.py:81,_load_config]
[2026-03-19 18:01:19.436628][UC][I] Using UCM with config: {'ucm_connectors': [{'ucm_connector_name': 'UcmPipelineStore', 'ucm_connector_config': {'store_pipeline': 'Posix', 'storage_backends': '/home/w2938/test/ucm_kvcache_perf', 'io_direct': False, 'posix_data_trans_concurrency': 32, 'posix_lookup_concurrency': 32}}]} [1125935,1125935][utils.py:89,get_config]
[2026-03-19 18:01:19.436661][UC][I] self.launch_config: {'ucm_connectors': [{'ucm_connector_name': 'UcmPipelineStore', 'ucm_connector_config': {'store_pipeline': 'Posix', 'storage_backends': '/home/w2938/test/ucm_kvcache_perf', 'io_direct': False, 'posix_data_trans_concurrency': 32, 'posix_lookup_concurrency': 32}}]} [1125935,1125935][ucm_connector.py:135,__init__]
[2026-03-19 18:01:19.436720][UC][I] Using kv_connector_extra_config from terminal input [1125935,1125935][utils.py:81,_load_config]
[2026-03-19 18:01:19.436749][UC][I] Using UCM with config: {'ucm_connectors': [{'ucm_connector_name': 'UcmPipelineStore', 'ucm_connector_config': {'store_pipeline': 'Posix', 'storage_backends': '/home/w2938/test/ucm_kvcache_perf', 'io_direct': False, 'posix_data_trans_concurrency': 32, 'posix_lookup_concurrency': 32}}]} [1125935,1125935][utils.py:89,get_config]
[2026-03-19 18:01:21.748412][UC][I] kv cache shape torch.Size([2, 4681, 8192]) [1125935,1125935][ucm_connector.py:249,register_kv_caches]
[2026-03-19 18:01:21.748479][UC][I] use mla: False, use dsa: False [1125935,1125935][ucm_connector.py:259,register_kv_caches]
[2026-03-19 18:01:21.749175][UC][I] create UcmPipelineStore with config: {'store_pipeline': 'Posix', 'storage_backends': ['/home/w2938/test/ucm_kvcache_perf/kv'], 'io_direct': False, 'posix_data_trans_concurrency': 32, 'posix_lookup_concurrency': 32, 'share_buffer_enable': False, 'unique_id': 'c484c984-fd9b-4fd6-816a-93a3d9bd1263', 'device_id': 0, 'tensor_size': 16384, 'shard_size': 917504, 'block_size': 917504, 'local_rank_size': 1} [1125935,1125935][ucm_connector.py:227,_create_store]
[2026-03-19 18:01:21.752447][UC][I] Creating connector with name: UcmPipelineStore [1125935,1125935][factory_v1.py:56,create_connector]
[2026-03-19 18:01:21.847308][UC][I] PosixStore-(Release). [1125935,1125935][posix_store.cc:92,ShowConfig]
[2026-03-19 18:01:21.847344][UC][I] Set PosixStore::StorageBackends to ["/home/w2938/test/ucm_kvcache_perf/kv"]. [1125935,1125935][posix_store.cc:93,ShowConfig]
[2026-03-19 18:01:21.847351][UC][I] Set PosixStore::DeviceId to 0. [1125935,1125935][posix_store.cc:94,ShowConfig]
[2026-03-19 18:01:21.847358][UC][I] Set PosixStore::TensorSize to 16384. [1125935,1125935][posix_store.cc:95,ShowConfig]
[2026-03-19 18:01:21.847364][UC][I] Set PosixStore::ShardSize to 917504. [1125935,1125935][posix_store.cc:96,ShowConfig]
[2026-03-19 18:01:21.847370][UC][I] Set PosixStore::BlockSize to 917504. [1125935,1125935][posix_store.cc:97,ShowConfig]
[2026-03-19 18:01:21.847376][UC][I] Set PosixStore::IoDirect to false. [1125935,1125935][posix_store.cc:98,ShowConfig]
[2026-03-19 18:01:21.847382][UC][I] Set PosixStore::DataTransConcurrency to 32. [1125935,1125935][posix_store.cc:99,ShowConfig]
[2026-03-19 18:01:21.847388][UC][I] Set PosixStore::LookupConcurrency to 32. [1125935,1125935][posix_store.cc:100,ShowConfig]
[2026-03-19 18:01:21.847394][UC][I] Set PosixStore::TimeoutMs to 30000. [1125935,1125935][posix_store.cc:101,ShowConfig]
[2026-03-19 18:01:21.847400][UC][I] Set PosixStore::DataDirShardBytes to 3. [1125935,1125935][posix_store.cc:102,ShowConfig]
[2026-03-19 18:01:46.846821][UC][I] CPU device is available. [1125935,1125935][ucm_connector.py:114,__init__]
[2026-03-19 18:01:46.846862][UC][I] Using kv_connector_extra_config from terminal input [1125935,1125935][utils.py:81,_load_config]
[2026-03-19 18:01:46.846902][UC][I] Using UCM with config: {'ucm_connectors': [{'ucm_connector_name': 'UcmPipelineStore', 'ucm_connector_config': {'store_pipeline': 'Posix', 'storage_backends': '/home/w2938/test/ucm_kvcache_perf', 'io_direct': False, 'posix_data_trans_concurrency': 32, 'posix_lookup_concurrency': 32}}]} [1125935,1125935][utils.py:89,get_config]
[2026-03-19 18:01:46.846970][UC][I] self.launch_config: {'ucm_connectors': [{'ucm_connector_name': 'UcmPipelineStore', 'ucm_connector_config': {'store_pipeline': 'Posix', 'storage_backends': '/home/w2938/test/ucm_kvcache_perf', 'io_direct': False, 'posix_data_trans_concurrency': 32, 'posix_lookup_concurrency': 32}}]} [1125935,1125935][ucm_connector.py:135,__init__]
[2026-03-19 18:01:46.847146][UC][I] create UcmPipelineStore with config: {'store_pipeline': 'Posix', 'storage_backends': ['/home/w2938/test/ucm_kvcache_perf/kv'], 'io_direct': False, 'posix_data_trans_concurrency': 32, 'posix_lookup_concurrency': 32, 'share_buffer_enable': False, 'unique_id': 'c484c984-fd9b-4fd6-816a-93a3d9bd1263'} [1125935,1125935][ucm_connector.py:227,_create_store]
[2026-03-19 18:01:46.847196][UC][I] Creating connector with name: UcmPipelineStore [1125935,1125935][factory_v1.py:56,create_connector]
[2026-03-19 18:01:46.857319][UC][I] PosixStore-(Release). [1125935,1125935][posix_store.cc:92,ShowConfig]
[2026-03-19 18:01:46.857366][UC][I] Set PosixStore::StorageBackends to ["/home/w2938/test/ucm_kvcache_perf/kv"]. [1125935,1125935][posix_store.cc:93,ShowConfig]
[2026-03-19 18:01:46.857372][UC][I] Set PosixStore::DeviceId to -1. [1125935,1125935][posix_store.cc:94,ShowConfig]
[2026-03-19 18:01:46.857378][UC][I] Set PosixStore::TensorSize to 0. [1125935,1125935][posix_store.cc:95,ShowConfig]
[2026-03-19 18:01:46.857384][UC][I] Set PosixStore::ShardSize to 0. [1125935,1125935][posix_store.cc:96,ShowConfig]
[2026-03-19 18:01:46.857389][UC][I] Set PosixStore::BlockSize to 0. [1125935,1125935][posix_store.cc:97,ShowConfig]
[2026-03-19 18:01:46.857394][UC][I] Set PosixStore::IoDirect to false. [1125935,1125935][posix_store.cc:98,ShowConfig]
[2026-03-19 18:01:46.857399][UC][I] Set PosixStore::DataTransConcurrency to 32. [1125935,1125935][posix_store.cc:99,ShowConfig]
[2026-03-19 18:01:46.857410][UC][I] Set PosixStore::LookupConcurrency to 32. [1125935,1125935][posix_store.cc:100,ShowConfig]
[2026-03-19 18:01:46.857415][UC][I] Set PosixStore::TimeoutMs to 30000. [1125935,1125935][posix_store.cc:101,ShowConfig]
[2026-03-19 18:01:46.857421][UC][I] Set PosixStore::DataDirShardBytes to 3. [1125935,1125935][posix_store.cc:102,ShowConfig]
[2026-03-19 18:01:46.857521][UC][I] Using kv_connector_extra_config from terminal input [1125935,1125935][utils.py:81,_load_config]
[2026-03-19 18:01:46.857561][UC][I] Using UCM with config: {'ucm_connectors': [{'ucm_connector_name': 'UcmPipelineStore', 'ucm_connector_config': {'store_pipeline': 'Posix', 'storage_backends': '/home/w2938/test/ucm_kvcache_perf', 'io_direct': False, 'posix_data_trans_concurrency': 32, 'posix_lookup_concurrency': 32}}]} [1125935,1125935][utils.py:89,get_config]
[2026-03-19 18:01:47.292701][UC][I] request_id: 0, total_blocks_num: 6, hit hbm: 0, hit external: 0 [1125935,1125935][ucm_connector.py:326,get_num_new_matched_tokens]
[2026-03-19 18:05:00.704764][UC][I] request_id: 10, total_blocks_num: 6, hit hbm: 0, hit external: 0 [1125935,1125935][ucm_connector.py:326,get_num_new_matched_tokens]
