[2026-03-25 11:12:46.545508][UC][I] Logger initialized successfully [3679543,3679543][__init__.py:48,<module>]
[2026-03-25 11:13:00.509439][UC][I] CPU device is available. [3679543,3679543][ucm_connector.py:114,__init__]
[2026-03-25 11:13:00.509510][UC][I] Using kv_connector_extra_config from terminal input [3679543,3679543][utils.py:81,_load_config]
[2026-03-25 11:13:00.509547][UC][I] Using UCM with config: {'ucm_connectors': [{'ucm_connector_name': 'UcmPipelineStore', 'ucm_connector_config': {'store_pipeline': 'Posix', 'storage_backends': '/home/w2938/test/ucm_kvcache_perf', 'io_direct': False, 'posix_data_trans_concurrency': 32, 'posix_lookup_concurrency': 32}}]} [3679543,3679543][utils.py:89,get_config]
[2026-03-25 11:13:00.509578][UC][I] self.launch_config: {'ucm_connectors': [{'ucm_connector_name': 'UcmPipelineStore', 'ucm_connector_config': {'store_pipeline': 'Posix', 'storage_backends': '/home/w2938/test/ucm_kvcache_perf', 'io_direct': False, 'posix_data_trans_concurrency': 32, 'posix_lookup_concurrency': 32}}]} [3679543,3679543][ucm_connector.py:135,__init__]
[2026-03-25 11:13:00.509634][UC][I] Using kv_connector_extra_config from terminal input [3679543,3679543][utils.py:81,_load_config]
[2026-03-25 11:13:00.509668][UC][I] Using UCM with config: {'ucm_connectors': [{'ucm_connector_name': 'UcmPipelineStore', 'ucm_connector_config': {'store_pipeline': 'Posix', 'storage_backends': '/home/w2938/test/ucm_kvcache_perf', 'io_direct': False, 'posix_data_trans_concurrency': 32, 'posix_lookup_concurrency': 32}}]} [3679543,3679543][utils.py:89,get_config]
[2026-03-25 11:13:02.822952][UC][I] kv cache shape torch.Size([2, 4681, 8192]) [3679543,3679543][ucm_connector.py:249,register_kv_caches]
[2026-03-25 11:13:02.823017][UC][I] use mla: False, use dsa: False [3679543,3679543][ucm_connector.py:259,register_kv_caches]
[2026-03-25 11:13:02.823718][UC][I] create UcmPipelineStore with config: {'store_pipeline': 'Posix', 'storage_backends': ['/home/w2938/test/ucm_kvcache_perf/kv'], 'io_direct': False, 'posix_data_trans_concurrency': 32, 'posix_lookup_concurrency': 32, 'share_buffer_enable': False, 'unique_id': 'ac3e7709-9fa2-4fee-be9a-357091f916d2', 'device_id': 0, 'tensor_size': 16384, 'shard_size': 917504, 'block_size': 917504, 'local_rank_size': 1} [3679543,3679543][ucm_connector.py:227,_create_store]
[2026-03-25 11:13:02.831794][UC][I] Creating connector with name: UcmPipelineStore [3679543,3679543][factory_v1.py:56,create_connector]
[2026-03-25 11:13:02.925619][UC][I] PosixStore-(Release). [3679543,3679543][posix_store.cc:92,ShowConfig]
[2026-03-25 11:13:02.925654][UC][I] Set PosixStore::StorageBackends to ["/home/w2938/test/ucm_kvcache_perf/kv"]. [3679543,3679543][posix_store.cc:93,ShowConfig]
[2026-03-25 11:13:02.925662][UC][I] Set PosixStore::DeviceId to 0. [3679543,3679543][posix_store.cc:94,ShowConfig]
[2026-03-25 11:13:02.925668][UC][I] Set PosixStore::TensorSize to 16384. [3679543,3679543][posix_store.cc:95,ShowConfig]
[2026-03-25 11:13:02.925673][UC][I] Set PosixStore::ShardSize to 917504. [3679543,3679543][posix_store.cc:96,ShowConfig]
[2026-03-25 11:13:02.925677][UC][I] Set PosixStore::BlockSize to 917504. [3679543,3679543][posix_store.cc:97,ShowConfig]
[2026-03-25 11:13:02.925682][UC][I] Set PosixStore::IoDirect to false. [3679543,3679543][posix_store.cc:98,ShowConfig]
[2026-03-25 11:13:02.925688][UC][I] Set PosixStore::DataTransConcurrency to 32. [3679543,3679543][posix_store.cc:99,ShowConfig]
[2026-03-25 11:13:02.925692][UC][I] Set PosixStore::LookupConcurrency to 32. [3679543,3679543][posix_store.cc:100,ShowConfig]
[2026-03-25 11:13:02.925697][UC][I] Set PosixStore::TimeoutMs to 30000. [3679543,3679543][posix_store.cc:101,ShowConfig]
[2026-03-25 11:13:02.925702][UC][I] Set PosixStore::DataDirShardBytes to 3. [3679543,3679543][posix_store.cc:102,ShowConfig]
[2026-03-25 11:13:27.932779][UC][I] CPU device is available. [3679543,3679543][ucm_connector.py:114,__init__]
[2026-03-25 11:13:27.932818][UC][I] Using kv_connector_extra_config from terminal input [3679543,3679543][utils.py:81,_load_config]
[2026-03-25 11:13:27.932850][UC][I] Using UCM with config: {'ucm_connectors': [{'ucm_connector_name': 'UcmPipelineStore', 'ucm_connector_config': {'store_pipeline': 'Posix', 'storage_backends': '/home/w2938/test/ucm_kvcache_perf', 'io_direct': False, 'posix_data_trans_concurrency': 32, 'posix_lookup_concurrency': 32}}]} [3679543,3679543][utils.py:89,get_config]
[2026-03-25 11:13:27.932940][UC][I] self.launch_config: {'ucm_connectors': [{'ucm_connector_name': 'UcmPipelineStore', 'ucm_connector_config': {'store_pipeline': 'Posix', 'storage_backends': '/home/w2938/test/ucm_kvcache_perf', 'io_direct': False, 'posix_data_trans_concurrency': 32, 'posix_lookup_concurrency': 32}}]} [3679543,3679543][ucm_connector.py:135,__init__]
[2026-03-25 11:13:27.933119][UC][I] create UcmPipelineStore with config: {'store_pipeline': 'Posix', 'storage_backends': ['/home/w2938/test/ucm_kvcache_perf/kv'], 'io_direct': False, 'posix_data_trans_concurrency': 32, 'posix_lookup_concurrency': 32, 'share_buffer_enable': False, 'unique_id': 'ac3e7709-9fa2-4fee-be9a-357091f916d2'} [3679543,3679543][ucm_connector.py:227,_create_store]
[2026-03-25 11:13:27.933156][UC][I] Creating connector with name: UcmPipelineStore [3679543,3679543][factory_v1.py:56,create_connector]
[2026-03-25 11:13:27.943134][UC][I] PosixStore-(Release). [3679543,3679543][posix_store.cc:92,ShowConfig]
[2026-03-25 11:13:27.943167][UC][I] Set PosixStore::StorageBackends to ["/home/w2938/test/ucm_kvcache_perf/kv"]. [3679543,3679543][posix_store.cc:93,ShowConfig]
[2026-03-25 11:13:27.943175][UC][I] Set PosixStore::DeviceId to -1. [3679543,3679543][posix_store.cc:94,ShowConfig]
[2026-03-25 11:13:27.943183][UC][I] Set PosixStore::TensorSize to 0. [3679543,3679543][posix_store.cc:95,ShowConfig]
[2026-03-25 11:13:27.943190][UC][I] Set PosixStore::ShardSize to 0. [3679543,3679543][posix_store.cc:96,ShowConfig]
[2026-03-25 11:13:27.943194][UC][I] Set PosixStore::BlockSize to 0. [3679543,3679543][posix_store.cc:97,ShowConfig]
[2026-03-25 11:13:27.943199][UC][I] Set PosixStore::IoDirect to false. [3679543,3679543][posix_store.cc:98,ShowConfig]
[2026-03-25 11:13:27.943205][UC][I] Set PosixStore::DataTransConcurrency to 32. [3679543,3679543][posix_store.cc:99,ShowConfig]
[2026-03-25 11:13:27.943211][UC][I] Set PosixStore::LookupConcurrency to 32. [3679543,3679543][posix_store.cc:100,ShowConfig]
[2026-03-25 11:13:27.943217][UC][I] Set PosixStore::TimeoutMs to 30000. [3679543,3679543][posix_store.cc:101,ShowConfig]
[2026-03-25 11:13:27.943224][UC][I] Set PosixStore::DataDirShardBytes to 3. [3679543,3679543][posix_store.cc:102,ShowConfig]
[2026-03-25 11:13:27.943331][UC][I] Using kv_connector_extra_config from terminal input [3679543,3679543][utils.py:81,_load_config]
[2026-03-25 11:13:27.943373][UC][I] Using UCM with config: {'ucm_connectors': [{'ucm_connector_name': 'UcmPipelineStore', 'ucm_connector_config': {'store_pipeline': 'Posix', 'storage_backends': '/home/w2938/test/ucm_kvcache_perf', 'io_direct': False, 'posix_data_trans_concurrency': 32, 'posix_lookup_concurrency': 32}}]} [3679543,3679543][utils.py:89,get_config]
[2026-03-25 11:13:28.368239][UC][I] request_id: 0, total_blocks_num: 6, hit hbm: 0, hit external: 0 [3679543,3679543][ucm_connector.py:326,get_num_new_matched_tokens]
[2026-03-25 11:16:44.081548][UC][I] request_id: 10, total_blocks_num: 6, hit hbm: 0, hit external: 0 [3679543,3679543][ucm_connector.py:326,get_num_new_matched_tokens]
