[2026-03-25 19:55:36.765144][UC][I] Logger initialized successfully [3895014,3895014][__init__.py:48,<module>]
[2026-03-25 19:55:40.067940][UC][I] CPU device is available. [3895014,3895014][ucm_connector.py:114,__init__]
[2026-03-25 19:55:40.069953][UC][I] Loaded UCM config from /home/w2938/unified-cache-management/test/test_ucm_config.yaml [3895014,3895014][utils.py:54,load_ucm_config_from_yaml]
[2026-03-25 19:55:40.070012][UC][I] Using UCM with config: {'ucm_connectors': [{'ucm_connector_name': 'UcmNfsStore', 'ucm_connector_config': {'storage_backends': '/home/w2938/model', 'io_direct': False}}]} [3895014,3895014][utils.py:89,get_config]
[2026-03-25 19:55:40.070045][UC][I] self.launch_config: {'ucm_connectors': [{'ucm_connector_name': 'UcmNfsStore', 'ucm_connector_config': {'storage_backends': '/home/w2938/model', 'io_direct': False}}]} [3895014,3895014][ucm_connector.py:135,__init__]
[2026-03-25 19:55:40.071521][UC][I] Loaded UCM config from /home/w2938/unified-cache-management/test/test_ucm_config.yaml [3895014,3895014][utils.py:54,load_ucm_config_from_yaml]
[2026-03-25 19:55:40.071568][UC][I] Using UCM with config: {'ucm_connectors': [{'ucm_connector_name': 'UcmNfsStore', 'ucm_connector_config': {'storage_backends': '/home/w2938/model', 'io_direct': False}}]} [3895014,3895014][utils.py:89,get_config]
[2026-03-25 19:55:42.375394][UC][I] kv cache shape torch.Size([2, 4681, 8192]) [3895014,3895014][ucm_connector.py:249,register_kv_caches]
[2026-03-25 19:55:42.375461][UC][I] use mla: False, use dsa: False [3895014,3895014][ucm_connector.py:259,register_kv_caches]
[2026-03-25 19:55:42.376141][UC][I] create UcmNfsStore with config: {'storage_backends': ['/home/w2938/model/kv'], 'io_direct': False, 'share_buffer_enable': False, 'unique_id': 'bf6b21be-c9b2-4e56-8a52-375ea0ed0d5e', 'device_id': 0, 'tensor_size': 16384, 'shard_size': 917504, 'block_size': 917504, 'local_rank_size': 1} [3895014,3895014][ucm_connector.py:227,_create_store]
[2026-03-25 19:55:42.380246][UC][I] Creating connector with name: UcmNfsStore [3895014,3895014][factory_v1.py:56,create_connector]
[2026-03-25 19:55:43.272963][UC][I] PcStore-(Release). [3895014,3895014][pcstore.cc:89,ShowConfig]
[2026-03-25 19:55:43.273016][UC][I] Set UC::StorageBackends to ["/home/w2938/model/kv"]. [3895014,3895014][pcstore.cc:90,ShowConfig]
[2026-03-25 19:55:43.273024][UC][I] Set UC::BlockSize to 917504. [3895014,3895014][pcstore.cc:91,ShowConfig]
[2026-03-25 19:55:43.273029][UC][I] Set UC::TransferEnable to true. [3895014,3895014][pcstore.cc:92,ShowConfig]
[2026-03-25 19:55:43.273035][UC][I] Set UC::UniqueId to bf6b21be-c9b2-4e56-8a52-375ea0ed0d5e. [3895014,3895014][pcstore.cc:93,ShowConfig]
[2026-03-25 19:55:43.273040][UC][I] Set UC::IoSize to 16384. [3895014,3895014][pcstore.cc:94,ShowConfig]
[2026-03-25 19:55:43.273046][UC][I] Set UC::IoDirect to false. [3895014,3895014][pcstore.cc:95,ShowConfig]
[2026-03-25 19:55:43.273052][UC][I] Set UC::LocalRankSize to 1. [3895014,3895014][pcstore.cc:96,ShowConfig]
[2026-03-25 19:55:43.273056][UC][I] Set UC::DeviceId to 0. [3895014,3895014][pcstore.cc:97,ShowConfig]
[2026-03-25 19:55:43.273062][UC][I] Set UC::StreamNumber to 8. [3895014,3895014][pcstore.cc:98,ShowConfig]
[2026-03-25 19:55:43.273067][UC][I] Set UC::BufferNumber to 4096. [3895014,3895014][pcstore.cc:99,ShowConfig]
[2026-03-25 19:55:43.273077][UC][I] Set UC::TimeoutMs to 30000. [3895014,3895014][pcstore.cc:100,ShowConfig]
[2026-03-25 19:55:43.273083][UC][I] Set UC::ScatterGatherEnable to false. [3895014,3895014][pcstore.cc:101,ShowConfig]
[2026-03-25 19:55:43.273088][UC][I] Set UC::ShardDataDir to true. [3895014,3895014][pcstore.cc:102,ShowConfig]
[2026-03-25 19:55:50.610072][UC][I] CPU device is available. [3895014,3895014][ucm_connector.py:114,__init__]
[2026-03-25 19:55:50.612872][UC][I] Loaded UCM config from /home/w2938/unified-cache-management/test/test_ucm_config.yaml [3895014,3895014][utils.py:54,load_ucm_config_from_yaml]
[2026-03-25 19:55:50.612943][UC][I] Using UCM with config: {'ucm_connectors': [{'ucm_connector_name': 'UcmNfsStore', 'ucm_connector_config': {'storage_backends': '/home/w2938/model', 'io_direct': False}}]} [3895014,3895014][utils.py:89,get_config]
[2026-03-25 19:55:50.613018][UC][I] self.launch_config: {'ucm_connectors': [{'ucm_connector_name': 'UcmNfsStore', 'ucm_connector_config': {'storage_backends': '/home/w2938/model', 'io_direct': False}}]} [3895014,3895014][ucm_connector.py:135,__init__]
[2026-03-25 19:55:50.613198][UC][I] create UcmNfsStore with config: {'storage_backends': ['/home/w2938/model/kv'], 'io_direct': False, 'share_buffer_enable': False, 'unique_id': 'bf6b21be-c9b2-4e56-8a52-375ea0ed0d5e'} [3895014,3895014][ucm_connector.py:227,_create_store]
[2026-03-25 19:55:50.613237][UC][I] Creating connector with name: UcmNfsStore [3895014,3895014][factory_v1.py:56,create_connector]
[2026-03-25 19:55:50.613384][UC][I] PcStore-(Release). [3895014,3895014][pcstore.cc:89,ShowConfig]
[2026-03-25 19:55:50.613399][UC][I] Set UC::StorageBackends to ["/home/w2938/model/kv"]. [3895014,3895014][pcstore.cc:90,ShowConfig]
[2026-03-25 19:55:50.613405][UC][I] Set UC::BlockSize to 0. [3895014,3895014][pcstore.cc:91,ShowConfig]
[2026-03-25 19:55:50.613412][UC][I] Set UC::TransferEnable to false. [3895014,3895014][pcstore.cc:92,ShowConfig]
[2026-03-25 19:55:50.613418][UC][I] Set UC::UniqueId to bf6b21be-c9b2-4e56-8a52-375ea0ed0d5e. [3895014,3895014][pcstore.cc:93,ShowConfig]
[2026-03-25 19:55:50.613424][UC][I] Set UC::IoSize to 262144. [3895014,3895014][pcstore.cc:94,ShowConfig]
[2026-03-25 19:55:50.613430][UC][I] Set UC::IoDirect to false. [3895014,3895014][pcstore.cc:95,ShowConfig]
[2026-03-25 19:55:50.613436][UC][I] Set UC::LocalRankSize to 1. [3895014,3895014][pcstore.cc:96,ShowConfig]
[2026-03-25 19:55:50.613442][UC][I] Set UC::DeviceId to -1. [3895014,3895014][pcstore.cc:97,ShowConfig]
[2026-03-25 19:55:50.613447][UC][I] Set UC::StreamNumber to 8. [3895014,3895014][pcstore.cc:98,ShowConfig]
[2026-03-25 19:55:50.613453][UC][I] Set UC::BufferNumber to 4096. [3895014,3895014][pcstore.cc:99,ShowConfig]
[2026-03-25 19:55:50.613459][UC][I] Set UC::TimeoutMs to 30000. [3895014,3895014][pcstore.cc:100,ShowConfig]
[2026-03-25 19:55:50.613465][UC][I] Set UC::ScatterGatherEnable to false. [3895014,3895014][pcstore.cc:101,ShowConfig]
[2026-03-25 19:55:50.613471][UC][I] Set UC::ShardDataDir to true. [3895014,3895014][pcstore.cc:102,ShowConfig]
[2026-03-25 19:55:50.615446][UC][I] Loaded UCM config from /home/w2938/unified-cache-management/test/test_ucm_config.yaml [3895014,3895014][utils.py:54,load_ucm_config_from_yaml]
[2026-03-25 19:55:50.615496][UC][I] Using UCM with config: {'ucm_connectors': [{'ucm_connector_name': 'UcmNfsStore', 'ucm_connector_config': {'storage_backends': '/home/w2938/model', 'io_direct': False}}]} [3895014,3895014][utils.py:89,get_config]
[2026-03-25 19:57:14.429423][UC][I] request_id: chatcmpl-90e1fc087731444aa08eee478a8f2cf8, total_blocks_num: 8, hit hbm: 0, hit external: 0 [3895014,3895014][ucm_connector.py:326,get_num_new_matched_tokens]
[2026-03-25 19:57:40.827045][UC][I] request_id: chatcmpl-14933b4bba6a4eafbe69084e37853791, total_blocks_num: 8, hit hbm: 0, hit external: 8 [3895014,3895014][ucm_connector.py:326,get_num_new_matched_tokens]
