[2026-03-19 15:05:41.767271][UC][I] Logger initialized successfully [1101475,1101475][__init__.py:48,<module>]
[2026-03-19 15:05:55.830817][UC][I] CPU device is available. [1101475,1101475][ucm_connector.py:114,__init__]
[2026-03-19 15:05:55.830886][UC][I] Using kv_connector_extra_config from terminal input [1101475,1101475][utils.py:81,_load_config]
[2026-03-19 15:05:55.830924][UC][I] Using UCM with config: {'ucm_connectors': [{'ucm_connector_name': 'UcmPipelineStore', 'ucm_connector_config': {'store_pipeline': 'Posix', 'storage_backends': '/home/w2938/test/ucm_kvcache_perf', 'io_direct': False, 'posix_data_trans_concurrency': 32, 'posix_lookup_concurrency': 32}}]} [1101475,1101475][utils.py:89,get_config]
[2026-03-19 15:05:55.830954][UC][I] self.launch_config: {'ucm_connectors': [{'ucm_connector_name': 'UcmPipelineStore', 'ucm_connector_config': {'store_pipeline': 'Posix', 'storage_backends': '/home/w2938/test/ucm_kvcache_perf', 'io_direct': False, 'posix_data_trans_concurrency': 32, 'posix_lookup_concurrency': 32}}]} [1101475,1101475][ucm_connector.py:135,__init__]
[2026-03-19 15:05:55.831010][UC][I] Using kv_connector_extra_config from terminal input [1101475,1101475][utils.py:81,_load_config]
[2026-03-19 15:05:55.831043][UC][I] Using UCM with config: {'ucm_connectors': [{'ucm_connector_name': 'UcmPipelineStore', 'ucm_connector_config': {'store_pipeline': 'Posix', 'storage_backends': '/home/w2938/test/ucm_kvcache_perf', 'io_direct': False, 'posix_data_trans_concurrency': 32, 'posix_lookup_concurrency': 32}}]} [1101475,1101475][utils.py:89,get_config]
[2026-03-19 15:05:58.145177][UC][I] kv cache shape torch.Size([2, 4681, 8192]) [1101475,1101475][ucm_connector.py:249,register_kv_caches]
[2026-03-19 15:05:58.145248][UC][I] use mla: False, use dsa: False [1101475,1101475][ucm_connector.py:259,register_kv_caches]
[2026-03-19 15:05:58.145974][UC][I] create UcmPipelineStore with config: {'store_pipeline': 'Posix', 'storage_backends': ['/home/w2938/test/ucm_kvcache_perf/kv'], 'io_direct': False, 'posix_data_trans_concurrency': 32, 'posix_lookup_concurrency': 32, 'share_buffer_enable': False, 'unique_id': '6e55ce56-ecac-4945-b3bb-525bc7c61cc6', 'device_id': 0, 'tensor_size': 16384, 'shard_size': 917504, 'block_size': 917504, 'local_rank_size': 1} [1101475,1101475][ucm_connector.py:227,_create_store]
[2026-03-19 15:05:58.149342][UC][I] Creating connector with name: UcmPipelineStore [1101475,1101475][factory_v1.py:56,create_connector]
[2026-03-19 15:05:58.243920][UC][I] PosixStore-(Release). [1101475,1101475][posix_store.cc:92,ShowConfig]
[2026-03-19 15:05:58.243957][UC][I] Set PosixStore::StorageBackends to ["/home/w2938/test/ucm_kvcache_perf/kv"]. [1101475,1101475][posix_store.cc:93,ShowConfig]
[2026-03-19 15:05:58.243966][UC][I] Set PosixStore::DeviceId to 0. [1101475,1101475][posix_store.cc:94,ShowConfig]
[2026-03-19 15:05:58.243973][UC][I] Set PosixStore::TensorSize to 16384. [1101475,1101475][posix_store.cc:95,ShowConfig]
[2026-03-19 15:05:58.243979][UC][I] Set PosixStore::ShardSize to 917504. [1101475,1101475][posix_store.cc:96,ShowConfig]
[2026-03-19 15:05:58.243985][UC][I] Set PosixStore::BlockSize to 917504. [1101475,1101475][posix_store.cc:97,ShowConfig]
[2026-03-19 15:05:58.243991][UC][I] Set PosixStore::IoDirect to false. [1101475,1101475][posix_store.cc:98,ShowConfig]
[2026-03-19 15:05:58.243997][UC][I] Set PosixStore::DataTransConcurrency to 32. [1101475,1101475][posix_store.cc:99,ShowConfig]
[2026-03-19 15:05:58.244003][UC][I] Set PosixStore::LookupConcurrency to 32. [1101475,1101475][posix_store.cc:100,ShowConfig]
[2026-03-19 15:05:58.244009][UC][I] Set PosixStore::TimeoutMs to 30000. [1101475,1101475][posix_store.cc:101,ShowConfig]
[2026-03-19 15:05:58.244015][UC][I] Set PosixStore::DataDirShardBytes to 3. [1101475,1101475][posix_store.cc:102,ShowConfig]
[2026-03-19 15:06:23.224791][UC][I] CPU device is available. [1101475,1101475][ucm_connector.py:114,__init__]
[2026-03-19 15:06:23.224834][UC][I] Using kv_connector_extra_config from terminal input [1101475,1101475][utils.py:81,_load_config]
[2026-03-19 15:06:23.224866][UC][I] Using UCM with config: {'ucm_connectors': [{'ucm_connector_name': 'UcmPipelineStore', 'ucm_connector_config': {'store_pipeline': 'Posix', 'storage_backends': '/home/w2938/test/ucm_kvcache_perf', 'io_direct': False, 'posix_data_trans_concurrency': 32, 'posix_lookup_concurrency': 32}}]} [1101475,1101475][utils.py:89,get_config]
[2026-03-19 15:06:23.224930][UC][I] self.launch_config: {'ucm_connectors': [{'ucm_connector_name': 'UcmPipelineStore', 'ucm_connector_config': {'store_pipeline': 'Posix', 'storage_backends': '/home/w2938/test/ucm_kvcache_perf', 'io_direct': False, 'posix_data_trans_concurrency': 32, 'posix_lookup_concurrency': 32}}]} [1101475,1101475][ucm_connector.py:135,__init__]
[2026-03-19 15:06:23.225107][UC][I] create UcmPipelineStore with config: {'store_pipeline': 'Posix', 'storage_backends': ['/home/w2938/test/ucm_kvcache_perf/kv'], 'io_direct': False, 'posix_data_trans_concurrency': 32, 'posix_lookup_concurrency': 32, 'share_buffer_enable': False, 'unique_id': '6e55ce56-ecac-4945-b3bb-525bc7c61cc6'} [1101475,1101475][ucm_connector.py:227,_create_store]
[2026-03-19 15:06:23.225149][UC][I] Creating connector with name: UcmPipelineStore [1101475,1101475][factory_v1.py:56,create_connector]
[2026-03-19 15:06:23.234915][UC][I] PosixStore-(Release). [1101475,1101475][posix_store.cc:92,ShowConfig]
[2026-03-19 15:06:23.234950][UC][I] Set PosixStore::StorageBackends to ["/home/w2938/test/ucm_kvcache_perf/kv"]. [1101475,1101475][posix_store.cc:93,ShowConfig]
[2026-03-19 15:06:23.234957][UC][I] Set PosixStore::DeviceId to -1. [1101475,1101475][posix_store.cc:94,ShowConfig]
[2026-03-19 15:06:23.234962][UC][I] Set PosixStore::TensorSize to 0. [1101475,1101475][posix_store.cc:95,ShowConfig]
[2026-03-19 15:06:23.234968][UC][I] Set PosixStore::ShardSize to 0. [1101475,1101475][posix_store.cc:96,ShowConfig]
[2026-03-19 15:06:23.234976][UC][I] Set PosixStore::BlockSize to 0. [1101475,1101475][posix_store.cc:97,ShowConfig]
[2026-03-19 15:06:23.234982][UC][I] Set PosixStore::IoDirect to false. [1101475,1101475][posix_store.cc:98,ShowConfig]
[2026-03-19 15:06:23.234988][UC][I] Set PosixStore::DataTransConcurrency to 32. [1101475,1101475][posix_store.cc:99,ShowConfig]
[2026-03-19 15:06:23.234993][UC][I] Set PosixStore::LookupConcurrency to 32. [1101475,1101475][posix_store.cc:100,ShowConfig]
[2026-03-19 15:06:23.234998][UC][I] Set PosixStore::TimeoutMs to 30000. [1101475,1101475][posix_store.cc:101,ShowConfig]
[2026-03-19 15:06:23.235004][UC][I] Set PosixStore::DataDirShardBytes to 3. [1101475,1101475][posix_store.cc:102,ShowConfig]
[2026-03-19 15:06:23.235101][UC][I] Using kv_connector_extra_config from terminal input [1101475,1101475][utils.py:81,_load_config]
[2026-03-19 15:06:23.235145][UC][I] Using UCM with config: {'ucm_connectors': [{'ucm_connector_name': 'UcmPipelineStore', 'ucm_connector_config': {'store_pipeline': 'Posix', 'storage_backends': '/home/w2938/test/ucm_kvcache_perf', 'io_direct': False, 'posix_data_trans_concurrency': 32, 'posix_lookup_concurrency': 32}}]} [1101475,1101475][utils.py:89,get_config]
[2026-03-19 15:06:23.877626][UC][I] request_id: 0, total_blocks_num: 37, hit hbm: 0, hit external: 0 [1101475,1101475][ucm_connector.py:326,get_num_new_matched_tokens]
[2026-03-19 15:13:50.985582][UC][I] request_id: 10, total_blocks_num: 37, hit hbm: 0, hit external: 0 [1101475,1101475][ucm_connector.py:326,get_num_new_matched_tokens]
[2026-03-19 15:15:23.781975][UC][I] request_id: 12, total_blocks_num: 37, hit hbm: 36, hit external: 0 [1101475,1101475][ucm_connector.py:326,get_num_new_matched_tokens]
[2026-03-19 15:15:23.782704][UC][I] request_id: 13, total_blocks_num: 37, hit hbm: 36, hit external: 0 [1101475,1101475][ucm_connector.py:326,get_num_new_matched_tokens]
[2026-03-19 15:15:23.783364][UC][I] request_id: 14, total_blocks_num: 37, hit hbm: 36, hit external: 0 [1101475,1101475][ucm_connector.py:326,get_num_new_matched_tokens]
[2026-03-19 15:15:23.784048][UC][I] request_id: 15, total_blocks_num: 37, hit hbm: 36, hit external: 0 [1101475,1101475][ucm_connector.py:326,get_num_new_matched_tokens]
[2026-03-19 15:15:23.784734][UC][I] request_id: 16, total_blocks_num: 37, hit hbm: 36, hit external: 0 [1101475,1101475][ucm_connector.py:326,get_num_new_matched_tokens]
[2026-03-19 15:15:23.785370][UC][I] request_id: 17, total_blocks_num: 37, hit hbm: 36, hit external: 0 [1101475,1101475][ucm_connector.py:326,get_num_new_matched_tokens]
[2026-03-19 15:15:23.786000][UC][I] request_id: 18, total_blocks_num: 37, hit hbm: 36, hit external: 0 [1101475,1101475][ucm_connector.py:326,get_num_new_matched_tokens]
[2026-03-19 15:15:23.787931][UC][I] request_id: 19, total_blocks_num: 37, hit hbm: 36, hit external: 0 [1101475,1101475][ucm_connector.py:326,get_num_new_matched_tokens]
[2026-03-19 15:15:23.788609][UC][I] request_id: 20, total_blocks_num: 37, hit hbm: 36, hit external: 0 [1101475,1101475][ucm_connector.py:326,get_num_new_matched_tokens]
