[2026-03-18 14:09:33.477369][UC][I] Logger initialized successfully [985684,985684][__init__.py:48,<module>]
[2026-03-18 14:09:43.768438][UC][I] CPU device is available. [985684,985684][ucm_connector.py:114,__init__]
[2026-03-18 14:09:43.768497][UC][I] Using kv_connector_extra_config from terminal input [985684,985684][utils.py:81,_load_config]
[2026-03-18 14:09:43.768534][UC][I] Using UCM with config: {'ucm_connectors': [{'ucm_connector_name': 'UcmPipelineStore', 'ucm_connector_config': {'store_pipeline': 'Posix', 'storage_backends': '/home/w2938/test/ucm_kvcache_qwen7b', 'io_direct': False, 'posix_data_trans_concurrency': 16, 'posix_lookup_concurrency': 16}}]} [985684,985684][utils.py:89,get_config]
[2026-03-18 14:09:43.768564][UC][I] self.launch_config: {'ucm_connectors': [{'ucm_connector_name': 'UcmPipelineStore', 'ucm_connector_config': {'store_pipeline': 'Posix', 'storage_backends': '/home/w2938/test/ucm_kvcache_qwen7b', 'io_direct': False, 'posix_data_trans_concurrency': 16, 'posix_lookup_concurrency': 16}}]} [985684,985684][ucm_connector.py:135,__init__]
[2026-03-18 14:09:55.997395][UC][I] kv cache shape torch.Size([2, 3415, 4, 128, 128]) [985684,985684][ucm_connector.py:249,register_kv_caches]
[2026-03-18 14:09:55.997478][UC][I] use mla: False, use dsa: False [985684,985684][ucm_connector.py:259,register_kv_caches]
[2026-03-18 14:09:55.998047][UC][I] create UcmPipelineStore with config: {'store_pipeline': 'Posix', 'storage_backends': ['/home/w2938/test/ucm_kvcache_qwen7b/kv'], 'io_direct': False, 'posix_data_trans_concurrency': 16, 'posix_lookup_concurrency': 16, 'share_buffer_enable': False, 'unique_id': 'fc63c20a-2951-4899-ac78-e6091620f962', 'device_id': 0, 'tensor_size': 131072, 'shard_size': 7340032, 'block_size': 7340032, 'local_rank_size': 1} [985684,985684][ucm_connector.py:227,_create_store]
[2026-03-18 14:09:56.679793][UC][I] Creating connector with name: UcmPipelineStore [985684,985684][factory_v1.py:56,create_connector]
[2026-03-18 14:09:56.823993][UC][I] PosixStore-(Release). [985684,985684][posix_store.cc:92,ShowConfig]
[2026-03-18 14:09:56.824029][UC][I] Set PosixStore::StorageBackends to ["/home/w2938/test/ucm_kvcache_qwen7b/kv"]. [985684,985684][posix_store.cc:93,ShowConfig]
[2026-03-18 14:09:56.824038][UC][I] Set PosixStore::DeviceId to 0. [985684,985684][posix_store.cc:94,ShowConfig]
[2026-03-18 14:09:56.824050][UC][I] Set PosixStore::TensorSize to 131072. [985684,985684][posix_store.cc:95,ShowConfig]
[2026-03-18 14:09:56.824056][UC][I] Set PosixStore::ShardSize to 7340032. [985684,985684][posix_store.cc:96,ShowConfig]
[2026-03-18 14:09:56.824063][UC][I] Set PosixStore::BlockSize to 7340032. [985684,985684][posix_store.cc:97,ShowConfig]
[2026-03-18 14:09:56.824071][UC][I] Set PosixStore::IoDirect to false. [985684,985684][posix_store.cc:98,ShowConfig]
[2026-03-18 14:09:56.824079][UC][I] Set PosixStore::DataTransConcurrency to 16. [985684,985684][posix_store.cc:99,ShowConfig]
[2026-03-18 14:09:56.824088][UC][I] Set PosixStore::LookupConcurrency to 16. [985684,985684][posix_store.cc:100,ShowConfig]
[2026-03-18 14:09:56.824096][UC][I] Set PosixStore::TimeoutMs to 30000. [985684,985684][posix_store.cc:101,ShowConfig]
[2026-03-18 14:09:56.824104][UC][I] Set PosixStore::DataDirShardBytes to 3. [985684,985684][posix_store.cc:102,ShowConfig]
[2026-03-18 14:10:48.284560][UC][I] CPU device is available. [985684,985684][ucm_connector.py:114,__init__]
[2026-03-18 14:10:48.284600][UC][I] Using kv_connector_extra_config from terminal input [985684,985684][utils.py:81,_load_config]
[2026-03-18 14:10:48.284632][UC][I] Using UCM with config: {'ucm_connectors': [{'ucm_connector_name': 'UcmPipelineStore', 'ucm_connector_config': {'store_pipeline': 'Posix', 'storage_backends': '/home/w2938/test/ucm_kvcache_qwen7b', 'io_direct': False, 'posix_data_trans_concurrency': 16, 'posix_lookup_concurrency': 16}}]} [985684,985684][utils.py:89,get_config]
[2026-03-18 14:10:48.284659][UC][I] self.launch_config: {'ucm_connectors': [{'ucm_connector_name': 'UcmPipelineStore', 'ucm_connector_config': {'store_pipeline': 'Posix', 'storage_backends': '/home/w2938/test/ucm_kvcache_qwen7b', 'io_direct': False, 'posix_data_trans_concurrency': 16, 'posix_lookup_concurrency': 16}}]} [985684,985684][ucm_connector.py:135,__init__]
[2026-03-18 14:10:48.303426][UC][I] create UcmPipelineStore with config: {'store_pipeline': 'Posix', 'storage_backends': ['/home/w2938/test/ucm_kvcache_qwen7b/kv'], 'io_direct': False, 'posix_data_trans_concurrency': 16, 'posix_lookup_concurrency': 16, 'share_buffer_enable': False, 'unique_id': 'fc63c20a-2951-4899-ac78-e6091620f962'} [985684,985684][ucm_connector.py:227,_create_store]
[2026-03-18 14:10:48.303479][UC][I] Creating connector with name: UcmPipelineStore [985684,985684][factory_v1.py:56,create_connector]
[2026-03-18 14:10:48.310659][UC][I] PosixStore-(Release). [985684,985684][posix_store.cc:92,ShowConfig]
[2026-03-18 14:10:48.310683][UC][I] Set PosixStore::StorageBackends to ["/home/w2938/test/ucm_kvcache_qwen7b/kv"]. [985684,985684][posix_store.cc:93,ShowConfig]
[2026-03-18 14:10:48.310690][UC][I] Set PosixStore::DeviceId to -1. [985684,985684][posix_store.cc:94,ShowConfig]
[2026-03-18 14:10:48.310696][UC][I] Set PosixStore::TensorSize to 0. [985684,985684][posix_store.cc:95,ShowConfig]
[2026-03-18 14:10:48.310702][UC][I] Set PosixStore::ShardSize to 0. [985684,985684][posix_store.cc:96,ShowConfig]
[2026-03-18 14:10:48.310707][UC][I] Set PosixStore::BlockSize to 0. [985684,985684][posix_store.cc:97,ShowConfig]
[2026-03-18 14:10:48.310712][UC][I] Set PosixStore::IoDirect to false. [985684,985684][posix_store.cc:98,ShowConfig]
[2026-03-18 14:10:48.310717][UC][I] Set PosixStore::DataTransConcurrency to 16. [985684,985684][posix_store.cc:99,ShowConfig]
[2026-03-18 14:10:48.310725][UC][I] Set PosixStore::LookupConcurrency to 16. [985684,985684][posix_store.cc:100,ShowConfig]
[2026-03-18 14:10:48.310731][UC][I] Set PosixStore::TimeoutMs to 30000. [985684,985684][posix_store.cc:101,ShowConfig]
[2026-03-18 14:10:48.310735][UC][I] Set PosixStore::DataDirShardBytes to 3. [985684,985684][posix_store.cc:102,ShowConfig]
