[2026-03-26 15:45:25.861813][UC][I] Logger initialized successfully [161224,161224][__init__.py:48,<module>]
[2026-03-26 15:45:30.244881][UC][I] CPU device is available. [161224,161224][ucm_connector.py:114,__init__]
[2026-03-26 15:45:30.246926][UC][I] Loaded UCM config from /home/w2938/unified-cache-management/test/test_ucm_config.yaml [161224,161224][utils.py:54,load_ucm_config_from_yaml]
[2026-03-26 15:45:30.246986][UC][I] Using UCM with config: {'ucm_connectors': [{'ucm_connector_name': 'UcmNfsStore', 'ucm_connector_config': {'storage_backends': '/home/w2938/ucm_cache', 'io_direct': False}}]} [161224,161224][utils.py:89,get_config]
[2026-03-26 15:45:30.247018][UC][I] self.launch_config: {'ucm_connectors': [{'ucm_connector_name': 'UcmNfsStore', 'ucm_connector_config': {'storage_backends': '/home/w2938/ucm_cache', 'io_direct': False}}]} [161224,161224][ucm_connector.py:135,__init__]
[2026-03-26 15:45:30.248500][UC][I] Loaded UCM config from /home/w2938/unified-cache-management/test/test_ucm_config.yaml [161224,161224][utils.py:54,load_ucm_config_from_yaml]
[2026-03-26 15:45:30.248547][UC][I] Using UCM with config: {'ucm_connectors': [{'ucm_connector_name': 'UcmNfsStore', 'ucm_connector_config': {'storage_backends': '/home/w2938/ucm_cache', 'io_direct': False}}]} [161224,161224][utils.py:89,get_config]
[2026-03-26 15:45:32.553831][UC][I] kv cache shape torch.Size([2, 4681, 8192]) [161224,161224][ucm_connector.py:249,register_kv_caches]
[2026-03-26 15:45:32.553898][UC][I] use mla: False, use dsa: False [161224,161224][ucm_connector.py:259,register_kv_caches]
[2026-03-26 15:45:32.554597][UC][I] create UcmNfsStore with config: {'storage_backends': ['/home/w2938/ucm_cache/kv'], 'io_direct': False, 'share_buffer_enable': False, 'unique_id': '05b95599-810b-44dd-b112-53ce4b14cd32', 'device_id': 0, 'tensor_size': 16384, 'shard_size': 917504, 'block_size': 917504, 'local_rank_size': 1} [161224,161224][ucm_connector.py:227,_create_store]
[2026-03-26 15:45:32.558743][UC][I] Creating connector with name: UcmNfsStore [161224,161224][factory_v1.py:56,create_connector]
[2026-03-26 15:45:33.452845][UC][I] PcStore-(Release). [161224,161224][pcstore.cc:89,ShowConfig]
[2026-03-26 15:45:33.452889][UC][I] Set UC::StorageBackends to ["/home/w2938/ucm_cache/kv"]. [161224,161224][pcstore.cc:90,ShowConfig]
[2026-03-26 15:45:33.452897][UC][I] Set UC::BlockSize to 917504. [161224,161224][pcstore.cc:91,ShowConfig]
[2026-03-26 15:45:33.452902][UC][I] Set UC::TransferEnable to true. [161224,161224][pcstore.cc:92,ShowConfig]
[2026-03-26 15:45:33.452907][UC][I] Set UC::UniqueId to 05b95599-810b-44dd-b112-53ce4b14cd32. [161224,161224][pcstore.cc:93,ShowConfig]
[2026-03-26 15:45:33.452912][UC][I] Set UC::IoSize to 16384. [161224,161224][pcstore.cc:94,ShowConfig]
[2026-03-26 15:45:33.452918][UC][I] Set UC::IoDirect to false. [161224,161224][pcstore.cc:95,ShowConfig]
[2026-03-26 15:45:33.452925][UC][I] Set UC::LocalRankSize to 1. [161224,161224][pcstore.cc:96,ShowConfig]
[2026-03-26 15:45:33.452931][UC][I] Set UC::DeviceId to 0. [161224,161224][pcstore.cc:97,ShowConfig]
[2026-03-26 15:45:33.452937][UC][I] Set UC::StreamNumber to 8. [161224,161224][pcstore.cc:98,ShowConfig]
[2026-03-26 15:45:33.452941][UC][I] Set UC::BufferNumber to 4096. [161224,161224][pcstore.cc:99,ShowConfig]
[2026-03-26 15:45:33.452946][UC][I] Set UC::TimeoutMs to 30000. [161224,161224][pcstore.cc:100,ShowConfig]
[2026-03-26 15:45:33.452952][UC][I] Set UC::ScatterGatherEnable to false. [161224,161224][pcstore.cc:101,ShowConfig]
[2026-03-26 15:45:33.452956][UC][I] Set UC::ShardDataDir to true. [161224,161224][pcstore.cc:102,ShowConfig]
[2026-03-26 15:45:40.788343][UC][I] CPU device is available. [161224,161224][ucm_connector.py:114,__init__]
[2026-03-26 15:45:40.791134][UC][I] Loaded UCM config from /home/w2938/unified-cache-management/test/test_ucm_config.yaml [161224,161224][utils.py:54,load_ucm_config_from_yaml]
[2026-03-26 15:45:40.791203][UC][I] Using UCM with config: {'ucm_connectors': [{'ucm_connector_name': 'UcmNfsStore', 'ucm_connector_config': {'storage_backends': '/home/w2938/ucm_cache', 'io_direct': False}}]} [161224,161224][utils.py:89,get_config]
[2026-03-26 15:45:40.791290][UC][I] self.launch_config: {'ucm_connectors': [{'ucm_connector_name': 'UcmNfsStore', 'ucm_connector_config': {'storage_backends': '/home/w2938/ucm_cache', 'io_direct': False}}]} [161224,161224][ucm_connector.py:135,__init__]
[2026-03-26 15:45:40.791469][UC][I] create UcmNfsStore with config: {'storage_backends': ['/home/w2938/ucm_cache/kv'], 'io_direct': False, 'share_buffer_enable': False, 'unique_id': '05b95599-810b-44dd-b112-53ce4b14cd32'} [161224,161224][ucm_connector.py:227,_create_store]
[2026-03-26 15:45:40.791505][UC][I] Creating connector with name: UcmNfsStore [161224,161224][factory_v1.py:56,create_connector]
[2026-03-26 15:45:40.791590][UC][I] PcStore-(Release). [161224,161224][pcstore.cc:89,ShowConfig]
[2026-03-26 15:45:40.791604][UC][I] Set UC::StorageBackends to ["/home/w2938/ucm_cache/kv"]. [161224,161224][pcstore.cc:90,ShowConfig]
[2026-03-26 15:45:40.791611][UC][I] Set UC::BlockSize to 0. [161224,161224][pcstore.cc:91,ShowConfig]
[2026-03-26 15:45:40.791617][UC][I] Set UC::TransferEnable to false. [161224,161224][pcstore.cc:92,ShowConfig]
[2026-03-26 15:45:40.791623][UC][I] Set UC::UniqueId to 05b95599-810b-44dd-b112-53ce4b14cd32. [161224,161224][pcstore.cc:93,ShowConfig]
[2026-03-26 15:45:40.791629][UC][I] Set UC::IoSize to 262144. [161224,161224][pcstore.cc:94,ShowConfig]
[2026-03-26 15:45:40.791635][UC][I] Set UC::IoDirect to false. [161224,161224][pcstore.cc:95,ShowConfig]
[2026-03-26 15:45:40.791641][UC][I] Set UC::LocalRankSize to 1. [161224,161224][pcstore.cc:96,ShowConfig]
[2026-03-26 15:45:40.791647][UC][I] Set UC::DeviceId to -1. [161224,161224][pcstore.cc:97,ShowConfig]
[2026-03-26 15:45:40.791653][UC][I] Set UC::StreamNumber to 8. [161224,161224][pcstore.cc:98,ShowConfig]
[2026-03-26 15:45:40.791658][UC][I] Set UC::BufferNumber to 4096. [161224,161224][pcstore.cc:99,ShowConfig]
[2026-03-26 15:45:40.791664][UC][I] Set UC::TimeoutMs to 30000. [161224,161224][pcstore.cc:100,ShowConfig]
[2026-03-26 15:45:40.791670][UC][I] Set UC::ScatterGatherEnable to false. [161224,161224][pcstore.cc:101,ShowConfig]
[2026-03-26 15:45:40.791676][UC][I] Set UC::ShardDataDir to true. [161224,161224][pcstore.cc:102,ShowConfig]
[2026-03-26 15:45:40.793656][UC][I] Loaded UCM config from /home/w2938/unified-cache-management/test/test_ucm_config.yaml [161224,161224][utils.py:54,load_ucm_config_from_yaml]
[2026-03-26 15:45:40.793705][UC][I] Using UCM with config: {'ucm_connectors': [{'ucm_connector_name': 'UcmNfsStore', 'ucm_connector_config': {'storage_backends': '/home/w2938/ucm_cache', 'io_direct': False}}]} [161224,161224][utils.py:89,get_config]
[2026-03-26 15:46:03.375888][UC][I] request_id: cmpl-6db4cb6b21bb4b9999007fff52dcb013-0, total_blocks_num: 6, hit hbm: 0, hit external: 0 [161224,161224][ucm_connector.py:326,get_num_new_matched_tokens]
[2026-03-26 15:46:53.217206][UC][I] request_id: cmpl-31cbbdc1675940759e759af0be6fdc4f-0, total_blocks_num: 6, hit hbm: 0, hit external: 6 [161224,161224][ucm_connector.py:326,get_num_new_matched_tokens]
