[2026-03-26 11:55:46.209709][UC][I] Logger initialized successfully [64429,64429][__init__.py:48,<module>]
[2026-03-26 11:55:50.330078][UC][I] CPU device is available. [64429,64429][ucm_connector.py:114,__init__]
[2026-03-26 11:55:50.332124][UC][I] Loaded UCM config from /home/w2938/unified-cache-management/test/test_ucm_config.yaml [64429,64429][utils.py:54,load_ucm_config_from_yaml]
[2026-03-26 11:55:50.332185][UC][I] Using UCM with config: {'ucm_connectors': [{'ucm_connector_name': 'UcmNfsStore', 'ucm_connector_config': {'storage_backends': '/home/w2938/model', 'io_direct': False}}]} [64429,64429][utils.py:89,get_config]
[2026-03-26 11:55:50.332219][UC][I] self.launch_config: {'ucm_connectors': [{'ucm_connector_name': 'UcmNfsStore', 'ucm_connector_config': {'storage_backends': '/home/w2938/model', 'io_direct': False}}]} [64429,64429][ucm_connector.py:135,__init__]
[2026-03-26 11:55:50.333744][UC][I] Loaded UCM config from /home/w2938/unified-cache-management/test/test_ucm_config.yaml [64429,64429][utils.py:54,load_ucm_config_from_yaml]
[2026-03-26 11:55:50.333795][UC][I] Using UCM with config: {'ucm_connectors': [{'ucm_connector_name': 'UcmNfsStore', 'ucm_connector_config': {'storage_backends': '/home/w2938/model', 'io_direct': False}}]} [64429,64429][utils.py:89,get_config]
[2026-03-26 11:55:52.635985][UC][I] kv cache shape torch.Size([2, 4681, 8192]) [64429,64429][ucm_connector.py:249,register_kv_caches]
[2026-03-26 11:55:52.636048][UC][I] use mla: False, use dsa: False [64429,64429][ucm_connector.py:259,register_kv_caches]
[2026-03-26 11:55:52.636731][UC][I] create UcmNfsStore with config: {'storage_backends': ['/home/w2938/model/kv'], 'io_direct': False, 'share_buffer_enable': False, 'unique_id': 'f68bed4d-fb59-486d-a38d-dc86b8a1bbbc', 'device_id': 0, 'tensor_size': 16384, 'shard_size': 917504, 'block_size': 917504, 'local_rank_size': 1} [64429,64429][ucm_connector.py:227,_create_store]
[2026-03-26 11:55:52.640748][UC][I] Creating connector with name: UcmNfsStore [64429,64429][factory_v1.py:56,create_connector]
[2026-03-26 11:55:53.533488][UC][I] PcStore-(Release). [64429,64429][pcstore.cc:89,ShowConfig]
[2026-03-26 11:55:53.533533][UC][I] Set UC::StorageBackends to ["/home/w2938/model/kv"]. [64429,64429][pcstore.cc:90,ShowConfig]
[2026-03-26 11:55:53.533540][UC][I] Set UC::BlockSize to 917504. [64429,64429][pcstore.cc:91,ShowConfig]
[2026-03-26 11:55:53.533546][UC][I] Set UC::TransferEnable to true. [64429,64429][pcstore.cc:92,ShowConfig]
[2026-03-26 11:55:53.533551][UC][I] Set UC::UniqueId to f68bed4d-fb59-486d-a38d-dc86b8a1bbbc. [64429,64429][pcstore.cc:93,ShowConfig]
[2026-03-26 11:55:53.533557][UC][I] Set UC::IoSize to 16384. [64429,64429][pcstore.cc:94,ShowConfig]
[2026-03-26 11:55:53.533561][UC][I] Set UC::IoDirect to false. [64429,64429][pcstore.cc:95,ShowConfig]
[2026-03-26 11:55:53.533567][UC][I] Set UC::LocalRankSize to 1. [64429,64429][pcstore.cc:96,ShowConfig]
[2026-03-26 11:55:53.533572][UC][I] Set UC::DeviceId to 0. [64429,64429][pcstore.cc:97,ShowConfig]
[2026-03-26 11:55:53.533577][UC][I] Set UC::StreamNumber to 8. [64429,64429][pcstore.cc:98,ShowConfig]
[2026-03-26 11:55:53.533583][UC][I] Set UC::BufferNumber to 4096. [64429,64429][pcstore.cc:99,ShowConfig]
[2026-03-26 11:55:53.533587][UC][I] Set UC::TimeoutMs to 30000. [64429,64429][pcstore.cc:100,ShowConfig]
[2026-03-26 11:55:53.533593][UC][I] Set UC::ScatterGatherEnable to false. [64429,64429][pcstore.cc:101,ShowConfig]
[2026-03-26 11:55:53.533599][UC][I] Set UC::ShardDataDir to true. [64429,64429][pcstore.cc:102,ShowConfig]
[2026-03-26 11:56:00.866094][UC][I] CPU device is available. [64429,64429][ucm_connector.py:114,__init__]
[2026-03-26 11:56:00.868871][UC][I] Loaded UCM config from /home/w2938/unified-cache-management/test/test_ucm_config.yaml [64429,64429][utils.py:54,load_ucm_config_from_yaml]
[2026-03-26 11:56:00.868939][UC][I] Using UCM with config: {'ucm_connectors': [{'ucm_connector_name': 'UcmNfsStore', 'ucm_connector_config': {'storage_backends': '/home/w2938/model', 'io_direct': False}}]} [64429,64429][utils.py:89,get_config]
[2026-03-26 11:56:00.868965][UC][I] self.launch_config: {'ucm_connectors': [{'ucm_connector_name': 'UcmNfsStore', 'ucm_connector_config': {'storage_backends': '/home/w2938/model', 'io_direct': False}}]} [64429,64429][ucm_connector.py:135,__init__]
[2026-03-26 11:56:00.869183][UC][I] create UcmNfsStore with config: {'storage_backends': ['/home/w2938/model/kv'], 'io_direct': False, 'share_buffer_enable': False, 'unique_id': 'f68bed4d-fb59-486d-a38d-dc86b8a1bbbc'} [64429,64429][ucm_connector.py:227,_create_store]
[2026-03-26 11:56:00.869219][UC][I] Creating connector with name: UcmNfsStore [64429,64429][factory_v1.py:56,create_connector]
[2026-03-26 11:56:00.869318][UC][I] PcStore-(Release). [64429,64429][pcstore.cc:89,ShowConfig]
[2026-03-26 11:56:00.869332][UC][I] Set UC::StorageBackends to ["/home/w2938/model/kv"]. [64429,64429][pcstore.cc:90,ShowConfig]
[2026-03-26 11:56:00.869339][UC][I] Set UC::BlockSize to 0. [64429,64429][pcstore.cc:91,ShowConfig]
[2026-03-26 11:56:00.869346][UC][I] Set UC::TransferEnable to false. [64429,64429][pcstore.cc:92,ShowConfig]
[2026-03-26 11:56:00.869352][UC][I] Set UC::UniqueId to f68bed4d-fb59-486d-a38d-dc86b8a1bbbc. [64429,64429][pcstore.cc:93,ShowConfig]
[2026-03-26 11:56:00.869358][UC][I] Set UC::IoSize to 262144. [64429,64429][pcstore.cc:94,ShowConfig]
[2026-03-26 11:56:00.869364][UC][I] Set UC::IoDirect to false. [64429,64429][pcstore.cc:95,ShowConfig]
[2026-03-26 11:56:00.869370][UC][I] Set UC::LocalRankSize to 1. [64429,64429][pcstore.cc:96,ShowConfig]
[2026-03-26 11:56:00.869376][UC][I] Set UC::DeviceId to -1. [64429,64429][pcstore.cc:97,ShowConfig]
[2026-03-26 11:56:00.869382][UC][I] Set UC::StreamNumber to 8. [64429,64429][pcstore.cc:98,ShowConfig]
[2026-03-26 11:56:00.869388][UC][I] Set UC::BufferNumber to 4096. [64429,64429][pcstore.cc:99,ShowConfig]
[2026-03-26 11:56:00.869395][UC][I] Set UC::TimeoutMs to 30000. [64429,64429][pcstore.cc:100,ShowConfig]
[2026-03-26 11:56:00.869401][UC][I] Set UC::ScatterGatherEnable to false. [64429,64429][pcstore.cc:101,ShowConfig]
[2026-03-26 11:56:00.869407][UC][I] Set UC::ShardDataDir to true. [64429,64429][pcstore.cc:102,ShowConfig]
[2026-03-26 11:56:00.871368][UC][I] Loaded UCM config from /home/w2938/unified-cache-management/test/test_ucm_config.yaml [64429,64429][utils.py:54,load_ucm_config_from_yaml]
[2026-03-26 11:56:00.871418][UC][I] Using UCM with config: {'ucm_connectors': [{'ucm_connector_name': 'UcmNfsStore', 'ucm_connector_config': {'storage_backends': '/home/w2938/model', 'io_direct': False}}]} [64429,64429][utils.py:89,get_config]
[2026-03-26 11:56:17.783776][UC][I] request_id: chatcmpl-d4f3d2da840245cda5fe3263d340a350, total_blocks_num: 4, hit hbm: 0, hit external: 0 [64429,64429][ucm_connector.py:326,get_num_new_matched_tokens]
[2026-03-26 11:56:53.094327][UC][I] request_id: chatcmpl-e72b46309ea2442e86b19a1e5cf74a1e, total_blocks_num: 14, hit hbm: 1, hit external: 0 [64429,64429][ucm_connector.py:326,get_num_new_matched_tokens]
[2026-03-26 11:56:53.095332][UC][I] request_id: chatcmpl-c4cb18c7727440de984c180d0c053283, total_blocks_num: 14, hit hbm: 1, hit external: 0 [64429,64429][ucm_connector.py:326,get_num_new_matched_tokens]
[2026-03-26 11:56:53.095918][UC][I] request_id: chatcmpl-35099b3cf97b4db69a40d0024a08645b, total_blocks_num: 14, hit hbm: 1, hit external: 0 [64429,64429][ucm_connector.py:326,get_num_new_matched_tokens]
[2026-03-26 11:56:53.096496][UC][I] request_id: chatcmpl-16cb9593265a466cb847e638e564b811, total_blocks_num: 14, hit hbm: 1, hit external: 0 [64429,64429][ucm_connector.py:326,get_num_new_matched_tokens]
