[2026-03-26 15:56:59.830806][UC][I] Logger initialized successfully [166635,166635][__init__.py:48,<module>]
[2026-03-26 15:57:04.547115][UC][I] CPU device is available. [166635,166635][ucm_connector.py:114,__init__]
[2026-03-26 15:57:04.549121][UC][I] Loaded UCM config from /home/w2938/unified-cache-management/test/test_ucm_config.yaml [166635,166635][utils.py:54,load_ucm_config_from_yaml]
[2026-03-26 15:57:04.549179][UC][I] Using UCM with config: {'ucm_connectors': [{'ucm_connector_name': 'UcmNfsStore', 'ucm_connector_config': {'storage_backends': '/home/w2938/ucm_cache', 'io_direct': False}}]} [166635,166635][utils.py:89,get_config]
[2026-03-26 15:57:04.549214][UC][I] self.launch_config: {'ucm_connectors': [{'ucm_connector_name': 'UcmNfsStore', 'ucm_connector_config': {'storage_backends': '/home/w2938/ucm_cache', 'io_direct': False}}]} [166635,166635][ucm_connector.py:135,__init__]
[2026-03-26 15:57:04.550695][UC][I] Loaded UCM config from /home/w2938/unified-cache-management/test/test_ucm_config.yaml [166635,166635][utils.py:54,load_ucm_config_from_yaml]
[2026-03-26 15:57:04.550742][UC][I] Using UCM with config: {'ucm_connectors': [{'ucm_connector_name': 'UcmNfsStore', 'ucm_connector_config': {'storage_backends': '/home/w2938/ucm_cache', 'io_direct': False}}]} [166635,166635][utils.py:89,get_config]
[2026-03-26 15:57:06.857124][UC][I] kv cache shape torch.Size([2, 4681, 8192]) [166635,166635][ucm_connector.py:249,register_kv_caches]
[2026-03-26 15:57:06.857193][UC][I] use mla: False, use dsa: False [166635,166635][ucm_connector.py:259,register_kv_caches]
[2026-03-26 15:57:06.857871][UC][I] create UcmNfsStore with config: {'storage_backends': ['/home/w2938/ucm_cache/kv'], 'io_direct': False, 'share_buffer_enable': False, 'unique_id': '58e5b109-4d8c-418b-8746-39d673602189', 'device_id': 0, 'tensor_size': 16384, 'shard_size': 917504, 'block_size': 917504, 'local_rank_size': 1} [166635,166635][ucm_connector.py:227,_create_store]
[2026-03-26 15:57:06.862037][UC][I] Creating connector with name: UcmNfsStore [166635,166635][factory_v1.py:56,create_connector]
[2026-03-26 15:57:07.755411][UC][I] PcStore-(Release). [166635,166635][pcstore.cc:89,ShowConfig]
[2026-03-26 15:57:07.755457][UC][I] Set UC::StorageBackends to ["/home/w2938/ucm_cache/kv"]. [166635,166635][pcstore.cc:90,ShowConfig]
[2026-03-26 15:57:07.755464][UC][I] Set UC::BlockSize to 917504. [166635,166635][pcstore.cc:91,ShowConfig]
[2026-03-26 15:57:07.755469][UC][I] Set UC::TransferEnable to true. [166635,166635][pcstore.cc:92,ShowConfig]
[2026-03-26 15:57:07.755475][UC][I] Set UC::UniqueId to 58e5b109-4d8c-418b-8746-39d673602189. [166635,166635][pcstore.cc:93,ShowConfig]
[2026-03-26 15:57:07.755482][UC][I] Set UC::IoSize to 16384. [166635,166635][pcstore.cc:94,ShowConfig]
[2026-03-26 15:57:07.755490][UC][I] Set UC::IoDirect to false. [166635,166635][pcstore.cc:95,ShowConfig]
[2026-03-26 15:57:07.755496][UC][I] Set UC::LocalRankSize to 1. [166635,166635][pcstore.cc:96,ShowConfig]
[2026-03-26 15:57:07.755500][UC][I] Set UC::DeviceId to 0. [166635,166635][pcstore.cc:97,ShowConfig]
[2026-03-26 15:57:07.755505][UC][I] Set UC::StreamNumber to 8. [166635,166635][pcstore.cc:98,ShowConfig]
[2026-03-26 15:57:07.755511][UC][I] Set UC::BufferNumber to 4096. [166635,166635][pcstore.cc:99,ShowConfig]
[2026-03-26 15:57:07.755515][UC][I] Set UC::TimeoutMs to 30000. [166635,166635][pcstore.cc:100,ShowConfig]
[2026-03-26 15:57:07.755521][UC][I] Set UC::ScatterGatherEnable to false. [166635,166635][pcstore.cc:101,ShowConfig]
[2026-03-26 15:57:07.755526][UC][I] Set UC::ShardDataDir to true. [166635,166635][pcstore.cc:102,ShowConfig]
[2026-03-26 15:57:15.092197][UC][I] CPU device is available. [166635,166635][ucm_connector.py:114,__init__]
[2026-03-26 15:57:15.095090][UC][I] Loaded UCM config from /home/w2938/unified-cache-management/test/test_ucm_config.yaml [166635,166635][utils.py:54,load_ucm_config_from_yaml]
[2026-03-26 15:57:15.095159][UC][I] Using UCM with config: {'ucm_connectors': [{'ucm_connector_name': 'UcmNfsStore', 'ucm_connector_config': {'storage_backends': '/home/w2938/ucm_cache', 'io_direct': False}}]} [166635,166635][utils.py:89,get_config]
[2026-03-26 15:57:15.095234][UC][I] self.launch_config: {'ucm_connectors': [{'ucm_connector_name': 'UcmNfsStore', 'ucm_connector_config': {'storage_backends': '/home/w2938/ucm_cache', 'io_direct': False}}]} [166635,166635][ucm_connector.py:135,__init__]
[2026-03-26 15:57:15.095429][UC][I] create UcmNfsStore with config: {'storage_backends': ['/home/w2938/ucm_cache/kv'], 'io_direct': False, 'share_buffer_enable': False, 'unique_id': '58e5b109-4d8c-418b-8746-39d673602189'} [166635,166635][ucm_connector.py:227,_create_store]
[2026-03-26 15:57:15.095467][UC][I] Creating connector with name: UcmNfsStore [166635,166635][factory_v1.py:56,create_connector]
[2026-03-26 15:57:15.095553][UC][I] PcStore-(Release). [166635,166635][pcstore.cc:89,ShowConfig]
[2026-03-26 15:57:15.095566][UC][I] Set UC::StorageBackends to ["/home/w2938/ucm_cache/kv"]. [166635,166635][pcstore.cc:90,ShowConfig]
[2026-03-26 15:57:15.095573][UC][I] Set UC::BlockSize to 0. [166635,166635][pcstore.cc:91,ShowConfig]
[2026-03-26 15:57:15.095579][UC][I] Set UC::TransferEnable to false. [166635,166635][pcstore.cc:92,ShowConfig]
[2026-03-26 15:57:15.095585][UC][I] Set UC::UniqueId to 58e5b109-4d8c-418b-8746-39d673602189. [166635,166635][pcstore.cc:93,ShowConfig]
[2026-03-26 15:57:15.095592][UC][I] Set UC::IoSize to 262144. [166635,166635][pcstore.cc:94,ShowConfig]
[2026-03-26 15:57:15.095599][UC][I] Set UC::IoDirect to false. [166635,166635][pcstore.cc:95,ShowConfig]
[2026-03-26 15:57:15.095605][UC][I] Set UC::LocalRankSize to 1. [166635,166635][pcstore.cc:96,ShowConfig]
[2026-03-26 15:57:15.095612][UC][I] Set UC::DeviceId to -1. [166635,166635][pcstore.cc:97,ShowConfig]
[2026-03-26 15:57:15.095618][UC][I] Set UC::StreamNumber to 8. [166635,166635][pcstore.cc:98,ShowConfig]
[2026-03-26 15:57:15.095624][UC][I] Set UC::BufferNumber to 4096. [166635,166635][pcstore.cc:99,ShowConfig]
[2026-03-26 15:57:15.095630][UC][I] Set UC::TimeoutMs to 30000. [166635,166635][pcstore.cc:100,ShowConfig]
[2026-03-26 15:57:15.095636][UC][I] Set UC::ScatterGatherEnable to false. [166635,166635][pcstore.cc:101,ShowConfig]
[2026-03-26 15:57:15.095642][UC][I] Set UC::ShardDataDir to true. [166635,166635][pcstore.cc:102,ShowConfig]
[2026-03-26 15:57:15.097636][UC][I] Loaded UCM config from /home/w2938/unified-cache-management/test/test_ucm_config.yaml [166635,166635][utils.py:54,load_ucm_config_from_yaml]
[2026-03-26 15:57:15.097685][UC][I] Using UCM with config: {'ucm_connectors': [{'ucm_connector_name': 'UcmNfsStore', 'ucm_connector_config': {'storage_backends': '/home/w2938/ucm_cache', 'io_direct': False}}]} [166635,166635][utils.py:89,get_config]
[2026-03-26 15:57:31.104311][UC][I] request_id: cmpl-1c7ec05efe4b4fc7993398aeb3ec3fc0-0, total_blocks_num: 6, hit hbm: 0, hit external: 0 [166635,166635][ucm_connector.py:326,get_num_new_matched_tokens]
[2026-03-26 15:58:21.006057][UC][I] request_id: cmpl-590f4479abe641099581c52e03f55324-0, total_blocks_num: 6, hit hbm: 0, hit external: 6 [166635,166635][ucm_connector.py:326,get_num_new_matched_tokens]
[2026-03-26 15:58:21.668967][UC][I] request_id: cmpl-a8c147cacd184aadb59539cd51ff183c-0, total_blocks_num: 6, hit hbm: 0, hit external: 0 [166635,166635][ucm_connector.py:326,get_num_new_matched_tokens]
[2026-03-26 15:58:21.669247][UC][I] request_id: cmpl-daf861333ead46e288cbe89cea5eab2d-0, total_blocks_num: 6, hit hbm: 0, hit external: 0 [166635,166635][ucm_connector.py:326,get_num_new_matched_tokens]
[2026-03-26 15:58:21.669474][UC][I] request_id: cmpl-5359df639892430d9f9c5aeb3abaccb5-0, total_blocks_num: 6, hit hbm: 0, hit external: 0 [166635,166635][ucm_connector.py:326,get_num_new_matched_tokens]
[2026-03-26 15:58:21.669686][UC][I] request_id: cmpl-13b3a945667b4b4ba8d220e7199054cd-0, total_blocks_num: 6, hit hbm: 0, hit external: 0 [166635,166635][ucm_connector.py:326,get_num_new_matched_tokens]
[2026-03-26 15:58:21.669892][UC][I] request_id: cmpl-6f0322e9d38d4e27a54983ed606503a0-0, total_blocks_num: 6, hit hbm: 0, hit external: 0 [166635,166635][ucm_connector.py:326,get_num_new_matched_tokens]
[2026-03-26 15:58:21.670164][UC][I] request_id: cmpl-601bf0bd077b42ffb7a4501b0f3bf04d-0, total_blocks_num: 6, hit hbm: 0, hit external: 0 [166635,166635][ucm_connector.py:326,get_num_new_matched_tokens]
[2026-03-26 15:58:21.670382][UC][I] request_id: cmpl-433ce652409947bf93f523e28eed2ab6-0, total_blocks_num: 6, hit hbm: 0, hit external: 0 [166635,166635][ucm_connector.py:326,get_num_new_matched_tokens]
